Archive member included to satisfy reference by file (symbol)

C:/Program Files (x86)/Arm/GNU Toolchain mingw-w64-i686-arm-none-eabi/bin/../lib/gcc/arm-none-eabi/15.3.1/thumb/v8-m.main+fp/hard\libgcc.a(_aeabi_uldivmod.o)
                              build/stm32h5xx_hal_uart.o (__aeabi_uldivmod)
C:/Program Files (x86)/Arm/GNU Toolchain mingw-w64-i686-arm-none-eabi/bin/../lib/gcc/arm-none-eabi/15.3.1/thumb/v8-m.main+fp/hard\libgcc.a(_udivmoddi4.o)
                              C:/Program Files (x86)/Arm/GNU Toolchain mingw-w64-i686-arm-none-eabi/bin/../lib/gcc/arm-none-eabi/15.3.1/thumb/v8-m.main+fp/hard\libgcc.a(_aeabi_uldivmod.o) (__udivmoddi4)
C:/Program Files (x86)/Arm/GNU Toolchain mingw-w64-i686-arm-none-eabi/bin/../lib/gcc/arm-none-eabi/15.3.1/thumb/v8-m.main+fp/hard\libgcc.a(_dvmd_tls.o)
                              C:/Program Files (x86)/Arm/GNU Toolchain mingw-w64-i686-arm-none-eabi/bin/../lib/gcc/arm-none-eabi/15.3.1/thumb/v8-m.main+fp/hard\libgcc.a(_aeabi_uldivmod.o) (__aeabi_ldiv0)
C:/Program Files (x86)/Arm/GNU Toolchain mingw-w64-i686-arm-none-eabi/bin/../lib/gcc/arm-none-eabi/15.3.1/../../../../arm-none-eabi/lib/thumb/v8-m.main+fp/hard\libc.a(libc_a-exit.o)
                              C:/Program Files (x86)/Arm/GNU Toolchain mingw-w64-i686-arm-none-eabi/bin/../lib/gcc/arm-none-eabi/15.3.1/../../../../arm-none-eabi/lib/thumb/v8-m.main+fp/hard/crt0.o (exit)
C:/Program Files (x86)/Arm/GNU Toolchain mingw-w64-i686-arm-none-eabi/bin/../lib/gcc/arm-none-eabi/15.3.1/../../../../arm-none-eabi/lib/thumb/v8-m.main+fp/hard\libc.a(libc_a-findfp.o)
                              C:/Program Files (x86)/Arm/GNU Toolchain mingw-w64-i686-arm-none-eabi/bin/../lib/gcc/arm-none-eabi/15.3.1/../../../../arm-none-eabi/lib/thumb/v8-m.main+fp/hard\libc.a(libc_a-exit.o) (__stdio_exit_handler)
C:/Program Files (x86)/Arm/GNU Toolchain mingw-w64-i686-arm-none-eabi/bin/../lib/gcc/arm-none-eabi/15.3.1/../../../../arm-none-eabi/lib/thumb/v8-m.main+fp/hard\libc.a(libc_a-fwalk.o)
                              C:/Program Files (x86)/Arm/GNU Toolchain mingw-w64-i686-arm-none-eabi/bin/../lib/gcc/arm-none-eabi/15.3.1/../../../../arm-none-eabi/lib/thumb/v8-m.main+fp/hard\libc.a(libc_a-findfp.o) (_fwalk_sglue)
C:/Program Files (x86)/Arm/GNU Toolchain mingw-w64-i686-arm-none-eabi/bin/../lib/gcc/arm-none-eabi/15.3.1/../../../../arm-none-eabi/lib/thumb/v8-m.main+fp/hard\libc.a(libc_a-stdio.o)
                              C:/Program Files (x86)/Arm/GNU Toolchain mingw-w64-i686-arm-none-eabi/bin/../lib/gcc/arm-none-eabi/15.3.1/../../../../arm-none-eabi/lib/thumb/v8-m.main+fp/hard\libc.a(libc_a-findfp.o) (__sread)
C:/Program Files (x86)/Arm/GNU Toolchain mingw-w64-i686-arm-none-eabi/bin/../lib/gcc/arm-none-eabi/15.3.1/../../../../arm-none-eabi/lib/thumb/v8-m.main+fp/hard\libc.a(libc_a-memset.o)
                              C:/Program Files (x86)/Arm/GNU Toolchain mingw-w64-i686-arm-none-eabi/bin/../lib/gcc/arm-none-eabi/15.3.1/../../../../arm-none-eabi/lib/thumb/v8-m.main+fp/hard/crt0.o (memset)
C:/Program Files (x86)/Arm/GNU Toolchain mingw-w64-i686-arm-none-eabi/bin/../lib/gcc/arm-none-eabi/15.3.1/../../../../arm-none-eabi/lib/thumb/v8-m.main+fp/hard\libc.a(libc_a-closer.o)
                              C:/Program Files (x86)/Arm/GNU Toolchain mingw-w64-i686-arm-none-eabi/bin/../lib/gcc/arm-none-eabi/15.3.1/../../../../arm-none-eabi/lib/thumb/v8-m.main+fp/hard\libc.a(libc_a-stdio.o) (_close_r)
C:/Program Files (x86)/Arm/GNU Toolchain mingw-w64-i686-arm-none-eabi/bin/../lib/gcc/arm-none-eabi/15.3.1/../../../../arm-none-eabi/lib/thumb/v8-m.main+fp/hard\libc.a(libc_a-reent.o)
                              C:/Program Files (x86)/Arm/GNU Toolchain mingw-w64-i686-arm-none-eabi/bin/../lib/gcc/arm-none-eabi/15.3.1/../../../../arm-none-eabi/lib/thumb/v8-m.main+fp/hard\libc.a(libc_a-closer.o) (errno)
C:/Program Files (x86)/Arm/GNU Toolchain mingw-w64-i686-arm-none-eabi/bin/../lib/gcc/arm-none-eabi/15.3.1/../../../../arm-none-eabi/lib/thumb/v8-m.main+fp/hard\libc.a(libc_a-impure.o)
                              C:/Program Files (x86)/Arm/GNU Toolchain mingw-w64-i686-arm-none-eabi/bin/../lib/gcc/arm-none-eabi/15.3.1/../../../../arm-none-eabi/lib/thumb/v8-m.main+fp/hard\libc.a(libc_a-reent.o) (_impure_ptr)
C:/Program Files (x86)/Arm/GNU Toolchain mingw-w64-i686-arm-none-eabi/bin/../lib/gcc/arm-none-eabi/15.3.1/../../../../arm-none-eabi/lib/thumb/v8-m.main+fp/hard\libc.a(libc_a-lseekr.o)
                              C:/Program Files (x86)/Arm/GNU Toolchain mingw-w64-i686-arm-none-eabi/bin/../lib/gcc/arm-none-eabi/15.3.1/../../../../arm-none-eabi/lib/thumb/v8-m.main+fp/hard\libc.a(libc_a-stdio.o) (_lseek_r)
C:/Program Files (x86)/Arm/GNU Toolchain mingw-w64-i686-arm-none-eabi/bin/../lib/gcc/arm-none-eabi/15.3.1/../../../../arm-none-eabi/lib/thumb/v8-m.main+fp/hard\libc.a(libc_a-readr.o)
[...]
Memory Configuration

Name             Origin             Length             Attributes
RAM              0x20000000         0x000a0000         xrw
FLASH            0x08000000         0x00200000         xr
*default*        0x00000000         0xffffffff

Linker script and memory map

LOAD C:/Program Files (x86)/Arm/GNU Toolchain mingw-w64-i686-arm-none-eabi/bin/../lib/gcc/arm-none-eabi/15.3.1/thumb/v8-m.main+fp/hard/crti.o
LOAD C:/Program Files (x86)/Arm/GNU Toolchain mingw-w64-i686-arm-none-eabi/bin/../lib/gcc/arm-none-eabi/15.3.1/thumb/v8-m.main+fp/hard/crtbegin.o
LOAD C:/Program Files (x86)/Arm/GNU Toolchain mingw-w64-i686-arm-none-eabi/bin/../lib/gcc/arm-none-eabi/15.3.1/../../../../arm-none-eabi/lib/thumb/v8-m.main+fp/hard/crt0.o
LOAD build/main.o
LOAD build/stm32h5xx_it.o
LOAD build/system_stm32h5xx.o
LOAD build/stm32h5xx_hal.o
LOAD build/stm32h5xx_hal_cortex.o
LOAD build/stm32h5xx_hal_gpio.o
LOAD build/stm32h5xx_hal_uart.o
LOAD build/stm32h5xx_hal_uart_ex.o
LOAD build/stm32h5xx_hal_rcc.o
LOAD build/stm32h5xx_hal_rcc_ex.o
LOAD build/stm32h5xx_hal_msp.o
LOAD build/stm32h5xx_hal_flash.o
LOAD build/stm32h5xx_hal_flash_ex.o
LOAD build/stm32h5xx_hal_dma.o
LOAD build/stm32h5xx_hal_dma_ex.o
LOAD build/stm32h5xx_hal_pwr.o
LOAD build/stm32h5xx_hal_pwr_ex.o
LOAD build/stm32h5xx_hal_exti.o
LOAD build/stm32h5xx_hal_eth.o
LOAD build/stm32h5xx_hal_eth_ex.o
LOAD build/stm32h5xx_hal_fdcan.o
LOAD build/stm32h5xx_hal_i2c.o
LOAD build/stm32h5xx_hal_i2c_ex.o
LOAD build/stm32h5xx_hal_icache.o
LOAD build/stm32h5xx_ll_sdmmc.o
LOAD build/stm32h5xx_ll_dlyb.o
LOAD build/stm32h5xx_hal_sd.o
LOAD build/stm32h5xx_hal_sd_ex.o
LOAD build/stm32h5xx_hal_mmc.o
LOAD build/stm32h5xx_hal_mmc_ex.o
LOAD build/stm32h5xx_hal_sdio.o
LOAD build/sysmem.o
LOAD build/syscalls.o
LOAD build/startup_stm32h563xx.o
START GROUP
LOAD C:/Program Files (x86)/Arm/GNU Toolchain mingw-w64-i686-arm-none-eabi/bin/../lib/gcc/arm-none-eabi/15.3.1/thumb/v8-m.main+fp/hard\libgcc.a
LOAD C:/Program Files (x86)/Arm/GNU Toolchain mingw-w64-i686-arm-none-eabi/bin/../lib/gcc/arm-none-eabi/15.3.1/../../../../arm-none-eabi/lib/thumb/v8-m.main+fp/hard\libc.a
END GROUP
LOAD C:/Program Files (x86)/Arm/GNU Toolchain mingw-w64-i686-arm-none-eabi/bin/../lib/gcc/arm-none-eabi/15.3.1/thumb/v8-m.main+fp/hard/crtend.o
LOAD C:/Program Files (x86)/Arm/GNU Toolchain mingw-w64-i686-arm-none-eabi/bin/../lib/gcc/arm-none-eabi/15.3.1/thumb/v8-m.main+fp/hard/crtn.o
                0x200a0000                        _estack = (ORIGIN (RAM) + LENGTH (RAM))
                0x2009fc00                        _sstack = (_estack - _Min_Stack_Size)
                0x00000200                        _Min_Heap_Size = 0x200
                0x00000400                        _Min_Stack_Size = 0x400

.isr_vector     0x08000000      0x24c
                0x08000000                        . = ALIGN (0x4)
 *(.isr_vector)
 .isr_vector    0x08000000      0x24c build/startup_stm32h563xx.o
                0x08000000                g_pfnVectors
                0x0800024c                        . = ALIGN (0x4)

.text           0x0800024c     0x88e4
                0x0800024c                        . = ALIGN (0x4)
 *(.text)
 .text          0x0800024c       0x30 C:/Program Files (x86)/Arm/GNU Toolchain mingw-w64-i686-arm-none-eabi/bin/../lib/gcc/arm-none-eabi/15.3.1/thumb/v8-m.main+fp/hard\libgcc.a(_aeabi_uldivmod.o)
                0x0800024c                __aeabi_uldivmod
 .text          0x0800027c        0x4 C:/Program Files (x86)/Arm/GNU Toolchain mingw-w64-i686-arm-none-eabi/bin/../lib/gcc/arm-none-eabi/15.3.1/thumb/v8-m.main+fp/hard\libgcc.a(_dvmd_tls.o)
                0x0800027c                __aeabi_idiv0
                0x0800027c                __aeabi_ldiv0
 *(.text*)
 .text.deregister_tm_clones
                0x08000280       0x1c C:/Program Files (x86)/Arm/GNU Toolchain mingw-w64-i686-arm-none-eabi/bin/../lib/gcc/arm-none-eabi/15.3.1/thumb/v8-m.main+fp/hard/crtbegin.o
 .text.register_tm_clones
                0x0800029c       0x28 C:/Program Files (x86)/Arm/GNU Toolchain mingw-w64-i686-arm-none-eabi/bin/../lib/gcc/arm-none-eabi/15.3.1/thumb/v8-m.main+fp/hard/crtbegin.o
 .text.__do_global_dtors_aux
                0x080002c4       0x28 C:/Program Files (x86)/Arm/GNU Toolchain mingw-w64-i686-arm-none-eabi/bin/../lib/gcc/arm-none-eabi/15.3.1/thumb/v8-m.main+fp/hard/crtbegin.o
 .text.frame_dummy
                0x080002ec       0x24 C:/Program Files (x86)/Arm/GNU Toolchain mingw-w64-i686-arm-none-eabi/bin/../lib/gcc/arm-none-eabi/15.3.1/thumb/v8-m.main+fp/hard/crtbegin.o
 .text.MPU_Config
                0x08000310       0x68 build/main.o
 .text.MX_GPIO_Init
                0x08000378       0xf4 build/main.o
 .text.MX_GPDMA1_Init
                0x0800046c       0x38 build/main.o
 .text.Error_Handler
                0x080004a4        0x4 build/main.o
                0x080004a4                Error_Handler
 .text.MX_ETH_Init
                0x080004a8       0x6c build/main.o
 .text.MX_FDCAN1_Init
                0x08000514       0x44 build/main.o
 .text.MX_I2C1_Init
                0x08000558       0x54 build/main.o
 .text.MX_I2C3_Init
                0x080005ac       0x54 build/main.o
 .text.MX_ICACHE_Init
                0x08000600       0x1a build/main.o
 *fill*         0x0800061a        0x2 
 .text.MX_USART1_UART_Init
                0x0800061c       0x60 build/main.o
 .text.MX_SDMMC1_SD_Init
                0x0800067c       0x28 build/main.o
 .text.SystemClock_Config
                0x080006a4       0xac build/main.o
                0x080006a4                SystemClock_Config
 .text.main     0x08000750       0x68 build/main.o
                0x08000750                main
 .text.NMI_Handler
                0x080007b8        0x2 build/stm32h5xx_it.o
                0x080007b8                NMI_Handler
 .text.HardFault_Handler
                0x080007ba        0x2 build/stm32h5xx_it.o
                0x080007ba                HardFault_Handler
 .text.MemManage_Handler
                0x080007bc        0x2 build/stm32h5xx_it.o
                0x080007bc                MemManage_Handler
 .text.BusFault_Handler
                0x080007be        0x2 build/stm32h5xx_it.o
                0x080007be                BusFault_Handler
 .text.UsageFault_Handler
                0x080007c0        0x2 build/stm32h5xx_it.o
                0x080007c0                UsageFault_Handler
 .text.SVC_Handler
                0x080007c2        0x2 build/stm32h5xx_it.o
                0x080007c2                SVC_Handler
 .text.DebugMon_Handler
                0x080007c4        0x2 build/stm32h5xx_it.o
                0x080007c4                DebugMon_Handler
 .text.PendSV_Handler
                0x080007c6        0x2 build/stm32h5xx_it.o
                0x080007c6                PendSV_Handler
 .text.SysTick_Handler
                0x080007c8        0x8 build/stm32h5xx_it.o
                0x080007c8                SysTick_Handler
 .text.GPDMA1_Channel0_IRQHandler
                0x080007d0       0x10 build/stm32h5xx_it.o
                0x080007d0                GPDMA1_Channel0_IRQHandler
 .text.USART1_IRQHandler
                0x080007e0       0x10 build/stm32h5xx_it.o
                0x080007e0                USART1_IRQHandler
 .text.SystemInit
                0x080007f0       0xa8 build/system_stm32h5xx.o
                0x080007f0                SystemInit
 .text.HAL_InitTick
                0x08000898       0xb4 build/stm32h5xx_hal.o
                0x08000898                HAL_InitTick
 .text.HAL_Init
                0x0800094c       0x48 build/stm32h5xx_hal.o
                0x0800094c                HAL_Init
 .text.HAL_IncTick
                0x08000994       0x18 build/stm32h5xx_hal.o
                0x08000994                HAL_IncTick
 .text.HAL_GetTick
                0x080009ac        0xc build/stm32h5xx_hal.o
                0x080009ac                HAL_GetTick
 .text.HAL_Delay
                0x080009b8       0x28 build/stm32h5xx_hal.o
                0x080009b8                HAL_Delay
 .text.HAL_SBS_ETHInterfaceSelect
                0x080009e0       0x18 build/stm32h5xx_hal.o
                0x080009e0                HAL_SBS_ETHInterfaceSelect
 .text.__NVIC_EnableIRQ
                0x080009f8       0x1c build/stm32h5xx_hal_cortex.o
 .text.__NVIC_SetPriority
                0x08000a14       0x28 build/stm32h5xx_hal_cortex.o
 .text.NVIC_EncodePriority
                0x08000a3c       0x46 build/stm32h5xx_hal_cortex.o
 .text.MPU_ConfigRegion
                0x08000a82       0x3c build/stm32h5xx_hal_cortex.o
 .text.MPU_ConfigMemoryAttributes
                0x08000abe       0x30 build/stm32h5xx_hal_cortex.o
 *fill*         0x08000aee        0x2 
 .text.HAL_NVIC_SetPriorityGrouping
                0x08000af0       0x24 build/stm32h5xx_hal_cortex.o
                0x08000af0                HAL_NVIC_SetPriorityGrouping
 .text.HAL_NVIC_SetPriority
                0x08000b14       0x20 build/stm32h5xx_hal_cortex.o
                0x08000b14                HAL_NVIC_SetPriority
 .text.HAL_NVIC_EnableIRQ
                0x08000b34        0x8 build/stm32h5xx_hal_cortex.o
                0x08000b34                HAL_NVIC_EnableIRQ
 .text.HAL_SYSTICK_Config
                0x08000b3c       0x20 build/stm32h5xx_hal_cortex.o
                0x08000b3c                HAL_SYSTICK_Config
 .text.HAL_SYSTICK_CLKSourceConfig
                0x08000b5c       0x80 build/stm32h5xx_hal_cortex.o
                0x08000b5c                HAL_SYSTICK_CLKSourceConfig
 .text.HAL_SYSTICK_GetCLKSourceConfig
                0x08000bdc       0x30 build/stm32h5xx_hal_cortex.o
                0x08000bdc                HAL_SYSTICK_GetCLKSourceConfig
 .text.HAL_MPU_Enable
                0x08000c0c       0x24 build/stm32h5xx_hal_cortex.o
                0x08000c0c                HAL_MPU_Enable
 .text.HAL_MPU_Disable
                0x08000c30       0x28 build/stm32h5xx_hal_cortex.o
                0x08000c30                HAL_MPU_Disable
 .text.HAL_MPU_ConfigRegion
                0x08000c58       0x10 build/stm32h5xx_hal_cortex.o
                0x08000c58                HAL_MPU_ConfigRegion
 .text.HAL_MPU_ConfigMemoryAttributes
                0x08000c68       0x10 build/stm32h5xx_hal_cortex.o
                0x08000c68                HAL_MPU_ConfigMemoryAttributes
 .text.HAL_GPIO_Init
                0x08000c78      0x180 build/stm32h5xx_hal_gpio.o
                0x08000c78                HAL_GPIO_Init
 .text.HAL_GPIO_WritePin
                0x08000df8        0xa build/stm32h5xx_hal_gpio.o
                0x08000df8                HAL_GPIO_WritePin
 .text.HAL_GPIO_TogglePin
                0x08000e02       0x12 build/stm32h5xx_hal_gpio.o
                0x08000e02                HAL_GPIO_TogglePin
 .text.UART_EndTxTransfer
                0x08000e14       0x32 build/stm32h5xx_hal_uart.o
 .text.UART_EndRxTransfer
                0x08000e46       0x56 build/stm32h5xx_hal_uart.o
 .text.HAL_UART_TxCpltCallback
                0x08000e9c        0x2 build/stm32h5xx_hal_uart.o
                0x08000e9c                HAL_UART_TxCpltCallback
 .text.UART_EndTransmit_IT
                0x08000e9e       0x22 build/stm32h5xx_hal_uart.o
 .text.HAL_UART_RxCpltCallback
                0x08000ec0        0x2 build/stm32h5xx_hal_uart.o
                0x08000ec0                HAL_UART_RxCpltCallback
 .text.HAL_UART_RxHalfCpltCallback
                0x08000ec2        0x2 build/stm32h5xx_hal_uart.o
                0x08000ec2                HAL_UART_RxHalfCpltCallback
 .text.HAL_UART_ErrorCallback
                0x08000ec4        0x2 build/stm32h5xx_hal_uart.o
                0x08000ec4                HAL_UART_ErrorCallback
 .text.UART_DMAError
                0x08000ec6       0x4e build/stm32h5xx_hal_uart.o
 .text.UART_DMAAbortOnError
                0x08000f14        0xa build/stm32h5xx_hal_uart.o
 .text.HAL_UARTEx_RxEventCallback
                0x08000f1e        0x2 build/stm32h5xx_hal_uart.o
                0x08000f1e                HAL_UARTEx_RxEventCallback
 .text.HAL_UART_IRQHandler
                0x08000f20      0x33c build/stm32h5xx_hal_uart.o
                0x08000f20                HAL_UART_IRQHandler
 .text.UART_DMARxHalfCplt
                0x0800125c       0x3e build/stm32h5xx_hal_uart.o
 .text.UART_DMAReceiveCplt
                0x0800129a       0x98 build/stm32h5xx_hal_uart.o
 *fill*         0x08001332        0x2 
 .text.UART_SetConfig
                0x08001334      0x228 build/stm32h5xx_hal_uart.o
                0x08001334                UART_SetConfig
 .text.UART_AdvFeatureConfig
                0x0800155c       0xca build/stm32h5xx_hal_uart.o
                0x0800155c                UART_AdvFeatureConfig
 .text.UART_WaitOnFlagUntilTimeout
                0x08001626       0x9c build/stm32h5xx_hal_uart.o
                0x08001626                UART_WaitOnFlagUntilTimeout
 .text.UART_CheckIdleState
                0x080016c2       0xc6 build/stm32h5xx_hal_uart.o
                0x080016c2                UART_CheckIdleState
 .text.HAL_UART_Init
                0x08001788       0x66 build/stm32h5xx_hal_uart.o
                0x08001788                HAL_UART_Init
 *fill*         0x080017ee        0x2 
 .text.UART_Start_Receive_DMA
                0x080017f0      0x104 build/stm32h5xx_hal_uart.o
                0x080017f0                UART_Start_Receive_DMA
 .text.HAL_UART_Receive_DMA
                0x080018f4       0x58 build/stm32h5xx_hal_uart.o
                0x080018f4                HAL_UART_Receive_DMA
 .text.UARTEx_SetNbDataToProcess
                0x0800194c       0x54 build/stm32h5xx_hal_uart_ex.o
 .text.HAL_UARTEx_WakeupCallback
                0x080019a0        0x2 build/stm32h5xx_hal_uart_ex.o
                0x080019a0                HAL_UARTEx_WakeupCallback
 .text.HAL_UARTEx_RxFifoFullCallback
                0x080019a2        0x2 build/stm32h5xx_hal_uart_ex.o
                0x080019a2                HAL_UARTEx_RxFifoFullCallback
 .text.HAL_UARTEx_TxFifoEmptyCallback
                0x080019a4        0x2 build/stm32h5xx_hal_uart_ex.o
                0x080019a4                HAL_UARTEx_TxFifoEmptyCallback
 .text.HAL_UARTEx_DisableFifoMode
                0x080019a6       0x3e build/stm32h5xx_hal_uart_ex.o
                0x080019a6                HAL_UARTEx_DisableFifoMode
 .text.HAL_UARTEx_SetTxFifoThreshold
                0x080019e4       0x4a build/stm32h5xx_hal_uart_ex.o
                0x080019e4                HAL_UARTEx_SetTxFifoThreshold
 .text.HAL_UARTEx_SetRxFifoThreshold
                0x08001a2e       0x4a build/stm32h5xx_hal_uart_ex.o
                0x08001a2e                HAL_UARTEx_SetRxFifoThreshold
 .text.HAL_RCC_GetSysClockFreq
                0x08001a78      0x1d0 build/stm32h5xx_hal_rcc.o
                0x08001a78                HAL_RCC_GetSysClockFreq
 .text.HAL_RCC_ClockConfig
                0x08001c48      0x298 build/stm32h5xx_hal_rcc.o
                0x08001c48                HAL_RCC_ClockConfig
 .text.HAL_RCC_GetHCLKFreq
                0x08001ee0       0x2c build/stm32h5xx_hal_rcc.o
                0x08001ee0                HAL_RCC_GetHCLKFreq
 .text.HAL_RCC_OscConfig
                0x08001f0c      0x68c build/stm32h5xx_hal_rcc.o
                0x08001f0c                HAL_RCC_OscConfig
 .text.HAL_RCC_GetPCLK1Freq
                0x08002598       0x24 build/stm32h5xx_hal_rcc.o
                0x08002598                HAL_RCC_GetPCLK1Freq
 .text.HAL_RCC_GetPCLK2Freq
                0x080025bc       0x24 build/stm32h5xx_hal_rcc.o
                0x080025bc                HAL_RCC_GetPCLK2Freq
 .text.HAL_RCC_GetPCLK3Freq
                0x080025e0       0x24 build/stm32h5xx_hal_rcc.o
                0x080025e0                HAL_RCC_GetPCLK3Freq
 .text.RCCEx_PLL2_Config
                0x08002604       0xdc build/stm32h5xx_hal_rcc_ex.o
 .text.RCCEx_PLL3_Config
                0x080026e0       0xdc build/stm32h5xx_hal_rcc_ex.o
 .text.HAL_RCCEx_PeriphCLKConfig
                0x080027bc     0x10f4 build/stm32h5xx_hal_rcc_ex.o
                0x080027bc                HAL_RCCEx_PeriphCLKConfig
 .text.HAL_RCCEx_GetPLL1ClockFreq
                0x080038b0      0x20c build/stm32h5xx_hal_rcc_ex.o
                0x080038b0                HAL_RCCEx_GetPLL1ClockFreq
 .text.HAL_RCCEx_GetPLL2ClockFreq
                0x08003abc      0x20c build/stm32h5xx_hal_rcc_ex.o
                0x08003abc                HAL_RCCEx_GetPLL2ClockFreq
 .text.HAL_RCCEx_GetPLL3ClockFreq
                0x08003cc8      0x20c build/stm32h5xx_hal_rcc_ex.o
                0x08003cc8                HAL_RCCEx_GetPLL3ClockFreq
 .text.HAL_RCCEx_GetPeriphCLKFreq
                0x08003ed4     0x1abc build/stm32h5xx_hal_rcc_ex.o
                0x08003ed4                HAL_RCCEx_GetPeriphCLKFreq
 .text.HAL_MspInit
                0x08005990        0x2 build/stm32h5xx_hal_msp.o
                0x08005990                HAL_MspInit
 *fill*         0x08005992        0x2 
 .text.HAL_ETH_MspInit
                0x08005994      0x108 build/stm32h5xx_hal_msp.o
                0x08005994                HAL_ETH_MspInit
 .text.HAL_FDCAN_MspInit
                0x08005a9c       0xa4 build/stm32h5xx_hal_msp.o
                0x08005a9c                HAL_FDCAN_MspInit
 .text.HAL_I2C_MspInit
                0x08005b40      0x144 build/stm32h5xx_hal_msp.o
                0x08005b40                HAL_I2C_MspInit
 .text.HAL_SD_MspInit
                0x08005c84       0xd0 build/stm32h5xx_hal_msp.o
                0x08005c84                HAL_SD_MspInit
 .text.HAL_UART_MspInit
                0x08005d54      0x158 build/stm32h5xx_hal_msp.o
                0x08005d54                HAL_UART_MspInit
 .text.DMA_SetConfig
                0x08005eac       0x2e build/stm32h5xx_hal_dma.o
 .text.HAL_DMA_Start_IT
                0x08005eda       0x82 build/stm32h5xx_hal_dma.o
                0x08005eda                HAL_DMA_Start_IT
 .text.HAL_DMA_Abort
                0x08005f5c       0xaa build/stm32h5xx_hal_dma.o
                0x08005f5c                HAL_DMA_Abort
 .text.HAL_DMA_Abort_IT
                0x08006006       0x2e build/stm32h5xx_hal_dma.o
                0x08006006                HAL_DMA_Abort_IT
 .text.HAL_DMA_IRQHandler
                0x08006034      0x1b0 build/stm32h5xx_hal_dma.o
                0x08006034                HAL_DMA_IRQHandler
 .text.HAL_DMA_ConfigChannelAttributes
                0x080061e4       0x46 build/stm32h5xx_hal_dma.o
                0x080061e4                HAL_DMA_ConfigChannelAttributes
 *fill*         0x0800622a        0x2 
 .text.DMA_List_Init
                0x0800622c      0x1b4 build/stm32h5xx_hal_dma_ex.o
 .text.DMA_List_BuildNode
                0x080063e0      0x1bc build/stm32h5xx_hal_dma_ex.o
 .text.DMA_List_CheckNodesBaseAddresses
                0x0800659c       0x56 build/stm32h5xx_hal_dma_ex.o
 .text.DMA_List_CheckNodesTypes
                0x080065f2       0x3e build/stm32h5xx_hal_dma_ex.o
 .text.DMA_List_GetCLLRNodeInfo
                0x08006630       0x2c build/stm32h5xx_hal_dma_ex.o
 .text.DMA_List_FindNode
                0x0800665c       0xc8 build/stm32h5xx_hal_dma_ex.o
 .text.HAL_DMAEx_List_Init
                0x08006724       0x5e build/stm32h5xx_hal_dma_ex.o
                0x08006724                HAL_DMAEx_List_Init
 .text.HAL_DMAEx_List_Start_IT
                0x08006782       0xd6 build/stm32h5xx_hal_dma_ex.o
                0x08006782                HAL_DMAEx_List_Start_IT
 .text.HAL_DMAEx_List_BuildNode
                0x08006858       0x16 build/stm32h5xx_hal_dma_ex.o
                0x08006858                HAL_DMAEx_List_BuildNode
 .text.HAL_DMAEx_List_InsertNode
                0x0800686e      0x11c build/stm32h5xx_hal_dma_ex.o
                0x0800686e                HAL_DMAEx_List_InsertNode
 .text.HAL_DMAEx_List_SetCircularMode
                0x0800698a       0x80 build/stm32h5xx_hal_dma_ex.o
                0x0800698a                HAL_DMAEx_List_SetCircularMode
 *fill*         0x08006a0a        0x2 
 .text.HAL_DMAEx_List_LinkQ
                0x08006a0c       0xd0 build/stm32h5xx_hal_dma_ex.o
                0x08006a0c                HAL_DMAEx_List_LinkQ
 .text.ETH_SetMACConfig
                0x08006adc      0x1c8 build/stm32h5xx_hal_eth.o
 .text.ETH_SetDMAConfig
                0x08006ca4       0xac build/stm32h5xx_hal_eth.o
 .text.ETH_MACDMAConfig
                0x08006d50       0xdc build/stm32h5xx_hal_eth.o
 .text.ETH_DMATxDescListInit
                0x08006e2c       0x58 build/stm32h5xx_hal_eth.o
 .text.ETH_DMARxDescListInit
                0x08006e84       0x6a build/stm32h5xx_hal_eth.o
 *fill*         0x08006eee        0x2 
 .text.HAL_ETH_SetMDIOClockRange
                0x08006ef0       0x68 build/stm32h5xx_hal_eth.o
                0x08006ef0                HAL_ETH_SetMDIOClockRange
 .text.HAL_ETH_Init
                0x08006f58      0x170 build/stm32h5xx_hal_eth.o
                0x08006f58                HAL_ETH_Init
 .text.FDCAN_CalcultateRamBlockAddresses
                0x080070c8       0x78 build/stm32h5xx_hal_fdcan.o
 .text.HAL_FDCAN_Init
                0x08007140      0x1d4 build/stm32h5xx_hal_fdcan.o
                0x08007140                HAL_FDCAN_Init
 .text.HAL_I2C_Init
                0x08007314       0xc8 build/stm32h5xx_hal_i2c.o
                0x08007314                HAL_I2C_Init
 .text.HAL_I2CEx_ConfigAnalogFilter
                0x080073dc       0x5a build/stm32h5xx_hal_i2c_ex.o
                0x080073dc                HAL_I2CEx_ConfigAnalogFilter
 .text.HAL_I2CEx_ConfigDigitalFilter
                0x08007436       0x56 build/stm32h5xx_hal_i2c_ex.o
                0x08007436                HAL_I2CEx_ConfigDigitalFilter
 .text.HAL_ICACHE_ConfigAssociativityMode
                0x0800748c       0x24 build/stm32h5xx_hal_icache.o
                0x0800748c                HAL_ICACHE_ConfigAssociativityMode
 .text.HAL_ICACHE_Enable
                0x080074b0       0x14 build/stm32h5xx_hal_icache.o
                0x080074b0                HAL_ICACHE_Enable
 .text.SDMMC_GetCmdError
                0x080074c4       0x40 build/stm32h5xx_ll_sdmmc.o
 .text.SDMMC_Init
                0x08007504       0x30 build/stm32h5xx_ll_sdmmc.o
                0x08007504                SDMMC_Init
 .text.SDMMC_ReadFIFO
                0x08007534        0x6 build/stm32h5xx_ll_sdmmc.o
                0x08007534                SDMMC_ReadFIFO
 .text.SDMMC_PowerState_ON
                0x0800753a        0xc build/stm32h5xx_ll_sdmmc.o
                0x0800753a                SDMMC_PowerState_ON
 .text.SDMMC_GetPowerState
                0x08007546        0x8 build/stm32h5xx_ll_sdmmc.o
                0x08007546                SDMMC_GetPowerState
 *fill*         0x0800754e        0x2 
 .text.SDMMC_SendCommand
                0x08007550       0x24 build/stm32h5xx_ll_sdmmc.o
                0x08007550                SDMMC_SendCommand
 .text.SDMMC_GetCommandResponse
                0x08007574        0x6 build/stm32h5xx_ll_sdmmc.o
                0x08007574                SDMMC_GetCommandResponse
 .text.SDMMC_GetResponse
                0x0800757a        0x6 build/stm32h5xx_ll_sdmmc.o
                0x0800757a                SDMMC_GetResponse
 .text.SDMMC_ConfigData
                0x08007580       0x24 build/stm32h5xx_ll_sdmmc.o
                0x08007580                SDMMC_ConfigData
 .text.SDMMC_CmdGoIdleState
                0x080075a4       0x26 build/stm32h5xx_ll_sdmmc.o
                0x080075a4                SDMMC_CmdGoIdleState
 *fill*         0x080075ca        0x2 
 .text.SDMMC_GetCmdResp1
                0x080075cc      0x160 build/stm32h5xx_ll_sdmmc.o
                0x080075cc                SDMMC_GetCmdResp1
 .text.SDMMC_CmdBlockLength
                0x0800772c       0x32 build/stm32h5xx_ll_sdmmc.o
                0x0800772c                SDMMC_CmdBlockLength
 .text.SDMMC_CmdSelDesel
                0x0800775e       0x32 build/stm32h5xx_ll_sdmmc.o
                0x0800775e                SDMMC_CmdSelDesel
 .text.SDMMC_CmdAppCommand
                0x08007790       0x32 build/stm32h5xx_ll_sdmmc.o
                0x08007790                SDMMC_CmdAppCommand
 .text.SDMMC_CmdBusWidth
                0x080077c2       0x32 build/stm32h5xx_ll_sdmmc.o
                0x080077c2                SDMMC_CmdBusWidth
 .text.SDMMC_CmdSendSCR
                0x080077f4       0x32 build/stm32h5xx_ll_sdmmc.o
                0x080077f4                SDMMC_CmdSendSCR
 .text.SDMMC_CmdSendStatus
                0x08007826       0x32 build/stm32h5xx_ll_sdmmc.o
                0x08007826                SDMMC_CmdSendStatus
 .text.SDMMC_CmdStatusRegister
                0x08007858       0x32 build/stm32h5xx_ll_sdmmc.o
                0x08007858                SDMMC_CmdStatusRegister
 *fill*         0x0800788a        0x2 
 .text.SDMMC_GetCmdResp2
                0x0800788c       0x60 build/stm32h5xx_ll_sdmmc.o
                0x0800788c                SDMMC_GetCmdResp2
 .text.SDMMC_CmdSendCID
                0x080078ec       0x2c build/stm32h5xx_ll_sdmmc.o
                0x080078ec                SDMMC_CmdSendCID
 .text.SDMMC_CmdSendCSD
                0x08007918       0x2c build/stm32h5xx_ll_sdmmc.o
                0x08007918                SDMMC_CmdSendCSD
 .text.SDMMC_GetCmdResp3
                0x08007944       0x54 build/stm32h5xx_ll_sdmmc.o
                0x08007944                SDMMC_GetCmdResp3
 .text.SDMMC_CmdAppOperCommand
                0x08007998       0x2c build/stm32h5xx_ll_sdmmc.o
                0x08007998                SDMMC_CmdAppOperCommand
 .text.SDMMC_GetCmdResp6
                0x080079c4       0xa8 build/stm32h5xx_ll_sdmmc.o
                0x080079c4                SDMMC_GetCmdResp6
 .text.SDMMC_CmdSetRelAdd
                0x08007a6c       0x32 build/stm32h5xx_ll_sdmmc.o
                0x08007a6c                SDMMC_CmdSetRelAdd
 *fill*         0x08007a9e        0x2 
 .text.SDMMC_GetCmdResp7
                0x08007aa0       0x68 build/stm32h5xx_ll_sdmmc.o
                0x08007aa0                SDMMC_GetCmdResp7
 .text.SDMMC_CmdOperCond
                0x08007b08       0x30 build/stm32h5xx_ll_sdmmc.o
                0x08007b08                SDMMC_CmdOperCond
 .text.SD_PowerON
                0x08007b38       0xcc build/stm32h5xx_hal_sd.o
 .text.SD_SendSDStatus
                0x08007c04      0x104 build/stm32h5xx_hal_sd.o
 .text.SD_FindSCR
                0x08007d08      0x108 build/stm32h5xx_hal_sd.o
 .text.SD_WideBus_Enable
                0x08007e10       0x4e build/stm32h5xx_hal_sd.o
 .text.SD_WideBus_Disable
                0x08007e5e       0x4e build/stm32h5xx_hal_sd.o
 .text.SD_SendStatus
                0x08007eac       0x2e build/stm32h5xx_hal_sd.o
 *fill*         0x08007eda        0x2 
 .text.HAL_SD_GetCardCSD
                0x08007edc      0x1b8 build/stm32h5xx_hal_sd.o
                0x08007edc                HAL_SD_GetCardCSD
 .text.SD_InitCard
                0x08008094       0xfc build/stm32h5xx_hal_sd.o
 .text.HAL_SD_InitCard
                0x08008190      0x100 build/stm32h5xx_hal_sd.o
                0x08008190                HAL_SD_InitCard
 .text.HAL_SD_GetCardStatus
                0x08008290       0xcc build/stm32h5xx_hal_sd.o
                0x08008290                HAL_SD_GetCardStatus
 .text.HAL_SD_ConfigWideBusOperation
                0x0800835c      0x18c build/stm32h5xx_hal_sd.o
                0x0800835c                HAL_SD_ConfigWideBusOperation
 .text.HAL_SD_GetCardState
                0x080084e8       0x22 build/stm32h5xx_hal_sd.o
                0x080084e8                HAL_SD_GetCardState
 .text.HAL_SD_Init
                0x0800850a       0xc6 build/stm32h5xx_hal_sd.o
                0x0800850a                HAL_SD_Init
 .text.Reset_Handler
                0x080085d0       0x5c build/startup_stm32h563xx.o
                0x080085d0                Reset_Handler
 .text.Default_Handler
                0x0800862c        0x2 build/startup_stm32h563xx.o
                0x0800862c                EXTI2_IRQHandler
                0x0800862c                TIM8_TRG_COM_IRQHandler
                0x0800862c                TIM8_CC_IRQHandler
                0x0800862c                EXTI5_IRQHandler
                0x0800862c                I3C1_ER_IRQHandler
                0x0800862c                UART8_IRQHandler
                0x0800862c                SPI4_IRQHandler
                0x0800862c                GPDMA2_Channel1_IRQHandler
                0x0800862c                FLASH_S_IRQHandler
                0x0800862c                EXTI13_IRQHandler
                0x0800862c                TIM1_CC_IRQHandler
                0x0800862c                GPDMA2_Channel3_IRQHandler
                0x0800862c                TAMP_IRQHandler
                0x0800862c                TIM6_IRQHandler
                0x0800862c                EXTI12_IRQHandler
                0x0800862c                CORDIC_IRQHandler
                0x0800862c                USB_DRD_FS_IRQHandler
                0x0800862c                EXTI3_IRQHandler
                0x0800862c                LPTIM4_IRQHandler
                0x0800862c                GPDMA1_Channel5_IRQHandler
                0x0800862c                EXTI8_IRQHandler
                0x0800862c                GPDMA2_Channel5_IRQHandler
                0x0800862c                LPTIM2_IRQHandler
                0x0800862c                I2C3_ER_IRQHandler
                0x0800862c                GPDMA2_Channel2_IRQHandler
                0x0800862c                USART10_IRQHandler
                0x0800862c                LPTIM3_IRQHandler
                0x0800862c                EXTI0_IRQHandler
                0x0800862c                I2C2_EV_IRQHandler
                0x0800862c                FPU_IRQHandler
                0x0800862c                GPDMA1_Channel3_IRQHandler
                0x0800862c                GPDMA1_Channel7_IRQHandler
                0x0800862c                FDCAN1_IT1_IRQHandler
                0x0800862c                RAMCFG_IRQHandler
                0x0800862c                DCACHE1_IRQHandler
                0x0800862c                SPI1_IRQHandler
                0x0800862c                OCTOSPI1_IRQHandler
                0x0800862c                GPDMA1_Channel2_IRQHandler
                0x0800862c                TIM8_UP_IRQHandler
                0x0800862c                RCC_S_IRQHandler
                0x0800862c                SAI2_IRQHandler
                0x0800862c                ADC1_IRQHandler
                0x0800862c                USART6_IRQHandler
                0x0800862c                EXTI15_IRQHandler
                0x0800862c                TIM17_IRQHandler
                0x0800862c                USART3_IRQHandler
                0x0800862c                RTC_IRQHandler
                0x0800862c                EXTI9_IRQHandler
                0x0800862c                LPTIM5_IRQHandler
                0x0800862c                UART5_IRQHandler
                0x0800862c                TIM4_IRQHandler
                0x0800862c                I2C1_EV_IRQHandler
                0x0800862c                GPDMA1_Channel1_IRQHandler
                0x0800862c                TIM16_IRQHandler
                0x0800862c                UART4_IRQHandler
                0x0800862c                SecureFault_Handler
                0x0800862c                TIM3_IRQHandler
                0x0800862c                RCC_IRQHandler
                0x0800862c                UART9_IRQHandler
                0x0800862c                TIM1_TRG_COM_IRQHandler
                0x0800862c                Default_Handler
                0x0800862c                FMAC_IRQHandler
                0x0800862c                CEC_IRQHandler
                0x0800862c                USART11_IRQHandler
                0x0800862c                TIM14_IRQHandler
                0x0800862c                TIM13_IRQHandler
                0x0800862c                GPDMA2_Channel4_IRQHandler
                0x0800862c                SPI5_IRQHandler
                0x0800862c                TIM12_IRQHandler
                0x0800862c                TIM7_IRQHandler
                0x0800862c                SDMMC1_IRQHandler
                0x0800862c                TIM5_IRQHandler
                0x0800862c                UCPD1_IRQHandler
                0x0800862c                I3C1_EV_IRQHandler
                0x0800862c                TIM15_IRQHandler
                0x0800862c                PVD_AVD_IRQHandler
                0x0800862c                I2C3_EV_IRQHandler
                0x0800862c                ETH_WKUP_IRQHandler
                0x0800862c                ADC2_IRQHandler
                0x0800862c                SPI2_IRQHandler
                0x0800862c                EXTI14_IRQHandler
                0x0800862c                EXTI11_IRQHandler
                0x0800862c                CRS_IRQHandler
                0x0800862c                EXTI4_IRQHandler
                0x0800862c                GPDMA2_Channel0_IRQHandler
                0x0800862c                RTC_S_IRQHandler
                0x0800862c                RNG_IRQHandler
                0x0800862c                FDCAN2_IT1_IRQHandler
                0x0800862c                ETH_IRQHandler
                0x0800862c                GPDMA2_Channel6_IRQHandler
                0x0800862c                TIM1_UP_IRQHandler
                0x0800862c                UART12_IRQHandler
                0x0800862c                WWDG_IRQHandler
                0x0800862c                SPI6_IRQHandler
                0x0800862c                I2C4_EV_IRQHandler
                0x0800862c                FDCAN2_IT0_IRQHandler
                0x0800862c                IWDG_IRQHandler
                0x0800862c                LPUART1_IRQHandler
                0x0800862c                FDCAN1_IT0_IRQHandler
                0x0800862c                TIM2_IRQHandler
                0x0800862c                GPDMA1_Channel4_IRQHandler
                0x0800862c                EXTI7_IRQHandler
                0x0800862c                TIM1_BRK_IRQHandler
                0x0800862c                EXTI1_IRQHandler
                0x0800862c                SDMMC2_IRQHandler
                0x0800862c                LPTIM6_IRQHandler
                0x0800862c                DAC1_IRQHandler
                0x0800862c                DTS_IRQHandler
                0x0800862c                UART7_IRQHandler
                0x0800862c                GTZC_IRQHandler
                0x0800862c                USART2_IRQHandler
                0x0800862c                GPDMA1_Channel6_IRQHandler
                0x0800862c                GPDMA2_Channel7_IRQHandler
                0x0800862c                I2C2_ER_IRQHandler
                0x0800862c                TIM8_BRK_IRQHandler
                0x0800862c                FLASH_IRQHandler
                0x0800862c                EXTI10_IRQHandler
                0x0800862c                SPI3_IRQHandler
                0x0800862c                I2C1_ER_IRQHandler
                0x0800862c                FMC_IRQHandler
                0x0800862c                EXTI6_IRQHandler
                0x0800862c                LPTIM1_IRQHandler
                0x0800862c                DCMI_PSSI_IRQHandler
                0x0800862c                I2C4_ER_IRQHandler
                0x0800862c                ICACHE_IRQHandler
                0x0800862c                SAI1_IRQHandler
                0x0800862c                HASH_IRQHandler
 *fill*         0x0800862e        0x2 
 .text.__udivmoddi4
                0x08008630      0x340 C:/Program Files (x86)/Arm/GNU Toolchain mingw-w64-i686-arm-none-eabi/bin/../lib/gcc/arm-none-eabi/15.3.1/thumb/v8-m.main+fp/hard\libgcc.a(_udivmoddi4.o)
                0x08008630                __udivmoddi4
 .text.memset   0x08008970       0x88 C:/Program Files (x86)/Arm/GNU Toolchain mingw-w64-i686-arm-none-eabi/bin/../lib/gcc/arm-none-eabi/15.3.1/../../../../arm-none-eabi/lib/thumb/v8-m.main+fp/hard\libc.a(libc_a-memset.o)
                0x08008970                memset
 .text.__libc_init_array
                0x080089f8       0x4c C:/Program Files (x86)/Arm/GNU Toolchain mingw-w64-i686-arm-none-eabi/bin/../lib/gcc/arm-none-eabi/15.3.1/../../../../arm-none-eabi/lib/thumb/v8-m.main+fp/hard\libc.a(libc_a-init.o)
                0x080089f8                __libc_init_array
 .text.__retarget_lock_acquire_recursive
                0x08008a44        0x4 C:/Program Files (x86)/Arm/GNU Toolchain mingw-w64-i686-arm-none-eabi/bin/../lib/gcc/arm-none-eabi/15.3.1/../../../../arm-none-eabi/lib/thumb/v8-m.main+fp/hard\libc.a(libc_a-lock.o)
                0x08008a44                __retarget_lock_acquire_recursive
 .text.__retarget_lock_release_recursive
                0x08008a48        0x4 C:/Program Files (x86)/Arm/GNU Toolchain mingw-w64-i686-arm-none-eabi/bin/../lib/gcc/arm-none-eabi/15.3.1/../../../../arm-none-eabi/lib/thumb/v8-m.main+fp/hard\libc.a(libc_a-lock.o)
                0x08008a48                __retarget_lock_release_recursive
 .text.startup.register_fini
                0x08008a4c       0x14 C:/Program Files (x86)/Arm/GNU Toolchain mingw-w64-i686-arm-none-eabi/bin/../lib/gcc/arm-none-eabi/15.3.1/../../../../arm-none-eabi/lib/thumb/v8-m.main+fp/hard\libc.a(libc_a-__call_atexit.o)
 .text.atexit   0x08008a60        0xc C:/Program Files (x86)/Arm/GNU Toolchain mingw-w64-i686-arm-none-eabi/bin/../lib/gcc/arm-none-eabi/15.3.1/../../../../arm-none-eabi/lib/thumb/v8-m.main+fp/hard\libc.a(libc_a-atexit.o)
                0x08008a60                atexit
 .text.__libc_fini_array
                0x08008a6c       0x28 C:/Program Files (x86)/Arm/GNU Toolchain mingw-w64-i686-arm-none-eabi/bin/../lib/gcc/arm-none-eabi/15.3.1/../../../../arm-none-eabi/lib/thumb/v8-m.main+fp/hard\libc.a(libc_a-fini.o)
                0x08008a6c                __libc_fini_array
 .text.__register_exitproc
                0x08008a94       0x84 C:/Program Files (x86)/Arm/GNU Toolchain mingw-w64-i686-arm-none-eabi/bin/../lib/gcc/arm-none-eabi/15.3.1/../../../../arm-none-eabi/lib/thumb/v8-m.main+fp/hard\libc.a(libc_a-__atexit.o)
                0x08008a94                __register_exitproc
 *(.glue_7)
 .glue_7        0x08008b18        0x0 linker stubs
 *(.glue_7t)
 .glue_7t       0x08008b18        0x0 linker stubs
 *(.eh_frame)
 .eh_frame      0x08008b18        0x0 C:/Program Files (x86)/Arm/GNU Toolchain mingw-w64-i686-arm-none-eabi/bin/../lib/gcc/arm-none-eabi/15.3.1/thumb/v8-m.main+fp/hard/crtbegin.o
 *(.init)
 .init          0x08008b18        0x4 C:/Program Files (x86)/Arm/GNU Toolchain mingw-w64-i686-arm-none-eabi/bin/../lib/gcc/arm-none-eabi/15.3.1/thumb/v8-m.main+fp/hard/crti.o
                0x08008b18                _init
 .init          0x08008b1c        0x8 C:/Program Files (x86)/Arm/GNU Toolchain mingw-w64-i686-arm-none-eabi/bin/../lib/gcc/arm-none-eabi/15.3.1/thumb/v8-m.main+fp/hard/crtn.o
 *(.fini)
 .fini          0x08008b24        0x4 C:/Program Files (x86)/Arm/GNU Toolchain mingw-w64-i686-arm-none-eabi/bin/../lib/gcc/arm-none-eabi/15.3.1/thumb/v8-m.main+fp/hard/crti.o
                0x08008b24                _fini
 .fini          0x08008b28        0x8 C:/Program Files (x86)/Arm/GNU Toolchain mingw-w64-i686-arm-none-eabi/bin/../lib/gcc/arm-none-eabi/15.3.1/thumb/v8-m.main+fp/hard/crtn.o
                0x08008b30                        . = ALIGN (0x4)
                0x08008b30                        _etext = .

.vfp11_veneer   0x08008b30        0x0
 .vfp11_veneer  0x08008b30        0x0 linker stubs

.v4_bx          0x08008b30        0x0
 .v4_bx         0x08008b30        0x0 linker stubs

.iplt           0x08008b30        0x0
 .iplt          0x08008b30        0x0 C:/Program Files (x86)/Arm/GNU Toolchain mingw-w64-i686-arm-none-eabi/bin/../lib/gcc/arm-none-eabi/15.3.1/thumb/v8-m.main+fp/hard/crtbegin.o

.rodata         0x08008b30       0x40
                0x08008b30                        . = ALIGN (0x4)
 *(.rodata)
 *(.rodata*)
 .rodata.APBPrescTable
                0x08008b30        0x8 build/system_stm32h5xx.o
                0x08008b30                APBPrescTable
 .rodata.AHBPrescTable
                0x08008b38       0x10 build/system_stm32h5xx.o
                0x08008b38                AHBPrescTable
 .rodata.UARTPrescTable
                0x08008b48       0x18 build/stm32h5xx_hal_uart.o
                0x08008b48                UARTPrescTable
 .rodata.denominator.0
                0x08008b60        0x8 build/stm32h5xx_hal_uart_ex.o
 .rodata.numerator.1
                0x08008b68        0x8 build/stm32h5xx_hal_uart_ex.o
                0x08008b70                        . = ALIGN (0x4)

.ARM.extab      0x08008b70        0x0
                0x08008b70                        . = ALIGN (0x4)
 *(.ARM.extab* .gnu.linkonce.armextab.*)
                0x08008b70                        . = ALIGN (0x4)

.ARM            0x08008b70        0x8
                0x08008b70                        . = ALIGN (0x4)
                0x08008b70                        __exidx_start = .
 *(.ARM.exidx*)
 .ARM.exidx.text.__udivmoddi4
                0x08008b70        0x8 C:/Program Files (x86)/Arm/GNU Toolchain mingw-w64-i686-arm-none-eabi/bin/../lib/gcc/arm-none-eabi/15.3.1/thumb/v8-m.main+fp/hard\libgcc.a(_udivmoddi4.o)
                0x08008b78                        __exidx_end = .
                0x08008b78                        . = ALIGN (0x4)

.preinit_array  0x08008b78        0x0
                0x08008b78                        . = ALIGN (0x4)
                0x08008b78                        PROVIDE (__preinit_array_start = .)
 *(.preinit_array*)
                0x08008b78                        PROVIDE (__preinit_array_end = .)
                0x08008b78                        . = ALIGN (0x4)

.init_array     0x08008b78        0x8
                0x08008b78                        . = ALIGN (0x4)
                0x08008b78                        PROVIDE (__init_array_start = .)
 *(SORT_BY_NAME(.init_array.*))
 .init_array.00000
                0x08008b78        0x4 C:/Program Files (x86)/Arm/GNU Toolchain mingw-w64-i686-arm-none-eabi/bin/../lib/gcc/arm-none-eabi/15.3.1/../../../../arm-none-eabi/lib/thumb/v8-m.main+fp/hard\libc.a(libc_a-__call_atexit.o)
 *(.init_array*)
 .init_array    0x08008b7c        0x4 C:/Program Files (x86)/Arm/GNU Toolchain mingw-w64-i686-arm-none-eabi/bin/../lib/gcc/arm-none-eabi/15.3.1/thumb/v8-m.main+fp/hard/crtbegin.o
                0x08008b80                        PROVIDE (__init_array_end = .)
                0x08008b80                        . = ALIGN (0x4)

.fini_array     0x08008b80        0x4
                0x08008b80                        . = ALIGN (0x4)
                0x08008b80                        PROVIDE (__fini_array_start = .)
 *(SORT_BY_NAME(.fini_array.*))
 *(.fini_array*)
 .fini_array    0x08008b80        0x4 C:/Program Files (x86)/Arm/GNU Toolchain mingw-w64-i686-arm-none-eabi/bin/../lib/gcc/arm-none-eabi/15.3.1/thumb/v8-m.main+fp/hard/crtbegin.o
                0x08008b84                        PROVIDE (__fini_array_end = .)
                0x08008b84                        . = ALIGN (0x4)
                0x08008b84                        _sidata = LOADADDR (.data)

.rel.dyn        0x08008b84        0x0
 .rel.iplt      0x08008b84        0x0 C:/Program Files (x86)/Arm/GNU Toolchain mingw-w64-i686-arm-none-eabi/bin/../lib/gcc/arm-none-eabi/15.3.1/thumb/v8-m.main+fp/hard/crtbegin.o

.data           0x20000000       0x10 load address 0x08008b84
                0x20000000                        . = ALIGN (0x4)
                0x20000000                        _sdata = .
 *(.data)
 *(.data*)
 .data.SystemCoreClock
                0x20000000        0x4 build/system_stm32h5xx.o
                0x20000000                SystemCoreClock
 .data.uwTickFreq
                0x20000004        0x1 build/stm32h5xx_hal.o
                0x20000004                uwTickFreq
 *fill*         0x20000005        0x3 
 .data.uwTickPrio
                0x20000008        0x4 build/stm32h5xx_hal.o
                0x20000008                uwTickPrio
 .data.__atexit_recursive_mutex
                0x2000000c        0x4 C:/Program Files (x86)/Arm/GNU Toolchain mingw-w64-i686-arm-none-eabi/bin/../lib/gcc/arm-none-eabi/15.3.1/../../../../arm-none-eabi/lib/thumb/v8-m.main+fp/hard\libc.a(libc_a-__call_atexit.o)
                0x2000000c                __atexit_recursive_mutex
 *(.RamFunc)
 *(.RamFunc*)
                0x20000010                        . = ALIGN (0x4)

.tm_clone_table
                0x20000010        0x0 load address 0x08008b94
 .tm_clone_table
                0x20000010        0x0 C:/Program Files (x86)/Arm/GNU Toolchain mingw-w64-i686-arm-none-eabi/bin/../lib/gcc/arm-none-eabi/15.3.1/thumb/v8-m.main+fp/hard/crtbegin.o
 .tm_clone_table
                0x20000010        0x0 C:/Program Files (x86)/Arm/GNU Toolchain mingw-w64-i686-arm-none-eabi/bin/../lib/gcc/arm-none-eabi/15.3.1/thumb/v8-m.main+fp/hard/crtend.o

.igot.plt       0x20000010        0x0 load address 0x08008b94
 .igot.plt      0x20000010        0x0 C:/Program Files (x86)/Arm/GNU Toolchain mingw-w64-i686-arm-none-eabi/bin/../lib/gcc/arm-none-eabi/15.3.1/thumb/v8-m.main+fp/hard/crtbegin.o

.tdata          0x20000010        0x0 load address 0x08008b94
 *(.tdata .tdata.* .gnu.linkonce.td.*)
                0x20000010                        . = ALIGN (0x4)
                0x20000010                        _edata = .
                [!provide]                        PROVIDE (__data_end = .)
                [!provide]                        PROVIDE (__tdata_end = .)
                [!provide]                        PROVIDE (__tdata_start = ADDR (.tdata))
                [!provide]                        PROVIDE (__tdata_size = (__tdata_end - __tdata_start))
                [!provide]                        PROVIDE (__data_start = ADDR (.data))
                [!provide]                        PROVIDE (__data_size = (__data_end - __data_start))
                [!provide]                        PROVIDE (__tdata_source = LOADADDR (.tdata))
                [!provide]                        PROVIDE (__tdata_source_end = (LOADADDR (.tdata) + SIZEOF (.tdata)))
                [!provide]                        PROVIDE (__tdata_source_size = (__tdata_source_end - __tdata_source))
                [!provide]                        PROVIDE (__data_source = LOADADDR (.data))
                [!provide]                        PROVIDE (__data_source_end = __tdata_source_end)
                [!provide]                        PROVIDE (__data_source_size = (__data_source_end - __data_source))

.tbss           0x20000010        0x0 load address 0x08008b94
                0x20000010                        _sbss = .
                0x20000010                        __bss_start__ = _sbss
 *(.tbss .tbss.*)
                0x20000010                        . = ALIGN (0x4)
                [!provide]                        PROVIDE (__tbss_end = .)
                [!provide]                        PROVIDE (__tbss_start = ADDR (.tbss))
                [!provide]                        PROVIDE (__tbss_size = (__tbss_end - __tbss_start))
                [!provide]                        PROVIDE (__tbss_offset = (ADDR (.tbss) - ADDR (.tdata)))
                [!provide]                        PROVIDE (__tls_base = __tdata_start)
                [!provide]                        PROVIDE (__tls_end = __tbss_end)
                [!provide]                        PROVIDE (__tls_size = (__tls_end - __tls_base))
                [!provide]                        PROVIDE (__tls_align = MAX (ALIGNOF (.tdata), ALIGNOF (.tbss)))
                [!provide]                        PROVIDE (__tls_size_align = (((__tls_size + __tls_align) - 0x1) & ~ ((__tls_align - 0x1))))
                [!provide]                        PROVIDE (__arm32_tls_tcb_offset = MAX (0x8, __tls_align))
                [!provide]                        PROVIDE (__arm64_tls_tcb_offset = MAX (0x10, __tls_align))

.bss            0x20000010      0x638 load address 0x08008b94
 *(.bss)
 *(.bss*)
 .bss.completed.1
                0x20000010        0x1 C:/Program Files (x86)/Arm/GNU Toolchain mingw-w64-i686-arm-none-eabi/bin/../lib/gcc/arm-none-eabi/15.3.1/thumb/v8-m.main+fp/hard/crtbegin.o
 *fill*         0x20000011        0x3 
 .bss.object.0  0x20000014       0x18 C:/Program Files (x86)/Arm/GNU Toolchain mingw-w64-i686-arm-none-eabi/bin/../lib/gcc/arm-none-eabi/15.3.1/thumb/v8-m.main+fp/hard/crtbegin.o
 .bss.MACAddr.0
                0x2000002c        0x6 build/main.o
 *fill*         0x20000032        0x2 
 .bss.handle_GPDMA1_Channel0
                0x20000034       0x78 build/main.o
                0x20000034                handle_GPDMA1_Channel0
 .bss.List_GPDMA1_Channel0
                0x200000ac       0x18 build/main.o
                0x200000ac                List_GPDMA1_Channel0
 .bss.Node_GPDMA1_Channel0
                0x200000c4       0x24 build/main.o
                0x200000c4                Node_GPDMA1_Channel0
 .bss.huart1    0x200000e8       0x94 build/main.o
                0x200000e8                huart1
 .bss.hsd1      0x2000017c       0x7c build/main.o
                0x2000017c                hsd1
 .bss.hi2c3     0x200001f8       0x54 build/main.o
                0x200001f8                hi2c3
 .bss.hi2c1     0x2000024c       0x54 build/main.o
                0x2000024c                hi2c1
 .bss.hfdcan1   0x200002a0       0x64 build/main.o
                0x200002a0                hfdcan1
 .bss.heth      0x20000304       0xb0 build/main.o
                0x20000304                heth
 .bss.DMATxDscrTab
                0x200003b4       0x60 build/main.o
                0x200003b4                DMATxDscrTab
 .bss.DMARxDscrTab
                0x20000414       0x60 build/main.o
                0x20000414                DMARxDscrTab
 .bss.TxConfig  0x20000474       0x38 build/main.o
                0x20000474                TxConfig
 .bss.uwTick    0x200004ac        0x4 build/stm32h5xx_hal.o
                0x200004ac                uwTick
 .bss.__lock___atexit_recursive_mutex
                0x200004b0        0x1 C:/Program Files (x86)/Arm/GNU Toolchain mingw-w64-i686-arm-none-eabi/bin/../lib/gcc/arm-none-eabi/15.3.1/../../../../arm-none-eabi/lib/thumb/v8-m.main+fp/hard\libc.a(libc_a-lock.o)
                0x200004b0                __lock___atexit_recursive_mutex
 *fill*         0x200004b1        0x3 
 .bss.__atexit  0x200004b4        0x4 C:/Program Files (x86)/Arm/GNU Toolchain mingw-w64-i686-arm-none-eabi/bin/../lib/gcc/arm-none-eabi/15.3.1/../../../../arm-none-eabi/lib/thumb/v8-m.main+fp/hard\libc.a(libc_a-__call_atexit.o)
                0x200004b4                __atexit
 .bss.__atexit0
                0x200004b8      0x190 C:/Program Files (x86)/Arm/GNU Toolchain mingw-w64-i686-arm-none-eabi/bin/../lib/gcc/arm-none-eabi/15.3.1/../../../../arm-none-eabi/lib/thumb/v8-m.main+fp/hard\libc.a(libc_a-__atexit.o)
                0x200004b8                __atexit0
 *(COMMON)
                0x20000648                        . = ALIGN (0x4)
                0x20000648                        _ebss = .
                0x20000648                        __bss_end__ = _ebss
                [!provide]                        PROVIDE (__bss_end = .)
                [!provide]                        PROVIDE (__non_tls_bss_start = ADDR (.bss))
                [!provide]                        PROVIDE (__bss_start = __tbss_start)
                [!provide]                        PROVIDE (__bss_size = (__bss_end - __bss_start))

._user_heap_stack
                0x20000648      0x600 load address 0x08008b94
                0x20000648                        . = ALIGN (0x8)
                [!provide]                        PROVIDE (end = .)
                0x20000648                        PROVIDE (_end = .)
                0x20000848                        . = (. + _Min_Heap_Size)
 *fill*         0x20000648      0x200 
                0x20000c48                        . = (. + _Min_Stack_Size)
 *fill*         0x20000848      0x400 
                0x20000c48                        . = ALIGN (0x8)

/DISCARD/
 libc.a:*(*)
 libm.a:*(*)
 libgcc.a:*(*)

.ARM.attributes
                0x00000000       0x36
 *(.ARM.attributes)
 .ARM.attributes
                0x00000000       0x26 C:/Program Files (x86)/Arm/GNU Toolchain mingw-w64-i686-arm-none-eabi/bin/../lib/gcc/arm-none-eabi/15.3.1/thumb/v8-m.main+fp/hard/crti.o
 .ARM.attributes
                0x00000026       0x38 C:/Program Files (x86)/Arm/GNU Toolchain mingw-w64-i686-arm-none-eabi/bin/../lib/gcc/arm-none-eabi/15.3.1/thumb/v8-m.main+fp/hard/crtbegin.o
 .ARM.attributes
                0x0000005e       0x3a build/main.o
 .ARM.attributes
                0x00000098       0x3a build/stm32h5xx_it.o
 .ARM.attributes
                0x000000d2       0x3a build/system_stm32h5xx.o
 .ARM.attributes
                0x0000010c       0x3a build/stm32h5xx_hal.o
 .ARM.attributes
                0x00000146       0x3a build/stm32h5xx_hal_cortex.o
 .ARM.attributes
                0x00000180       0x3a build/stm32h5xx_hal_gpio.o
 .ARM.attributes
                0x000001ba       0x3a build/stm32h5xx_hal_uart.o
 .ARM.attributes
                0x000001f4       0x3a build/stm32h5xx_hal_uart_ex.o
 .ARM.attributes
                0x0000022e       0x3a build/stm32h5xx_hal_rcc.o
 .ARM.attributes
                0x00000268       0x3a build/stm32h5xx_hal_rcc_ex.o
 .ARM.attributes
                0x000002a2       0x3a build/stm32h5xx_hal_msp.o
 .ARM.attributes
                0x000002dc       0x3a build/stm32h5xx_hal_dma.o
 .ARM.attributes
                0x00000316       0x3a build/stm32h5xx_hal_dma_ex.o
 .ARM.attributes
                0x00000350       0x3a build/stm32h5xx_hal_eth.o
 .ARM.attributes
                0x0000038a       0x3a build/stm32h5xx_hal_fdcan.o
 .ARM.attributes
                0x000003c4       0x3a build/stm32h5xx_hal_i2c.o
 .ARM.attributes
                0x000003fe       0x3a build/stm32h5xx_hal_i2c_ex.o
 .ARM.attributes
                0x00000438       0x3a build/stm32h5xx_hal_icache.o
 .ARM.attributes
                0x00000472       0x3a build/stm32h5xx_ll_sdmmc.o
 .ARM.attributes
                0x000004ac       0x3a build/stm32h5xx_hal_sd.o
 .ARM.attributes
                0x000004e6       0x24 build/startup_stm32h563xx.o
 .ARM.attributes
                0x0000050a       0x26 C:/Program Files (x86)/Arm/GNU Toolchain mingw-w64-i686-arm-none-eabi/bin/../lib/gcc/arm-none-eabi/15.3.1/thumb/v8-m.main+fp/hard\libgcc.a(_aeabi_uldivmod.o)
 .ARM.attributes
                0x00000530       0x38 C:/Program Files (x86)/Arm/GNU Toolchain mingw-w64-i686-arm-none-eabi/bin/../lib/gcc/arm-none-eabi/15.3.1/thumb/v8-m.main+fp/hard\libgcc.a(_udivmoddi4.o)
 .ARM.attributes
                0x00000568       0x26 C:/Program Files (x86)/Arm/GNU Toolchain mingw-w64-i686-arm-none-eabi/bin/../lib/gcc/arm-none-eabi/15.3.1/thumb/v8-m.main+fp/hard\libgcc.a(_dvmd_tls.o)
 .ARM.attributes
                0x0000058e       0x38 C:/Program Files (x86)/Arm/GNU Toolchain mingw-w64-i686-arm-none-eabi/bin/../lib/gcc/arm-none-eabi/15.3.1/../../../../arm-none-eabi/lib/thumb/v8-m.main+fp/hard\libc.a(libc_a-memset.o)
 .ARM.attributes
                0x000005c6       0x38 C:/Program Files (x86)/Arm/GNU Toolchain mingw-w64-i686-arm-none-eabi/bin/../lib/gcc/arm-none-eabi/15.3.1/../../../../arm-none-eabi/lib/thumb/v8-m.main+fp/hard\libc.a(libc_a-init.o)
 .ARM.attributes
                0x000005fe       0x38 C:/Program Files (x86)/Arm/GNU Toolchain mingw-w64-i686-arm-none-eabi/bin/../lib/gcc/arm-none-eabi/15.3.1/../../../../arm-none-eabi/lib/thumb/v8-m.main+fp/hard\libc.a(libc_a-lock.o)
 .ARM.attributes
                0x00000636       0x38 C:/Program Files (x86)/Arm/GNU Toolchain mingw-w64-i686-arm-none-eabi/bin/../lib/gcc/arm-none-eabi/15.3.1/../../../../arm-none-eabi/lib/thumb/v8-m.main+fp/hard\libc.a(libc_a-__call_atexit.o)
 .ARM.attributes
                0x0000066e       0x38 C:/Program Files (x86)/Arm/GNU Toolchain mingw-w64-i686-arm-none-eabi/bin/../lib/gcc/arm-none-eabi/15.3.1/../../../../arm-none-eabi/lib/thumb/v8-m.main+fp/hard\libc.a(libc_a-atexit.o)
 .ARM.attributes
                0x000006a6       0x38 C:/Program Files (x86)/Arm/GNU Toolchain mingw-w64-i686-arm-none-eabi/bin/../lib/gcc/arm-none-eabi/15.3.1/../../../../arm-none-eabi/lib/thumb/v8-m.main+fp/hard\libc.a(libc_a-fini.o)
 .ARM.attributes
                0x000006de       0x38 C:/Program Files (x86)/Arm/GNU Toolchain mingw-w64-i686-arm-none-eabi/bin/../lib/gcc/arm-none-eabi/15.3.1/../../../../arm-none-eabi/lib/thumb/v8-m.main+fp/hard\libc.a(libc_a-__atexit.o)
 .ARM.attributes
                0x00000716       0x38 C:/Program Files (x86)/Arm/GNU Toolchain mingw-w64-i686-arm-none-eabi/bin/../lib/gcc/arm-none-eabi/15.3.1/thumb/v8-m.main+fp/hard/crtend.o
 .ARM.attributes
                0x0000074e       0x26 C:/Program Files (x86)/Arm/GNU Toolchain mingw-w64-i686-arm-none-eabi/bin/../lib/gcc/arm-none-eabi/15.3.1/thumb/v8-m.main+fp/hard/crtn.o
OUTPUT(build/GPS_Verification.elf elf32-littlearm)
LOAD linker stubs

.debug_info     0x00000000    0x27712
 .debug_info    0x00000000     0x3d0e build/main.o
 .debug_info    0x00003d0e      0x9bc build/stm32h5xx_it.o
 .debug_info    0x000046ca      0xdc0 build/system_stm32h5xx.o
 .debug_info    0x0000548a     0x14b0 build/stm32h5xx_hal.o
 .debug_info    0x0000693a     0x18f0 build/stm32h5xx_hal_cortex.o
 .debug_info    0x0000822a      0x70b build/stm32h5xx_hal_gpio.o
 .debug_info    0x00008935     0x52b3 build/stm32h5xx_hal_uart.o
 .debug_info    0x0000dbe8     0x1321 build/stm32h5xx_hal_uart_ex.o
 .debug_info    0x0000ef09     0x13b8 build/stm32h5xx_hal_rcc.o
 .debug_info    0x000102c1     0x2180 build/stm32h5xx_hal_rcc_ex.o
 .debug_info    0x00012441     0x39e3 build/stm32h5xx_hal_msp.o
 .debug_info    0x00015e24      0xc98 build/stm32h5xx_hal_dma.o
 .debug_info    0x00016abc     0x2534 build/stm32h5xx_hal_dma_ex.o
 .debug_info    0x00018ff0     0x2f35 build/stm32h5xx_hal_eth.o
 .debug_info    0x0001bf25     0x1caa build/stm32h5xx_hal_fdcan.o
 .debug_info    0x0001dbcf     0x4579 build/stm32h5xx_hal_i2c.o
 .debug_info    0x00022148      0x925 build/stm32h5xx_hal_i2c_ex.o
 .debug_info    0x00022a6d      0x585 build/stm32h5xx_hal_icache.o
 .debug_info    0x00022ff2     0x214c build/stm32h5xx_ll_sdmmc.o
 .debug_info    0x0002513e     0x25a4 build/stm32h5xx_hal_sd.o
 .debug_info    0x000276e2       0x30 build/startup_stm32h563xx.o

.debug_abbrev   0x00000000     0x323a
 .debug_abbrev  0x00000000      0x32b build/main.o
 .debug_abbrev  0x0000032b      0x197 build/stm32h5xx_it.o
 .debug_abbrev  0x000004c2      0x149 build/system_stm32h5xx.o
 .debug_abbrev  0x0000060b      0x2bd build/stm32h5xx_hal.o
 .debug_abbrev  0x000008c8      0x3a7 build/stm32h5xx_hal_cortex.o
 .debug_abbrev  0x00000c6f      0x214 build/stm32h5xx_hal_gpio.o
 .debug_abbrev  0x00000e83      0x344 build/stm32h5xx_hal_uart.o
 .debug_abbrev  0x000011c7      0x348 build/stm32h5xx_hal_uart_ex.o
 .debug_abbrev  0x0000150f      0x26d build/stm32h5xx_hal_rcc.o
 .debug_abbrev  0x0000177c      0x293 build/stm32h5xx_hal_rcc_ex.o
 .debug_abbrev  0x00001a0f      0x2ca build/stm32h5xx_hal_msp.o
 .debug_abbrev  0x00001cd9      0x22f build/stm32h5xx_hal_dma.o
 .debug_abbrev  0x00001f08      0x24c build/stm32h5xx_hal_dma_ex.o
 .debug_abbrev  0x00002154      0x34b build/stm32h5xx_hal_eth.o
 .debug_abbrev  0x0000249f      0x214 build/stm32h5xx_hal_fdcan.o
 .debug_abbrev  0x000026b3      0x2b2 build/stm32h5xx_hal_i2c.o
 .debug_abbrev  0x00002965      0x1b7 build/stm32h5xx_hal_i2c_ex.o
 .debug_abbrev  0x00002b1c      0x224 build/stm32h5xx_hal_icache.o
 .debug_abbrev  0x00002d40      0x23f build/stm32h5xx_ll_sdmmc.o
 .debug_abbrev  0x00002f7f      0x297 build/stm32h5xx_hal_sd.o
 .debug_abbrev  0x00003216       0x24 build/startup_stm32h563xx.o

.debug_aranges  0x00000000     0x16e8
 .debug_aranges
                0x00000000       0x80 build/main.o
 .debug_aranges
                0x00000080       0x70 build/stm32h5xx_it.o
 .debug_aranges
                0x000000f0       0x28 build/system_stm32h5xx.o
 .debug_aranges
                0x00000118      0x200 build/stm32h5xx_hal.o
 .debug_aranges
                0x00000318      0x110 build/stm32h5xx_hal_cortex.o
 .debug_aranges
                0x00000428       0x78 build/stm32h5xx_hal_gpio.o
 .debug_aranges
                0x000004a0      0x248 build/stm32h5xx_hal_uart.o
 .debug_aranges
                0x000006e8       0xa8 build/stm32h5xx_hal_uart_ex.o
 .debug_aranges
                0x00000790       0xa0 build/stm32h5xx_hal_rcc.o
 .debug_aranges
                0x00000830      0x108 build/stm32h5xx_hal_rcc_ex.o
 .debug_aranges
                0x00000938       0x70 build/stm32h5xx_hal_msp.o
 .debug_aranges
                0x000009a8       0xa0 build/stm32h5xx_hal_dma.o
 .debug_aranges
                0x00000a48      0x1a0 build/stm32h5xx_hal_dma_ex.o
 .debug_aranges
                0x00000be8      0x1e0 build/stm32h5xx_hal_eth.o
 .debug_aranges
                0x00000dc8      0x208 build/stm32h5xx_hal_fdcan.o
 .debug_aranges
                0x00000fd0      0x2a0 build/stm32h5xx_hal_i2c.o
 .debug_aranges
                0x00001270       0x40 build/stm32h5xx_hal_i2c_ex.o
 .debug_aranges
                0x000012b0       0xa8 build/stm32h5xx_hal_icache.o
 .debug_aranges
                0x00001358      0x208 build/stm32h5xx_ll_sdmmc.o
 .debug_aranges
                0x00001560      0x160 build/stm32h5xx_hal_sd.o
 .debug_aranges
                0x000016c0       0x28 build/startup_stm32h563xx.o

.debug_rnglists
                0x00000000     0x11ac
 .debug_rnglists
                0x00000000       0x5d build/main.o
 .debug_rnglists
                0x0000005d       0x4f build/stm32h5xx_it.o
 .debug_rnglists
                0x000000ac       0x1b build/system_stm32h5xx.o
 .debug_rnglists
                0x000000c7      0x17c build/stm32h5xx_hal.o
 .debug_rnglists
                0x00000243       0xc8 build/stm32h5xx_hal_cortex.o
 .debug_rnglists
                0x0000030b       0x57 build/stm32h5xx_hal_gpio.o
 .debug_rnglists
                0x00000362      0x1d6 build/stm32h5xx_hal_uart.o
 .debug_rnglists
                0x00000538       0x88 build/stm32h5xx_hal_uart_ex.o
 .debug_rnglists
                0x000005c0       0x79 build/stm32h5xx_hal_rcc.o
 .debug_rnglists
                0x00000639       0xce build/stm32h5xx_hal_rcc_ex.o
 .debug_rnglists
                0x00000707       0x54 build/stm32h5xx_hal_msp.o
 .debug_rnglists
                0x0000075b       0x79 build/stm32h5xx_hal_dma.o
 .debug_rnglists
                0x000007d4      0x167 build/stm32h5xx_hal_dma_ex.o
 .debug_rnglists
                0x0000093b      0x171 build/stm32h5xx_hal_eth.o
 .debug_rnglists
                0x00000aac      0x189 build/stm32h5xx_hal_fdcan.o
 .debug_rnglists
                0x00000c35      0x21e build/stm32h5xx_hal_i2c.o
 .debug_rnglists
                0x00000e53       0x2b build/stm32h5xx_hal_i2c_ex.o
 .debug_rnglists
                0x00000e7e       0x79 build/stm32h5xx_hal_icache.o
 .debug_rnglists
                0x00000ef7      0x185 build/stm32h5xx_ll_sdmmc.o
 .debug_rnglists
                0x0000107c      0x117 build/stm32h5xx_hal_sd.o
 .debug_rnglists
                0x00001193       0x19 build/startup_stm32h563xx.o

.debug_macro    0x00000000    0x33e34
 .debug_macro   0x00000000      0x2fa build/main.o
 .debug_macro   0x000002fa      0xaf6 build/main.o
 .debug_macro   0x00000df0      0x214 build/main.o
 .debug_macro   0x00001004       0x22 build/main.o
 .debug_macro   0x00001026       0x75 build/main.o
 .debug_macro   0x0000109b       0x2a build/main.o
 .debug_macro   0x000010c5       0x94 build/main.o
 .debug_macro   0x00001159       0x3c build/main.o
 .debug_macro   0x00001195       0x34 build/main.o
 .debug_macro   0x000011c9      0x1a5 build/main.o
 .debug_macro   0x0000136e       0x73 build/main.o
 .debug_macro   0x000013e1      0x364 build/main.o
 .debug_macro   0x00001745       0x16 build/main.o
 .debug_macro   0x0000175b       0x4a build/main.o
 .debug_macro   0x000017a5       0x34 build/main.o
 .debug_macro   0x000017d9       0x10 build/main.o
 .debug_macro   0x000017e9       0x58 build/main.o
 .debug_macro   0x00001841      0x1e5 build/main.o
 .debug_macro   0x00001a26      0x19b build/main.o
 .debug_macro   0x00001bc1       0x28 build/main.o
 .debug_macro   0x00001be9       0x49 build/main.o
 .debug_macro   0x00001c32      0x103 build/main.o
 .debug_macro   0x00001d35       0x6a build/main.o
 .debug_macro   0x00001d9f      0x1d0 build/main.o
 .debug_macro   0x00001f6f       0x1c build/main.o
 .debug_macro   0x00001f8b       0x29 build/main.o
 .debug_macro   0x00001fb4       0xfb build/main.o
 .debug_macro   0x000020af     0x1685 build/main.o
 .debug_macro   0x00003734       0x5e build/main.o
 .debug_macro   0x00003792    0x2108f build/main.o
 .debug_macro   0x00024821       0x6d build/main.o
 .debug_macro   0x0002488e     0x3891 build/main.o
 .debug_macro   0x0002811f       0x63 build/main.o
 .debug_macro   0x00028182     0x1f0d build/main.o
 .debug_macro   0x0002a08f      0xe96 build/main.o
 .debug_macro   0x0002af25      0x166 build/main.o
 .debug_macro   0x0002b08b      0x30b build/main.o
 .debug_macro   0x0002b396       0xca build/main.o
 .debug_macro   0x0002b460      0x917 build/main.o
 .debug_macro   0x0002bd77      0x478 build/main.o
 .debug_macro   0x0002c1ef       0xd6 build/main.o
 .debug_macro   0x0002c2c5      0x1cd build/main.o
 .debug_macro   0x0002c492      0x55b build/main.o
 .debug_macro   0x0002c9ed      0x646 build/main.o
 .debug_macro   0x0002d033       0x7b build/main.o
 .debug_macro   0x0002d0ae      0x22c build/main.o
 .debug_macro   0x0002d2da       0x35 build/main.o
 .debug_macro   0x0002d30f       0xa5 build/main.o
 .debug_macro   0x0002d3b4      0x313 build/main.o
 .debug_macro   0x0002d6c7      0x1bb build/main.o
 .debug_macro   0x0002d882      0xa0c build/main.o
 .debug_macro   0x0002e28e       0x1c build/main.o
 .debug_macro   0x0002e2aa      0x1ce build/main.o
 .debug_macro   0x0002e478       0x28 build/main.o
 .debug_macro   0x0002e4a0      0x693 build/main.o
 .debug_macro   0x0002eb33       0xa6 build/main.o
 .debug_macro   0x0002ebd9      0x2ae build/main.o
 .debug_macro   0x0002ee87      0xa80 build/main.o
 .debug_macro   0x0002f907      0x129 build/main.o
 .debug_macro   0x0002fa30      0x6bd build/main.o
 .debug_macro   0x000300ed      0x47e build/main.o
 .debug_macro   0x0003056b       0xe8 build/main.o
 .debug_macro   0x00030653       0x16 build/main.o
 .debug_macro   0x00030669       0x3c build/main.o
 .debug_macro   0x000306a5       0x10 build/main.o
 .debug_macro   0x000306b5      0x2d0 build/stm32h5xx_it.o
 .debug_macro   0x00030985      0x2be build/system_stm32h5xx.o
 .debug_macro   0x00030c43      0x2ed build/stm32h5xx_hal.o
 .debug_macro   0x00030f30      0x2b7 build/stm32h5xx_hal_cortex.o
 .debug_macro   0x000311e7      0x2ed build/stm32h5xx_hal_gpio.o
 .debug_macro   0x000314d4      0x2e2 build/stm32h5xx_hal_uart.o
 .debug_macro   0x000317b6      0x2c3 build/stm32h5xx_hal_uart_ex.o
 .debug_macro   0x00031a79      0x2f9 build/stm32h5xx_hal_rcc.o
 .debug_macro   0x00031d72      0x2c9 build/stm32h5xx_hal_rcc_ex.o
 .debug_macro   0x0003203b      0x2c6 build/stm32h5xx_hal_msp.o
 .debug_macro   0x00032301      0x2b8 build/stm32h5xx_hal_dma.o
 .debug_macro   0x000325b9      0x2b8 build/stm32h5xx_hal_dma_ex.o
 .debug_macro   0x00032871      0x34b build/stm32h5xx_hal_eth.o
 .debug_macro   0x00032bbc      0x3c9 build/stm32h5xx_hal_fdcan.o
 .debug_macro   0x00032f85      0x383 build/stm32h5xx_hal_i2c.o
 .debug_macro   0x00033308      0x2b7 build/stm32h5xx_hal_i2c_ex.o
 .debug_macro   0x000335bf      0x2e9 build/stm32h5xx_hal_icache.o
 .debug_macro   0x000338a8      0x2b8 build/stm32h5xx_ll_sdmmc.o
 .debug_macro   0x00033b60      0x2d4 build/stm32h5xx_hal_sd.o

.debug_line     0x00000000    0x24632
 .debug_line    0x00000000      0xd75 build/main.o
 .debug_line    0x00000d75      0x78f build/stm32h5xx_it.o
 .debug_line    0x00001504      0x8c9 build/system_stm32h5xx.o
 .debug_line    0x00001dcd      0xe97 build/stm32h5xx_hal.o
 .debug_line    0x00002c64      0xde8 build/stm32h5xx_hal_cortex.o
 .debug_line    0x00003a4c      0xb8c build/stm32h5xx_hal_gpio.o
 .debug_line    0x000045d8     0x4d33 build/stm32h5xx_hal_uart.o
 .debug_line    0x0000930b      0xefa build/stm32h5xx_hal_uart_ex.o
 .debug_line    0x0000a205     0x173c build/stm32h5xx_hal_rcc.o
 .debug_line    0x0000b941     0x3f85 build/stm32h5xx_hal_rcc_ex.o
 .debug_line    0x0000f8c6      0xcb1 build/stm32h5xx_hal_msp.o
 .debug_line    0x00010577     0x153a build/stm32h5xx_hal_dma.o
 .debug_line    0x00011ab1     0x362b build/stm32h5xx_hal_dma_ex.o
 .debug_line    0x000150dc     0x21d6 build/stm32h5xx_hal_eth.o
 .debug_line    0x000172b2     0x1f58 build/stm32h5xx_hal_fdcan.o
 .debug_line    0x0001920a     0x564b build/stm32h5xx_hal_i2c.o
 .debug_line    0x0001e855      0x8d8 build/stm32h5xx_hal_i2c_ex.o
 .debug_line    0x0001f12d      0xa42 build/stm32h5xx_hal_icache.o
 .debug_line    0x0001fb6f     0x1ba8 build/stm32h5xx_ll_sdmmc.o
 .debug_line    0x00021717     0x2ea2 build/stm32h5xx_hal_sd.o
 .debug_line    0x000245b9       0x79 build/startup_stm32h563xx.o

.debug_str      0x00000000   0x1454e4
 .debug_str     0x00000000   0x1454e4 build/main.o
                             0x13d94d (size before relaxing)
 .debug_str     0x001454e4        0x0 build/stm32h5xx_it.o
                             0x13b64b (size before relaxing)
 .debug_str     0x001454e4        0x0 build/system_stm32h5xx.o
                             0x13b241 (size before relaxing)
 .debug_str     0x001454e4        0x0 build/stm32h5xx_hal.o
                             0x13c091 (size before relaxing)
 .debug_str     0x001454e4        0x0 build/stm32h5xx_hal_cortex.o
                             0x13bc1c (size before relaxing)
 .debug_str     0x001454e4        0x0 build/stm32h5xx_hal_gpio.o
                             0x13afa6 (size before relaxing)
 .debug_str     0x001454e4        0x0 build/stm32h5xx_hal_uart.o
                             0x13bc98 (size before relaxing)
 .debug_str     0x001454e4        0x0 build/stm32h5xx_hal_uart_ex.o
                             0x13b658 (size before relaxing)
 .debug_str     0x001454e4        0x0 build/stm32h5xx_hal_rcc.o
                             0x13b786 (size before relaxing)
 .debug_str     0x001454e4        0x0 build/stm32h5xx_hal_rcc_ex.o
                             0x13bad0 (size before relaxing)
 .debug_str     0x001454e4        0x0 build/stm32h5xx_hal_msp.o
                             0x13d7a0 (size before relaxing)
 .debug_str     0x001454e4        0x0 build/stm32h5xx_hal_dma.o
                             0x13b331 (size before relaxing)
 .debug_str     0x001454e4        0x0 build/stm32h5xx_hal_dma_ex.o
                             0x13b99d (size before relaxing)
 .debug_str     0x001454e4        0x0 build/stm32h5xx_hal_eth.o
                             0x13ca35 (size before relaxing)
 .debug_str     0x001454e4        0x0 build/stm32h5xx_hal_fdcan.o
                             0x13c3a1 (size before relaxing)
 .debug_str     0x001454e4        0x0 build/stm32h5xx_hal_i2c.o
                             0x13c1f4 (size before relaxing)
 .debug_str     0x001454e4        0x0 build/stm32h5xx_hal_i2c_ex.o
                             0x13b315 (size before relaxing)
 .debug_str     0x001454e4        0x0 build/stm32h5xx_hal_icache.o
                             0x13b2cf (size before relaxing)
 .debug_str     0x001454e4        0x0 build/stm32h5xx_ll_sdmmc.o
                             0x13b525 (size before relaxing)
 .debug_str     0x001454e4        0x0 build/stm32h5xx_hal_sd.o
                             0x13ba87 (size before relaxing)
 .debug_str     0x001454e4        0x0 build/startup_stm32h563xx.o
                                 0x71 (size before relaxing)

.comment        0x00000000       0x46
 .comment       0x00000000       0x46 build/main.o
                                 0x47 (size before relaxing)
 .comment       0x00000046        0x0 build/stm32h5xx_it.o
                                 0x47 (size before relaxing)
 .comment       0x00000046        0x0 build/system_stm32h5xx.o
                                 0x47 (size before relaxing)
 .comment       0x00000046        0x0 build/stm32h5xx_hal.o
                                 0x47 (size before relaxing)
 .comment       0x00000046        0x0 build/stm32h5xx_hal_cortex.o
                                 0x47 (size before relaxing)
 .comment       0x00000046        0x0 build/stm32h5xx_hal_gpio.o
                                 0x47 (size before relaxing)
 .comment       0x00000046        0x0 build/stm32h5xx_hal_uart.o
                                 0x47 (size before relaxing)
 .comment       0x00000046        0x0 build/stm32h5xx_hal_uart_ex.o
                                 0x47 (size before relaxing)
 .comment       0x00000046        0x0 build/stm32h5xx_hal_rcc.o
                                 0x47 (size before relaxing)
 .comment       0x00000046        0x0 build/stm32h5xx_hal_rcc_ex.o
                                 0x47 (size before relaxing)
 .comment       0x00000046        0x0 build/stm32h5xx_hal_msp.o
                                 0x47 (size before relaxing)
 .comment       0x00000046        0x0 build/stm32h5xx_hal_dma.o
                                 0x47 (size before relaxing)
 .comment       0x00000046        0x0 build/stm32h5xx_hal_dma_ex.o
                                 0x47 (size before relaxing)
 .comment       0x00000046        0x0 build/stm32h5xx_hal_eth.o
                                 0x47 (size before relaxing)
 .comment       0x00000046        0x0 build/stm32h5xx_hal_fdcan.o
                                 0x47 (size before relaxing)
 .comment       0x00000046        0x0 build/stm32h5xx_hal_i2c.o
                                 0x47 (size before relaxing)
 .comment       0x00000046        0x0 build/stm32h5xx_hal_i2c_ex.o
                                 0x47 (size before relaxing)
 .comment       0x00000046        0x0 build/stm32h5xx_hal_icache.o
                                 0x47 (size before relaxing)
 .comment       0x00000046        0x0 build/stm32h5xx_ll_sdmmc.o
                                 0x47 (size before relaxing)
 .comment       0x00000046        0x0 build/stm32h5xx_hal_sd.o
                                 0x47 (size before relaxing)

.debug_frame    0x00000000     0x4254
 .debug_frame   0x00000000      0x164 build/main.o
 .debug_frame   0x00000164       0xd8 build/stm32h5xx_it.o
 .debug_frame   0x0000023c       0x30 build/system_stm32h5xx.o
 .debug_frame   0x0000026c      0x418 build/stm32h5xx_hal.o
 .debug_frame   0x00000684      0x254 build/stm32h5xx_hal_cortex.o
 .debug_frame   0x000008d8      0x10c build/stm32h5xx_hal_gpio.o
 .debug_frame   0x000009e4      0x668 build/stm32h5xx_hal_uart.o
 .debug_frame   0x0000104c      0x1d4 build/stm32h5xx_hal_uart_ex.o
 .debug_frame   0x00001220      0x1b4 build/stm32h5xx_hal_rcc.o
 .debug_frame   0x000013d4      0x2b8 build/stm32h5xx_hal_rcc_ex.o
 .debug_frame   0x0000168c      0x154 build/stm32h5xx_hal_msp.o
 .debug_frame   0x000017e0      0x19c build/stm32h5xx_hal_dma.o
 .debug_frame   0x0000197c      0x6f0 build/stm32h5xx_hal_dma_ex.o
 .debug_frame   0x0000206c      0x4dc build/stm32h5xx_hal_eth.o
 .debug_frame   0x00002548      0x4a0 build/stm32h5xx_hal_fdcan.o
 .debug_frame   0x000029e8      0x938 build/stm32h5xx_hal_i2c.o
 .debug_frame   0x00003320       0x60 build/stm32h5xx_hal_i2c_ex.o
 .debug_frame   0x00003380      0x164 build/stm32h5xx_hal_icache.o
 .debug_frame   0x000034e4      0x660 build/stm32h5xx_ll_sdmmc.o
 .debug_frame   0x00003b44      0x4a0 build/stm32h5xx_hal_sd.o
 .debug_frame   0x00003fe4       0x2c C:/Program Files (x86)/Arm/GNU Toolchain mingw-w64-i686-arm-none-eabi/bin/../lib/gcc/arm-none-eabi/15.3.1/thumb/v8-m.main+fp/hard\libgcc.a(_aeabi_uldivmod.o)
 .debug_frame   0x00004010       0x44 C:/Program Files (x86)/Arm/GNU Toolchain mingw-w64-i686-arm-none-eabi/bin/../lib/gcc/arm-none-eabi/15.3.1/thumb/v8-m.main+fp/hard\libgcc.a(_udivmoddi4.o)
 .debug_frame   0x00004054       0x2c C:/Program Files (x86)/Arm/GNU Toolchain mingw-w64-i686-arm-none-eabi/bin/../lib/gcc/arm-none-eabi/15.3.1/../../../../arm-none-eabi/lib/thumb/v8-m.main+fp/hard\libc.a(libc_a-memset.o)
 .debug_frame   0x00004080       0x2c C:/Program Files (x86)/Arm/GNU Toolchain mingw-w64-i686-arm-none-eabi/bin/../lib/gcc/arm-none-eabi/15.3.1/../../../../arm-none-eabi/lib/thumb/v8-m.main+fp/hard\libc.a(libc_a-init.o)
 .debug_frame   0x000040ac       0xb0 C:/Program Files (x86)/Arm/GNU Toolchain mingw-w64-i686-arm-none-eabi/bin/../lib/gcc/arm-none-eabi/15.3.1/../../../../arm-none-eabi/lib/thumb/v8-m.main+fp/hard\libc.a(libc_a-lock.o)
 .debug_frame   0x0000415c       0x6c C:/Program Files (x86)/Arm/GNU Toolchain mingw-w64-i686-arm-none-eabi/bin/../lib/gcc/arm-none-eabi/15.3.1/../../../../arm-none-eabi/lib/thumb/v8-m.main+fp/hard\libc.a(libc_a-__call_atexit.o)
 .debug_frame   0x000041c8       0x20 C:/Program Files (x86)/Arm/GNU Toolchain mingw-w64-i686-arm-none-eabi/bin/../lib/gcc/arm-none-eabi/15.3.1/../../../../arm-none-eabi/lib/thumb/v8-m.main+fp/hard\libc.a(libc_a-atexit.o)
 .debug_frame   0x000041e8       0x34 C:/Program Files (x86)/Arm/GNU Toolchain mingw-w64-i686-arm-none-eabi/bin/../lib/gcc/arm-none-eabi/15.3.1/../../../../arm-none-eabi/lib/thumb/v8-m.main+fp/hard\libc.a(libc_a-fini.o)
 .debug_frame   0x0000421c       0x38 C:/Program Files (x86)/Arm/GNU Toolchain mingw-w64-i686-arm-none-eabi/bin/../lib/gcc/arm-none-eabi/15.3.1/../../../../arm-none-eabi/lib/thumb/v8-m.main+fp/hard\libc.a(libc_a-__atexit.o)

.debug_loclists
                0x00000000    0x1351a
 .debug_loclists
                0x00000000       0xdb build/system_stm32h5xx.o
 .debug_loclists
                0x000000db      0x23c build/stm32h5xx_hal.o
 .debug_loclists
                0x00000317      0x596 build/stm32h5xx_hal_cortex.o
 .debug_loclists
                0x000008ad      0x28b build/stm32h5xx_hal_gpio.o
 .debug_loclists
                0x00000b38     0x2b33 build/stm32h5xx_hal_uart.o
 .debug_loclists
                0x0000366b      0x7b6 build/stm32h5xx_hal_uart_ex.o
 .debug_loclists
                0x00003e21      0x602 build/stm32h5xx_hal_rcc.o
 .debug_loclists
                0x00004423     0x410f build/stm32h5xx_hal_rcc_ex.o
 .debug_loclists
                0x00008532      0x21f build/stm32h5xx_hal_msp.o
 .debug_loclists
                0x00008751      0x752 build/stm32h5xx_hal_dma.o
 .debug_loclists
                0x00008ea3     0x19f3 build/stm32h5xx_hal_dma_ex.o
 .debug_loclists
                0x0000a896     0x11db build/stm32h5xx_hal_eth.o
 .debug_loclists
                0x0000ba71     0x1088 build/stm32h5xx_hal_fdcan.o
 .debug_loclists
                0x0000caf9     0x3b82 build/stm32h5xx_hal_i2c.o
 .debug_loclists
                0x0001067b      0x194 build/stm32h5xx_hal_i2c_ex.o
 .debug_loclists
                0x0001080f      0x2de build/stm32h5xx_hal_icache.o
 .debug_loclists
                0x00010aed     0x113a build/stm32h5xx_ll_sdmmc.o
 .debug_loclists
                0x00011c27     0x18f3 build/stm32h5xx_hal_sd.o

.debug_line_str
                0x00000000      0x14c
 .debug_line_str
                0x00000000      0x14c build/startup_stm32h563xx.o
                                 0x55 (size before relaxing)
 .debug_line_str
                0x0000014c        0x0 C:/Program Files (x86)/Arm/GNU Toolchain mingw-w64-i686-arm-none-eabi/bin/../lib/gcc/arm-none-eabi/15.3.1/thumb/v8-m.main+fp/hard\libgcc.a(_aeabi_uldivmod.o)
                                 0xeb (size before relaxing)
 .debug_line_str
                0x0000014c        0x0 C:/Program Files (x86)/Arm/GNU Toolchain mingw-w64-i686-arm-none-eabi/bin/../lib/gcc/arm-none-eabi/15.3.1/thumb/v8-m.main+fp/hard\libgcc.a(_dvmd_tls.o)
                                 0xef (size before relaxing)

Cross Reference Table

Symbol                                            File
ADC1_IRQHandler                                   build/startup_stm32h563xx.o
ADC2_IRQHandler                                   build/startup_stm32h563xx.o
AHBPrescTable                                     build/system_stm32h5xx.o
                                                  build/stm32h5xx_hal_rcc.o
                                                  build/stm32h5xx_hal.o
APBPrescTable                                     build/system_stm32h5xx.o
                                                  build/stm32h5xx_hal_rcc.o
BusFault_Handler                                  build/stm32h5xx_it.o
CEC_IRQHandler                                    build/startup_stm32h563xx.o
CORDIC_IRQHandler                                 build/startup_stm32h563xx.o
CRS_IRQHandler                                    build/startup_stm32h563xx.o
DAC1_IRQHandler                                   build/startup_stm32h563xx.o
DCACHE1_IRQHandler                                build/startup_stm32h563xx.o
DCMI_PSSI_IRQHandler                              build/startup_stm32h563xx.o
DMARxDscrTab                                      build/main.o
DMATxDscrTab                                      build/main.o
DTS_IRQHandler                                    build/startup_stm32h563xx.o
DebugMon_Handler                                  build/stm32h5xx_it.o
Default_Handler                                   build/startup_stm32h563xx.o
ETH_IRQHandler                                    build/startup_stm32h563xx.o
ETH_WKUP_IRQHandler                               build/startup_stm32h563xx.o
EXTI0_IRQHandler                                  build/startup_stm32h563xx.o
EXTI10_IRQHandler                                 build/startup_stm32h563xx.o
EXTI11_IRQHandler                                 build/startup_stm32h563xx.o
EXTI12_IRQHandler                                 build/startup_stm32h563xx.o
EXTI13_IRQHandler                                 build/startup_stm32h563xx.o
EXTI14_IRQHandler                                 build/startup_stm32h563xx.o
EXTI15_IRQHandler                                 build/startup_stm32h563xx.o
EXTI1_IRQHandler                                  build/startup_stm32h563xx.o
EXTI2_IRQHandler                                  build/startup_stm32h563xx.o
EXTI3_IRQHandler                                  build/startup_stm32h563xx.o
EXTI4_IRQHandler                                  build/startup_stm32h563xx.o
EXTI5_IRQHandler                                  build/startup_stm32h563xx.o
EXTI6_IRQHandler                                  build/startup_stm32h563xx.o
EXTI7_IRQHandler                                  build/startup_stm32h563xx.o
EXTI8_IRQHandler                                  build/startup_stm32h563xx.o
EXTI9_IRQHandler                                  build/startup_stm32h563xx.o
Error_Handler                                     build/main.o
                                                  build/stm32h5xx_hal_msp.o
FDCAN1_IT0_IRQHandler                             build/startup_stm32h563xx.o
FDCAN1_IT1_IRQHandler                             build/startup_stm32h563xx.o
FDCAN2_IT0_IRQHandler                             build/startup_stm32h563xx.o
FDCAN2_IT1_IRQHandler                             build/startup_stm32h563xx.o
FLASH_Erase_Sector                                build/stm32h5xx_hal_flash_ex.o
                                                  build/stm32h5xx_hal_flash.o
FLASH_IRQHandler                                  build/startup_stm32h563xx.o
FLASH_S_IRQHandler                                build/startup_stm32h563xx.o
FLASH_WaitForLastOperation                        build/stm32h5xx_hal_flash.o
                                                  build/stm32h5xx_hal_flash_ex.o
FMAC_IRQHandler                                   build/startup_stm32h563xx.o
FMC_IRQHandler                                    build/startup_stm32h563xx.o
FPU_IRQHandler                                    build/startup_stm32h563xx.o
GPDMA1_Channel0_IRQHandler                        build/stm32h5xx_it.o
GPDMA1_Channel1_IRQHandler                        build/startup_stm32h563xx.o
GPDMA1_Channel2_IRQHandler                        build/startup_stm32h563xx.o
GPDMA1_Channel3_IRQHandler                        build/startup_stm32h563xx.o
GPDMA1_Channel4_IRQHandler                        build/startup_stm32h563xx.o
GPDMA1_Channel5_IRQHandler                        build/startup_stm32h563xx.o
GPDMA1_Channel6_IRQHandler                        build/startup_stm32h563xx.o
GPDMA1_Channel7_IRQHandler                        build/startup_stm32h563xx.o
GPDMA2_Channel0_IRQHandler                        build/startup_stm32h563xx.o
GPDMA2_Channel1_IRQHandler                        build/startup_stm32h563xx.o
GPDMA2_Channel2_IRQHandler                        build/startup_stm32h563xx.o
GPDMA2_Channel3_IRQHandler                        build/startup_stm32h563xx.o
GPDMA2_Channel4_IRQHandler                        build/startup_stm32h563xx.o
GPDMA2_Channel5_IRQHandler                        build/startup_stm32h563xx.o
GPDMA2_Channel6_IRQHandler                        build/startup_stm32h563xx.o
GPDMA2_Channel7_IRQHandler                        build/startup_stm32h563xx.o
GTZC_IRQHandler                                   build/startup_stm32h563xx.o
HAL_DBGMCU_DisableDBGStandbyMode                  build/stm32h5xx_hal.o
HAL_DBGMCU_DisableDBGStopMode                     build/stm32h5xx_hal.o
HAL_DBGMCU_EnableDBGStandbyMode                   build/stm32h5xx_hal.o
HAL_DBGMCU_EnableDBGStopMode                      build/stm32h5xx_hal.o
HAL_DMAEx_ConfigDataHandling                      build/stm32h5xx_hal_dma_ex.o
HAL_DMAEx_ConfigRepeatBlock                       build/stm32h5xx_hal_dma_ex.o
HAL_DMAEx_ConfigTrigger                           build/stm32h5xx_hal_dma_ex.o
HAL_DMAEx_GetFifoLevel                            build/stm32h5xx_hal_dma_ex.o
                                                  build/stm32h5xx_hal_i2c.o
HAL_DMAEx_List_BuildNode                          build/stm32h5xx_hal_dma_ex.o
                                                  build/stm32h5xx_hal_msp.o
HAL_DMAEx_List_ClearCircularMode                  build/stm32h5xx_hal_dma_ex.o
HAL_DMAEx_List_ConvertQToDynamic                  build/stm32h5xx_hal_dma_ex.o
HAL_DMAEx_List_ConvertQToStatic                   build/stm32h5xx_hal_dma_ex.o
HAL_DMAEx_List_DeInit                             build/stm32h5xx_hal_dma_ex.o
HAL_DMAEx_List_GetNodeConfig                      build/stm32h5xx_hal_dma_ex.o
HAL_DMAEx_List_Init                               build/stm32h5xx_hal_dma_ex.o
                                                  build/stm32h5xx_hal_msp.o
HAL_DMAEx_List_InsertNode                         build/stm32h5xx_hal_dma_ex.o
                                                  build/stm32h5xx_hal_msp.o
HAL_DMAEx_List_InsertNode_Head                    build/stm32h5xx_hal_dma_ex.o
HAL_DMAEx_List_InsertNode_Tail                    build/stm32h5xx_hal_dma_ex.o
HAL_DMAEx_List_InsertQ                            build/stm32h5xx_hal_dma_ex.o
HAL_DMAEx_List_InsertQ_Head                       build/stm32h5xx_hal_dma_ex.o
HAL_DMAEx_List_InsertQ_Tail                       build/stm32h5xx_hal_dma_ex.o
HAL_DMAEx_List_LinkQ                              build/stm32h5xx_hal_dma_ex.o
                                                  build/stm32h5xx_hal_msp.o
HAL_DMAEx_List_RemoveNode                         build/stm32h5xx_hal_dma_ex.o
HAL_DMAEx_List_RemoveNode_Head                    build/stm32h5xx_hal_dma_ex.o
HAL_DMAEx_List_RemoveNode_Tail                    build/stm32h5xx_hal_dma_ex.o
HAL_DMAEx_List_ReplaceNode                        build/stm32h5xx_hal_dma_ex.o
HAL_DMAEx_List_ReplaceNode_Head                   build/stm32h5xx_hal_dma_ex.o
HAL_DMAEx_List_ReplaceNode_Tail                   build/stm32h5xx_hal_dma_ex.o
HAL_DMAEx_List_ResetQ                             build/stm32h5xx_hal_dma_ex.o
HAL_DMAEx_List_SetCircularMode                    build/stm32h5xx_hal_dma_ex.o
                                                  build/stm32h5xx_hal_msp.o
HAL_DMAEx_List_SetCircularModeConfig              build/stm32h5xx_hal_dma_ex.o
HAL_DMAEx_List_Start                              build/stm32h5xx_hal_dma_ex.o
HAL_DMAEx_List_Start_IT                           build/stm32h5xx_hal_dma_ex.o
                                                  build/stm32h5xx_hal_i2c.o
                                                  build/stm32h5xx_hal_uart.o
HAL_DMAEx_List_UnLinkQ                            build/stm32h5xx_hal_dma_ex.o
HAL_DMAEx_Resume                                  build/stm32h5xx_hal_dma_ex.o
                                                  build/stm32h5xx_hal_uart.o
HAL_DMAEx_Suspend                                 build/stm32h5xx_hal_dma_ex.o
                                                  build/stm32h5xx_hal_uart.o
HAL_DMAEx_Suspend_IT                              build/stm32h5xx_hal_dma_ex.o
HAL_DMA_Abort                                     build/stm32h5xx_hal_dma.o
                                                  build/stm32h5xx_hal_uart.o
HAL_DMA_Abort_IT                                  build/stm32h5xx_hal_dma.o
                                                  build/stm32h5xx_hal_i2c.o
                                                  build/stm32h5xx_hal_uart.o
HAL_DMA_ConfigChannelAttributes                   build/stm32h5xx_hal_dma.o
                                                  build/stm32h5xx_hal_msp.o
HAL_DMA_DeInit                                    build/stm32h5xx_hal_dma.o
                                                  build/stm32h5xx_hal_msp.o
HAL_DMA_GetConfigChannelAttributes                build/stm32h5xx_hal_dma.o
HAL_DMA_GetError                                  build/stm32h5xx_hal_dma.o
                                                  build/stm32h5xx_hal_uart.o
HAL_DMA_GetLockChannelAttributes                  build/stm32h5xx_hal_dma.o
HAL_DMA_GetState                                  build/stm32h5xx_hal_dma.o
                                                  build/stm32h5xx_hal_i2c.o
HAL_DMA_IRQHandler                                build/stm32h5xx_hal_dma.o
                                                  build/stm32h5xx_it.o
HAL_DMA_Init                                      build/stm32h5xx_hal_dma.o
HAL_DMA_PollForTransfer                           build/stm32h5xx_hal_dma.o
HAL_DMA_RegisterCallback                          build/stm32h5xx_hal_dma.o
HAL_DMA_Start                                     build/stm32h5xx_hal_dma.o
HAL_DMA_Start_IT                                  build/stm32h5xx_hal_dma.o
                                                  build/stm32h5xx_hal_i2c.o
                                                  build/stm32h5xx_hal_uart.o
HAL_DMA_UnRegisterCallback                        build/stm32h5xx_hal_dma.o
HAL_DeInit                                        build/stm32h5xx_hal.o
HAL_Delay                                         build/stm32h5xx_hal.o
                                                  build/stm32h5xx_hal_sd.o
                                                  build/main.o
HAL_DisableVREFBUF                                build/stm32h5xx_hal.o
HAL_ETHEx_DisableARPOffload                       build/stm32h5xx_hal_eth_ex.o
HAL_ETHEx_DisableL3L4Filtering                    build/stm32h5xx_hal_eth_ex.o
HAL_ETHEx_DisableVLANProcessing                   build/stm32h5xx_hal_eth_ex.o
HAL_ETHEx_EnableARPOffload                        build/stm32h5xx_hal_eth_ex.o
HAL_ETHEx_EnableL3L4Filtering                     build/stm32h5xx_hal_eth_ex.o
HAL_ETHEx_EnableVLANProcessing                    build/stm32h5xx_hal_eth_ex.o
HAL_ETHEx_EnterLPIMode                            build/stm32h5xx_hal_eth_ex.o
HAL_ETHEx_ExitLPIMode                             build/stm32h5xx_hal_eth_ex.o
HAL_ETHEx_GetL3FilterConfig                       build/stm32h5xx_hal_eth_ex.o
HAL_ETHEx_GetL4FilterConfig                       build/stm32h5xx_hal_eth_ex.o
HAL_ETHEx_GetMACLPIEvent                          build/stm32h5xx_hal_eth_ex.o
HAL_ETHEx_GetRxVLANConfig                         build/stm32h5xx_hal_eth_ex.o
HAL_ETHEx_GetTxVLANConfig                         build/stm32h5xx_hal_eth_ex.o
HAL_ETHEx_SetARPAddressMatch                      build/stm32h5xx_hal_eth_ex.o
HAL_ETHEx_SetL3FilterConfig                       build/stm32h5xx_hal_eth_ex.o
HAL_ETHEx_SetL4FilterConfig                       build/stm32h5xx_hal_eth_ex.o
HAL_ETHEx_SetRxVLANConfig                         build/stm32h5xx_hal_eth_ex.o
HAL_ETHEx_SetTxVLANConfig                         build/stm32h5xx_hal_eth_ex.o
HAL_ETHEx_SetTxVLANIdentifier                     build/stm32h5xx_hal_eth_ex.o
HAL_ETHEx_SetVLANHashTable                        build/stm32h5xx_hal_eth_ex.o
HAL_ETH_DeInit                                    build/stm32h5xx_hal_eth.o
HAL_ETH_EEECallback                               build/stm32h5xx_hal_eth.o
HAL_ETH_EnterPowerDownMode                        build/stm32h5xx_hal_eth.o
HAL_ETH_ErrorCallback                             build/stm32h5xx_hal_eth.o
HAL_ETH_ExitPowerDownMode                         build/stm32h5xx_hal_eth.o
HAL_ETH_GetDMAConfig                              build/stm32h5xx_hal_eth.o
HAL_ETH_GetDMAError                               build/stm32h5xx_hal_eth.o
HAL_ETH_GetError                                  build/stm32h5xx_hal_eth.o
HAL_ETH_GetMACConfig                              build/stm32h5xx_hal_eth.o
HAL_ETH_GetMACError                               build/stm32h5xx_hal_eth.o
HAL_ETH_GetMACFilterConfig                        build/stm32h5xx_hal_eth.o
HAL_ETH_GetMACWakeUpSource                        build/stm32h5xx_hal_eth.o
HAL_ETH_GetRxDataErrorCode                        build/stm32h5xx_hal_eth.o
HAL_ETH_GetState                                  build/stm32h5xx_hal_eth.o
HAL_ETH_GetTxBuffersNumber                        build/stm32h5xx_hal_eth.o
HAL_ETH_IRQHandler                                build/stm32h5xx_hal_eth.o
HAL_ETH_Init                                      build/stm32h5xx_hal_eth.o
                                                  build/main.o
HAL_ETH_MspDeInit                                 build/stm32h5xx_hal_msp.o
HAL_ETH_MspInit                                   build/stm32h5xx_hal_msp.o
HAL_ETH_PMTCallback                               build/stm32h5xx_hal_eth.o
HAL_ETH_ReadData                                  build/stm32h5xx_hal_eth.o