Archive member included to satisfy reference by file (symbol)

C:/Program Files (x86)/Arm/GNU Toolchain mingw-w64-i686-arm-none-eabi/bin/../lib/gcc/arm-none-eabi/15.3.1/thumb/v8-m.main+fp/hard\libgcc.a(_aeabi_uldivmod.o)
                              build/stm32h5xx_hal_uart.o (__aeabi_uldivmod)
C:/Program Files (x86)/Arm/GNU Toolchain mingw-w64-i686-arm-none-eabi/bin/../lib/gcc/arm-none-eabi/15.3.1/thumb/v8-m.main+fp/hard\libgcc.a(_udivmoddi4.o)
                              C:/Program Files (x86)/Arm/GNU Toolchain mingw-w64-i686-arm-none-eabi/bin/../lib/gcc/arm-none-eabi/15.3.1/thumb/v8-m.main+fp/hard\libgcc.a(_aeabi_uldivmod.o) (__udivmoddi4)
C:/Program Files (x86)/Arm/GNU Toolchain mingw-w64-i686-arm-none-eabi/bin/../lib/gcc/arm-none-eabi/15.3.1/thumb/v8-m.main+fp/hard\libgcc.a(_dvmd_tls.o)
                              C:/Program Files (x86)/Arm/GNU Toolchain mingw-w64-i686-arm-none-eabi/bin/../lib/gcc/arm-none-eabi/15.3.1/thumb/v8-m.main+fp/hard\libgcc.a(_aeabi_uldivmod.o) (__aeabi_ldiv0)
C:/Program Files (x86)/Arm/GNU Toolchain mingw-w64-i686-arm-none-eabi/bin/../lib/gcc/arm-none-eabi/15.3.1/../../../../arm-none-eabi/lib/thumb/v8-m.main+fp/hard\libc.a(libc_a-exit.o)
                              C:/Program Files (x86)/Arm/GNU Toolchain mingw-w64-i686-arm-none-eabi/bin/../lib/gcc/arm-none-eabi/15.3.1/../../../../arm-none-eabi/lib/thumb/v8-m.main+fp/hard/crt0.o (exit)
C:/Program Files (x86)/Arm/GNU Toolchain mingw-w64-i686-arm-none-eabi/bin/../lib/gcc/arm-none-eabi/15.3.1/../../../../arm-none-eabi/lib/thumb/v8-m.main+fp/hard\libc.a(libc_a-findfp.o)
                              C:/Program Files (x86)/Arm/GNU Toolchain mingw-w64-i686-arm-none-eabi/bin/../lib/gcc/arm-none-eabi/15.3.1/../../../../arm-none-eabi/lib/thumb/v8-m.main+fp/hard\libc.a(libc_a-exit.o) (__stdio_exit_handler)
C:/Program Files (x86)/Arm/GNU Toolchain mingw-w64-i686-arm-none-eabi/bin/../lib/gcc/arm-none-eabi/15.3.1/../../../../arm-none-eabi/lib/thumb/v8-m.main+fp/hard\libc.a(libc_a-fwalk.o)
                              C:/Program Files (x86)/Arm/GNU Toolchain mingw-w64-i686-arm-none-eabi/bin/../lib/gcc/arm-none-eabi/15.3.1/../../../../arm-none-eabi/lib/thumb/v8-m.main+fp/hard\libc.a(libc_a-findfp.o) (_fwalk_sglue)
C:/Program Files (x86)/Arm/GNU Toolchain mingw-w64-i686-arm-none-eabi/bin/../lib/gcc/arm-none-eabi/15.3.1/../../../../arm-none-eabi/lib/thumb/v8-m.main+fp/hard\libc.a(libc_a-stdio.o)
                              C:/Program Files (x86)/Arm/GNU Toolchain mingw-w64-i686-arm-none-eabi/bin/../lib/gcc/arm-none-eabi/15.3.1/../../../../arm-none-eabi/lib/thumb/v8-m.main+fp/hard\libc.a(libc_a-findfp.o) (__sread)
C:/Program Files (x86)/Arm/GNU Toolchain mingw-w64-i686-arm-none-eabi/bin/../lib/gcc/arm-none-eabi/15.3.1/../../../../arm-none-eabi/lib/thumb/v8-m.main+fp/hard\libc.a(libc_a-memset.o)
                              C:/Program Files (x86)/Arm/GNU Toolchain mingw-w64-i686-arm-none-eabi/bin/../lib/gcc/arm-none-eabi/15.3.1/../../../../arm-none-eabi/lib/thumb/v8-m.main+fp/hard/crt0.o (memset)
C:/Program Files (x86)/Arm/GNU Toolchain mingw-w64-i686-arm-none-eabi/bin/../lib/gcc/arm-none-eabi/15.3.1/../../../../arm-none-eabi/lib/thumb/v8-m.main+fp/hard\libc.a(libc_a-closer.o)
                              C:/Program Files (x86)/Arm/GNU Toolchain mingw-w64-i686-arm-none-eabi/bin/../lib/gcc/arm-none-eabi/15.3.1/../../../../arm-none-eabi/lib/thumb/v8-m.main+fp/hard\libc.a(libc_a-stdio.o) (_close_r)
C:/Program Files (x86)/Arm/GNU Toolchain mingw-w64-i686-arm-none-eabi/bin/../lib/gcc/arm-none-eabi/15.3.1/../../../../arm-none-eabi/lib/thumb/v8-m.main+fp/hard\libc.a(libc_a-reent.o)
                              C:/Program Files (x86)/Arm/GNU Toolchain mingw-w64-i686-arm-none-eabi/bin/../lib/gcc/arm-none-eabi/15.3.1/../../../../arm-none-eabi/lib/thumb/v8-m.main+fp/hard\libc.a(libc_a-closer.o) (errno)
C:/Program Files (x86)/Arm/GNU Toolchain mingw-w64-i686-arm-none-eabi/bin/../lib/gcc/arm-none-eabi/15.3.1/../../../../arm-none-eabi/lib/thumb/v8-m.main+fp/hard\libc.a(libc_a-impure.o)
                              C:/Program Files (x86)/Arm/GNU Toolchain mingw-w64-i686-arm-none-eabi/bin/../lib/gcc/arm-none-eabi/15.3.1/../../../../arm-none-eabi/lib/thumb/v8-m.main+fp/hard\libc.a(libc_a-reent.o) (_impure_ptr)
C:/Program Files (x86)/Arm/GNU Toolchain mingw-w64-i686-arm-none-eabi/bin/../lib/gcc/arm-none-eabi/15.3.1/../../../../arm-none-eabi/lib/thumb/v8-m.main+fp/hard\libc.a(libc_a-lseekr.o)
                              C:/Program Files (x86)/Arm/GNU Toolchain mingw-w64-i686-arm-none-eabi/bin/../lib/gcc/arm-none-eabi/15.3.1/../../../../arm-none-eabi/lib/thumb/v8-m.main+fp/hard\libc.a(libc_a-stdio.o) (_lseek_r)
C:/Program Files (x86)/Arm/GNU Toolchain mingw-w64-i686-arm-none-eabi/bin/../lib/gcc/arm-none-eabi/15.3.1/../../../../arm-none-eabi/lib/thumb/v8-m.main+fp/hard\libc.a(libc_a-readr.o)
[...]
Memory Configuration

Name             Origin             Length             Attributes
RAM              0x20000000         0x000a0000         xrw
FLASH            0x08000000         0x00200000         xr
*default*        0x00000000         0xffffffff

Linker script and memory map

LOAD C:/Program Files (x86)/Arm/GNU Toolchain mingw-w64-i686-arm-none-eabi/bin/../lib/gcc/arm-none-eabi/15.3.1/thumb/v8-m.main+fp/hard/crti.o
LOAD C:/Program Files (x86)/Arm/GNU Toolchain mingw-w64-i686-arm-none-eabi/bin/../lib/gcc/arm-none-eabi/15.3.1/thumb/v8-m.main+fp/hard/crtbegin.o
LOAD C:/Program Files (x86)/Arm/GNU Toolchain mingw-w64-i686-arm-none-eabi/bin/../lib/gcc/arm-none-eabi/15.3.1/../../../../arm-none-eabi/lib/thumb/v8-m.main+fp/hard/crt0.o
LOAD build/main.o
LOAD build/stm32h5xx_it.o
LOAD build/system_stm32h5xx.o
LOAD build/stm32h5xx_hal.o
LOAD build/stm32h5xx_hal_cortex.o
LOAD build/stm32h5xx_hal_gpio.o
LOAD build/stm32h5xx_hal_uart.o
LOAD build/stm32h5xx_hal_uart_ex.o
LOAD build/stm32h5xx_hal_rcc.o
LOAD build/stm32h5xx_hal_rcc_ex.o
LOAD build/stm32h5xx_hal_msp.o
LOAD build/stm32h5xx_hal_flash.o
LOAD build/stm32h5xx_hal_flash_ex.o
LOAD build/stm32h5xx_hal_dma.o
LOAD build/stm32h5xx_hal_dma_ex.o
LOAD build/stm32h5xx_hal_pwr.o
LOAD build/stm32h5xx_hal_pwr_ex.o
LOAD build/stm32h5xx_hal_exti.o
LOAD build/stm32h5xx_hal_eth.o
LOAD build/stm32h5xx_hal_eth_ex.o
LOAD build/stm32h5xx_hal_fdcan.o
LOAD build/stm32h5xx_hal_i2c.o
LOAD build/stm32h5xx_hal_i2c_ex.o
LOAD build/stm32h5xx_hal_icache.o
LOAD build/stm32h5xx_ll_sdmmc.o
LOAD build/stm32h5xx_ll_dlyb.o
LOAD build/stm32h5xx_hal_sd.o
LOAD build/stm32h5xx_hal_sd_ex.o
LOAD build/stm32h5xx_hal_mmc.o
LOAD build/stm32h5xx_hal_mmc_ex.o
LOAD build/stm32h5xx_hal_sdio.o
LOAD build/sysmem.o
LOAD build/syscalls.o
LOAD build/startup_stm32h563xx.o
START GROUP
LOAD C:/Program Files (x86)/Arm/GNU Toolchain mingw-w64-i686-arm-none-eabi/bin/../lib/gcc/arm-none-eabi/15.3.1/thumb/v8-m.main+fp/hard\libgcc.a
LOAD C:/Program Files (x86)/Arm/GNU Toolchain mingw-w64-i686-arm-none-eabi/bin/../lib/gcc/arm-none-eabi/15.3.1/../../../../arm-none-eabi/lib/thumb/v8-m.main+fp/hard\libc.a
END GROUP
LOAD C:/Program Files (x86)/Arm/GNU Toolchain mingw-w64-i686-arm-none-eabi/bin/../lib/gcc/arm-none-eabi/15.3.1/thumb/v8-m.main+fp/hard/crtend.o
LOAD C:/Program Files (x86)/Arm/GNU Toolchain mingw-w64-i686-arm-none-eabi/bin/../lib/gcc/arm-none-eabi/15.3.1/thumb/v8-m.main+fp/hard/crtn.o
                0x200a0000                        _estack = (ORIGIN (RAM) + LENGTH (RAM))
                0x2009fc00                        _sstack = (_estack - _Min_Stack_Size)
                0x00000200                        _Min_Heap_Size = 0x200
                0x00000400                        _Min_Stack_Size = 0x400

.isr_vector     0x08000000      0x24c
                0x08000000                        . = ALIGN (0x4)
 *(.isr_vector)
 .isr_vector    0x08000000      0x24c build/startup_stm32h563xx.o
                0x08000000                g_pfnVectors
                0x0800024c                        . = ALIGN (0x4)

.text           0x0800024c     0x7998
                0x0800024c                        . = ALIGN (0x4)
 *(.text)
 .text          0x0800024c       0x30 C:/Program Files (x86)/Arm/GNU Toolchain mingw-w64-i686-arm-none-eabi/bin/../lib/gcc/arm-none-eabi/15.3.1/thumb/v8-m.main+fp/hard\libgcc.a(_aeabi_uldivmod.o)
                0x0800024c                __aeabi_uldivmod
 .text          0x0800027c        0x4 C:/Program Files (x86)/Arm/GNU Toolchain mingw-w64-i686-arm-none-eabi/bin/../lib/gcc/arm-none-eabi/15.3.1/thumb/v8-m.main+fp/hard\libgcc.a(_dvmd_tls.o)
                0x0800027c                __aeabi_idiv0
                0x0800027c                __aeabi_ldiv0
 *(.text*)
 .text.deregister_tm_clones
                0x08000280       0x1c C:/Program Files (x86)/Arm/GNU Toolchain mingw-w64-i686-arm-none-eabi/bin/../lib/gcc/arm-none-eabi/15.3.1/thumb/v8-m.main+fp/hard/crtbegin.o
 .text.register_tm_clones
                0x0800029c       0x28 C:/Program Files (x86)/Arm/GNU Toolchain mingw-w64-i686-arm-none-eabi/bin/../lib/gcc/arm-none-eabi/15.3.1/thumb/v8-m.main+fp/hard/crtbegin.o
 .text.__do_global_dtors_aux
                0x080002c4       0x28 C:/Program Files (x86)/Arm/GNU Toolchain mingw-w64-i686-arm-none-eabi/bin/../lib/gcc/arm-none-eabi/15.3.1/thumb/v8-m.main+fp/hard/crtbegin.o
 .text.frame_dummy
                0x080002ec       0x24 C:/Program Files (x86)/Arm/GNU Toolchain mingw-w64-i686-arm-none-eabi/bin/../lib/gcc/arm-none-eabi/15.3.1/thumb/v8-m.main+fp/hard/crtbegin.o
 .text.MPU_Config
                0x08000310       0x68 build/main.o
 .text.MX_GPIO_Init
                0x08000378       0xf4 build/main.o
 .text.Error_Handler
                0x0800046c        0x4 build/main.o
                0x0800046c                Error_Handler
 .text.MX_ETH_Init
                0x08000470       0x6c build/main.o
 .text.MX_FDCAN1_Init
                0x080004dc       0x44 build/main.o
 .text.MX_I2C1_Init
                0x08000520       0x54 build/main.o
 .text.MX_I2C3_Init
                0x08000574       0x54 build/main.o
 .text.MX_ICACHE_Init
                0x080005c8       0x1a build/main.o
 *fill*         0x080005e2        0x2 
 .text.MX_SDMMC1_SD_Init
                0x080005e4       0x28 build/main.o
 .text.MX_USART1_UART_Init
                0x0800060c       0x60 build/main.o
 .text.SystemClock_Config
                0x0800066c       0xac build/main.o
                0x0800066c                SystemClock_Config
 .text.main     0x08000718       0x30 build/main.o
                0x08000718                main
 .text.NMI_Handler
                0x08000748        0x2 build/stm32h5xx_it.o
                0x08000748                NMI_Handler
 .text.HardFault_Handler
                0x0800074a        0x2 build/stm32h5xx_it.o
                0x0800074a                HardFault_Handler
 .text.MemManage_Handler
                0x0800074c        0x2 build/stm32h5xx_it.o
                0x0800074c                MemManage_Handler
 .text.BusFault_Handler
                0x0800074e        0x2 build/stm32h5xx_it.o
                0x0800074e                BusFault_Handler
 .text.UsageFault_Handler
                0x08000750        0x2 build/stm32h5xx_it.o
                0x08000750                UsageFault_Handler
 .text.SVC_Handler
                0x08000752        0x2 build/stm32h5xx_it.o
                0x08000752                SVC_Handler
 .text.DebugMon_Handler
                0x08000754        0x2 build/stm32h5xx_it.o
                0x08000754                DebugMon_Handler
 .text.PendSV_Handler
                0x08000756        0x2 build/stm32h5xx_it.o
                0x08000756                PendSV_Handler
 .text.SysTick_Handler
                0x08000758        0x8 build/stm32h5xx_it.o
                0x08000758                SysTick_Handler
 .text.USART1_IRQHandler
                0x08000760       0x10 build/stm32h5xx_it.o
                0x08000760                USART1_IRQHandler
 .text.SystemInit
                0x08000770       0xa8 build/system_stm32h5xx.o
                0x08000770                SystemInit
 .text.HAL_InitTick
                0x08000818       0xb4 build/stm32h5xx_hal.o
                0x08000818                HAL_InitTick
 .text.HAL_Init
                0x080008cc       0x48 build/stm32h5xx_hal.o
                0x080008cc                HAL_Init
 .text.HAL_IncTick
                0x08000914       0x18 build/stm32h5xx_hal.o
                0x08000914                HAL_IncTick
 .text.HAL_GetTick
                0x0800092c        0xc build/stm32h5xx_hal.o
                0x0800092c                HAL_GetTick
 .text.HAL_Delay
                0x08000938       0x28 build/stm32h5xx_hal.o
                0x08000938                HAL_Delay
 .text.HAL_SBS_ETHInterfaceSelect
                0x08000960       0x18 build/stm32h5xx_hal.o
                0x08000960                HAL_SBS_ETHInterfaceSelect
 .text.__NVIC_EnableIRQ
                0x08000978       0x1c build/stm32h5xx_hal_cortex.o
 .text.__NVIC_SetPriority
                0x08000994       0x28 build/stm32h5xx_hal_cortex.o
 .text.NVIC_EncodePriority
                0x080009bc       0x46 build/stm32h5xx_hal_cortex.o
 .text.MPU_ConfigRegion
                0x08000a02       0x3c build/stm32h5xx_hal_cortex.o
 .text.MPU_ConfigMemoryAttributes
                0x08000a3e       0x30 build/stm32h5xx_hal_cortex.o
 *fill*         0x08000a6e        0x2 
 .text.HAL_NVIC_SetPriorityGrouping
                0x08000a70       0x24 build/stm32h5xx_hal_cortex.o
                0x08000a70                HAL_NVIC_SetPriorityGrouping
 .text.HAL_NVIC_SetPriority
                0x08000a94       0x20 build/stm32h5xx_hal_cortex.o
                0x08000a94                HAL_NVIC_SetPriority
 .text.HAL_NVIC_EnableIRQ
                0x08000ab4        0x8 build/stm32h5xx_hal_cortex.o
                0x08000ab4                HAL_NVIC_EnableIRQ
 .text.HAL_SYSTICK_Config
                0x08000abc       0x20 build/stm32h5xx_hal_cortex.o
                0x08000abc                HAL_SYSTICK_Config
 .text.HAL_SYSTICK_CLKSourceConfig
                0x08000adc       0x80 build/stm32h5xx_hal_cortex.o
                0x08000adc                HAL_SYSTICK_CLKSourceConfig
 .text.HAL_SYSTICK_GetCLKSourceConfig
                0x08000b5c       0x30 build/stm32h5xx_hal_cortex.o
                0x08000b5c                HAL_SYSTICK_GetCLKSourceConfig
 .text.HAL_MPU_Enable
                0x08000b8c       0x24 build/stm32h5xx_hal_cortex.o
                0x08000b8c                HAL_MPU_Enable
 .text.HAL_MPU_Disable
                0x08000bb0       0x28 build/stm32h5xx_hal_cortex.o
                0x08000bb0                HAL_MPU_Disable
 .text.HAL_MPU_ConfigRegion
                0x08000bd8       0x10 build/stm32h5xx_hal_cortex.o
                0x08000bd8                HAL_MPU_ConfigRegion
 .text.HAL_MPU_ConfigMemoryAttributes
                0x08000be8       0x10 build/stm32h5xx_hal_cortex.o
                0x08000be8                HAL_MPU_ConfigMemoryAttributes
 .text.HAL_GPIO_Init
                0x08000bf8      0x180 build/stm32h5xx_hal_gpio.o
                0x08000bf8                HAL_GPIO_Init
 .text.HAL_GPIO_WritePin
                0x08000d78        0xa build/stm32h5xx_hal_gpio.o
                0x08000d78                HAL_GPIO_WritePin
 .text.UART_EndRxTransfer
                0x08000d82       0x56 build/stm32h5xx_hal_uart.o
 .text.HAL_UART_TxCpltCallback
                0x08000dd8        0x2 build/stm32h5xx_hal_uart.o
                0x08000dd8                HAL_UART_TxCpltCallback
 .text.UART_EndTransmit_IT
                0x08000dda       0x22 build/stm32h5xx_hal_uart.o
 .text.HAL_UART_ErrorCallback
                0x08000dfc        0x2 build/stm32h5xx_hal_uart.o
                0x08000dfc                HAL_UART_ErrorCallback
 .text.UART_DMAAbortOnError
                0x08000dfe        0xa build/stm32h5xx_hal_uart.o
 .text.HAL_UARTEx_RxEventCallback
                0x08000e08        0x2 build/stm32h5xx_hal_uart.o
                0x08000e08                HAL_UARTEx_RxEventCallback
 *fill*         0x08000e0a        0x2 
 .text.HAL_UART_IRQHandler
                0x08000e0c      0x33c build/stm32h5xx_hal_uart.o
                0x08000e0c                HAL_UART_IRQHandler
 .text.UART_SetConfig
                0x08001148      0x228 build/stm32h5xx_hal_uart.o
                0x08001148                UART_SetConfig
 .text.UART_AdvFeatureConfig
                0x08001370       0xca build/stm32h5xx_hal_uart.o
                0x08001370                UART_AdvFeatureConfig
 .text.UART_WaitOnFlagUntilTimeout
                0x0800143a       0x9c build/stm32h5xx_hal_uart.o
                0x0800143a                UART_WaitOnFlagUntilTimeout
 .text.UART_CheckIdleState
                0x080014d6       0xc6 build/stm32h5xx_hal_uart.o
                0x080014d6                UART_CheckIdleState
 .text.HAL_UART_Init
                0x0800159c       0x66 build/stm32h5xx_hal_uart.o
                0x0800159c                HAL_UART_Init
 *fill*         0x08001602        0x2 
 .text.UARTEx_SetNbDataToProcess
                0x08001604       0x54 build/stm32h5xx_hal_uart_ex.o
 .text.HAL_UARTEx_WakeupCallback
                0x08001658        0x2 build/stm32h5xx_hal_uart_ex.o
                0x08001658                HAL_UARTEx_WakeupCallback
 .text.HAL_UARTEx_RxFifoFullCallback
                0x0800165a        0x2 build/stm32h5xx_hal_uart_ex.o
                0x0800165a                HAL_UARTEx_RxFifoFullCallback
 .text.HAL_UARTEx_TxFifoEmptyCallback
                0x0800165c        0x2 build/stm32h5xx_hal_uart_ex.o
                0x0800165c                HAL_UARTEx_TxFifoEmptyCallback
 .text.HAL_UARTEx_DisableFifoMode
                0x0800165e       0x3e build/stm32h5xx_hal_uart_ex.o
                0x0800165e                HAL_UARTEx_DisableFifoMode
 .text.HAL_UARTEx_SetTxFifoThreshold
                0x0800169c       0x4a build/stm32h5xx_hal_uart_ex.o
                0x0800169c                HAL_UARTEx_SetTxFifoThreshold
 .text.HAL_UARTEx_SetRxFifoThreshold
                0x080016e6       0x4a build/stm32h5xx_hal_uart_ex.o
                0x080016e6                HAL_UARTEx_SetRxFifoThreshold
 .text.HAL_RCC_GetSysClockFreq
                0x08001730      0x1d0 build/stm32h5xx_hal_rcc.o
                0x08001730                HAL_RCC_GetSysClockFreq
 .text.HAL_RCC_ClockConfig
                0x08001900      0x298 build/stm32h5xx_hal_rcc.o
                0x08001900                HAL_RCC_ClockConfig
 .text.HAL_RCC_GetHCLKFreq
                0x08001b98       0x2c build/stm32h5xx_hal_rcc.o
                0x08001b98                HAL_RCC_GetHCLKFreq
 .text.HAL_RCC_OscConfig
                0x08001bc4      0x68c build/stm32h5xx_hal_rcc.o
                0x08001bc4                HAL_RCC_OscConfig
 .text.HAL_RCC_GetPCLK1Freq
                0x08002250       0x24 build/stm32h5xx_hal_rcc.o
                0x08002250                HAL_RCC_GetPCLK1Freq
 .text.HAL_RCC_GetPCLK2Freq
                0x08002274       0x24 build/stm32h5xx_hal_rcc.o
                0x08002274                HAL_RCC_GetPCLK2Freq
 .text.HAL_RCC_GetPCLK3Freq
                0x08002298       0x24 build/stm32h5xx_hal_rcc.o
                0x08002298                HAL_RCC_GetPCLK3Freq
 .text.RCCEx_PLL2_Config
                0x080022bc       0xdc build/stm32h5xx_hal_rcc_ex.o
 .text.RCCEx_PLL3_Config
                0x08002398       0xdc build/stm32h5xx_hal_rcc_ex.o
 .text.HAL_RCCEx_PeriphCLKConfig
                0x08002474     0x10f4 build/stm32h5xx_hal_rcc_ex.o
                0x08002474                HAL_RCCEx_PeriphCLKConfig
 .text.HAL_RCCEx_GetPLL1ClockFreq
                0x08003568      0x20c build/stm32h5xx_hal_rcc_ex.o
                0x08003568                HAL_RCCEx_GetPLL1ClockFreq
 .text.HAL_RCCEx_GetPLL2ClockFreq
                0x08003774      0x20c build/stm32h5xx_hal_rcc_ex.o
                0x08003774                HAL_RCCEx_GetPLL2ClockFreq
 .text.HAL_RCCEx_GetPLL3ClockFreq
                0x08003980      0x20c build/stm32h5xx_hal_rcc_ex.o
                0x08003980                HAL_RCCEx_GetPLL3ClockFreq
 .text.HAL_RCCEx_GetPeriphCLKFreq
                0x08003b8c     0x1abc build/stm32h5xx_hal_rcc_ex.o
                0x08003b8c                HAL_RCCEx_GetPeriphCLKFreq
 .text.HAL_MspInit
                0x08005648        0x2 build/stm32h5xx_hal_msp.o
                0x08005648                HAL_MspInit
 *fill*         0x0800564a        0x2 
 .text.HAL_ETH_MspInit
                0x0800564c      0x108 build/stm32h5xx_hal_msp.o
                0x0800564c                HAL_ETH_MspInit
 .text.HAL_FDCAN_MspInit
                0x08005754       0xa4 build/stm32h5xx_hal_msp.o
                0x08005754                HAL_FDCAN_MspInit
 .text.HAL_I2C_MspInit
                0x080057f8      0x144 build/stm32h5xx_hal_msp.o
                0x080057f8                HAL_I2C_MspInit
 .text.HAL_SD_MspInit
                0x0800593c       0xd0 build/stm32h5xx_hal_msp.o
                0x0800593c                HAL_SD_MspInit
 .text.HAL_UART_MspInit
                0x08005a0c       0xac build/stm32h5xx_hal_msp.o
                0x08005a0c                HAL_UART_MspInit
 .text.HAL_DMA_Abort
                0x08005ab8       0xaa build/stm32h5xx_hal_dma.o
                0x08005ab8                HAL_DMA_Abort
 .text.HAL_DMA_Abort_IT
                0x08005b62       0x2e build/stm32h5xx_hal_dma.o
                0x08005b62                HAL_DMA_Abort_IT
 .text.ETH_SetMACConfig
                0x08005b90      0x1c8 build/stm32h5xx_hal_eth.o
 .text.ETH_SetDMAConfig
                0x08005d58       0xac build/stm32h5xx_hal_eth.o
 .text.ETH_MACDMAConfig
                0x08005e04       0xdc build/stm32h5xx_hal_eth.o
 .text.ETH_DMATxDescListInit
                0x08005ee0       0x58 build/stm32h5xx_hal_eth.o
 .text.ETH_DMARxDescListInit
                0x08005f38       0x6a build/stm32h5xx_hal_eth.o
 *fill*         0x08005fa2        0x2 
 .text.HAL_ETH_SetMDIOClockRange
                0x08005fa4       0x68 build/stm32h5xx_hal_eth.o
                0x08005fa4                HAL_ETH_SetMDIOClockRange
 .text.HAL_ETH_Init
                0x0800600c      0x170 build/stm32h5xx_hal_eth.o
                0x0800600c                HAL_ETH_Init
 .text.FDCAN_CalcultateRamBlockAddresses
                0x0800617c       0x78 build/stm32h5xx_hal_fdcan.o
 .text.HAL_FDCAN_Init
                0x080061f4      0x1d4 build/stm32h5xx_hal_fdcan.o
                0x080061f4                HAL_FDCAN_Init
 .text.HAL_I2C_Init
                0x080063c8       0xc8 build/stm32h5xx_hal_i2c.o
                0x080063c8                HAL_I2C_Init
 .text.HAL_I2CEx_ConfigAnalogFilter
                0x08006490       0x5a build/stm32h5xx_hal_i2c_ex.o
                0x08006490                HAL_I2CEx_ConfigAnalogFilter
 .text.HAL_I2CEx_ConfigDigitalFilter
                0x080064ea       0x56 build/stm32h5xx_hal_i2c_ex.o
                0x080064ea                HAL_I2CEx_ConfigDigitalFilter
 .text.HAL_ICACHE_ConfigAssociativityMode
                0x08006540       0x24 build/stm32h5xx_hal_icache.o
                0x08006540                HAL_ICACHE_ConfigAssociativityMode
 .text.HAL_ICACHE_Enable
                0x08006564       0x14 build/stm32h5xx_hal_icache.o
                0x08006564                HAL_ICACHE_Enable
 .text.SDMMC_GetCmdError
                0x08006578       0x40 build/stm32h5xx_ll_sdmmc.o
 .text.SDMMC_Init
                0x080065b8       0x30 build/stm32h5xx_ll_sdmmc.o
                0x080065b8                SDMMC_Init
 .text.SDMMC_ReadFIFO
                0x080065e8        0x6 build/stm32h5xx_ll_sdmmc.o
                0x080065e8                SDMMC_ReadFIFO
 .text.SDMMC_PowerState_ON
                0x080065ee        0xc build/stm32h5xx_ll_sdmmc.o
                0x080065ee                SDMMC_PowerState_ON
 .text.SDMMC_GetPowerState
                0x080065fa        0x8 build/stm32h5xx_ll_sdmmc.o
                0x080065fa                SDMMC_GetPowerState
 *fill*         0x08006602        0x2 
 .text.SDMMC_SendCommand
                0x08006604       0x24 build/stm32h5xx_ll_sdmmc.o
                0x08006604                SDMMC_SendCommand
 .text.SDMMC_GetCommandResponse
                0x08006628        0x6 build/stm32h5xx_ll_sdmmc.o
                0x08006628                SDMMC_GetCommandResponse
 .text.SDMMC_GetResponse
                0x0800662e        0x6 build/stm32h5xx_ll_sdmmc.o
                0x0800662e                SDMMC_GetResponse
 .text.SDMMC_ConfigData
                0x08006634       0x24 build/stm32h5xx_ll_sdmmc.o
                0x08006634                SDMMC_ConfigData
 .text.SDMMC_CmdGoIdleState
                0x08006658       0x26 build/stm32h5xx_ll_sdmmc.o
                0x08006658                SDMMC_CmdGoIdleState
 *fill*         0x0800667e        0x2 
 .text.SDMMC_GetCmdResp1
                0x08006680      0x160 build/stm32h5xx_ll_sdmmc.o
                0x08006680                SDMMC_GetCmdResp1
 .text.SDMMC_CmdBlockLength
                0x080067e0       0x32 build/stm32h5xx_ll_sdmmc.o
                0x080067e0                SDMMC_CmdBlockLength
 .text.SDMMC_CmdSelDesel
                0x08006812       0x32 build/stm32h5xx_ll_sdmmc.o
                0x08006812                SDMMC_CmdSelDesel
 .text.SDMMC_CmdAppCommand
                0x08006844       0x32 build/stm32h5xx_ll_sdmmc.o
                0x08006844                SDMMC_CmdAppCommand
 .text.SDMMC_CmdBusWidth
                0x08006876       0x32 build/stm32h5xx_ll_sdmmc.o
                0x08006876                SDMMC_CmdBusWidth
 .text.SDMMC_CmdSendSCR
                0x080068a8       0x32 build/stm32h5xx_ll_sdmmc.o
                0x080068a8                SDMMC_CmdSendSCR
 .text.SDMMC_CmdSendStatus
                0x080068da       0x32 build/stm32h5xx_ll_sdmmc.o
                0x080068da                SDMMC_CmdSendStatus
 .text.SDMMC_CmdStatusRegister
                0x0800690c       0x32 build/stm32h5xx_ll_sdmmc.o
                0x0800690c                SDMMC_CmdStatusRegister
 *fill*         0x0800693e        0x2 
 .text.SDMMC_GetCmdResp2
                0x08006940       0x60 build/stm32h5xx_ll_sdmmc.o
                0x08006940                SDMMC_GetCmdResp2
 .text.SDMMC_CmdSendCID
                0x080069a0       0x2c build/stm32h5xx_ll_sdmmc.o
                0x080069a0                SDMMC_CmdSendCID
 .text.SDMMC_CmdSendCSD
                0x080069cc       0x2c build/stm32h5xx_ll_sdmmc.o
                0x080069cc                SDMMC_CmdSendCSD
 .text.SDMMC_GetCmdResp3
                0x080069f8       0x54 build/stm32h5xx_ll_sdmmc.o
                0x080069f8                SDMMC_GetCmdResp3
 .text.SDMMC_CmdAppOperCommand
                0x08006a4c       0x2c build/stm32h5xx_ll_sdmmc.o
                0x08006a4c                SDMMC_CmdAppOperCommand
 .text.SDMMC_GetCmdResp6
                0x08006a78       0xa8 build/stm32h5xx_ll_sdmmc.o
                0x08006a78                SDMMC_GetCmdResp6
 .text.SDMMC_CmdSetRelAdd
                0x08006b20       0x32 build/stm32h5xx_ll_sdmmc.o
                0x08006b20                SDMMC_CmdSetRelAdd
 *fill*         0x08006b52        0x2 
 .text.SDMMC_GetCmdResp7
                0x08006b54       0x68 build/stm32h5xx_ll_sdmmc.o
                0x08006b54                SDMMC_GetCmdResp7
 .text.SDMMC_CmdOperCond
                0x08006bbc       0x30 build/stm32h5xx_ll_sdmmc.o
                0x08006bbc                SDMMC_CmdOperCond
 .text.SD_PowerON
                0x08006bec       0xcc build/stm32h5xx_hal_sd.o
 .text.SD_SendSDStatus
                0x08006cb8      0x104 build/stm32h5xx_hal_sd.o
 .text.SD_FindSCR
                0x08006dbc      0x108 build/stm32h5xx_hal_sd.o
 .text.SD_WideBus_Enable
                0x08006ec4       0x4e build/stm32h5xx_hal_sd.o
 .text.SD_WideBus_Disable
                0x08006f12       0x4e build/stm32h5xx_hal_sd.o
 .text.SD_SendStatus
                0x08006f60       0x2e build/stm32h5xx_hal_sd.o
 *fill*         0x08006f8e        0x2 
 .text.HAL_SD_GetCardCSD
                0x08006f90      0x1b8 build/stm32h5xx_hal_sd.o
                0x08006f90                HAL_SD_GetCardCSD
 .text.SD_InitCard
                0x08007148       0xfc build/stm32h5xx_hal_sd.o
 .text.HAL_SD_InitCard
                0x08007244      0x100 build/stm32h5xx_hal_sd.o
                0x08007244                HAL_SD_InitCard
 .text.HAL_SD_GetCardStatus
                0x08007344       0xcc build/stm32h5xx_hal_sd.o
                0x08007344                HAL_SD_GetCardStatus
 .text.HAL_SD_ConfigWideBusOperation
                0x08007410      0x18c build/stm32h5xx_hal_sd.o
                0x08007410                HAL_SD_ConfigWideBusOperation
 .text.HAL_SD_GetCardState
                0x0800759c       0x22 build/stm32h5xx_hal_sd.o
                0x0800759c                HAL_SD_GetCardState
 .text.HAL_SD_Init
                0x080075be       0xc6 build/stm32h5xx_hal_sd.o
                0x080075be                HAL_SD_Init
 .text.Reset_Handler
                0x08007684       0x5c build/startup_stm32h563xx.o
                0x08007684                Reset_Handler
 .text.Default_Handler
                0x080076e0        0x2 build/startup_stm32h563xx.o
                0x080076e0                EXTI2_IRQHandler
                0x080076e0                TIM8_TRG_COM_IRQHandler
                0x080076e0                TIM8_CC_IRQHandler
                0x080076e0                EXTI5_IRQHandler
                0x080076e0                I3C1_ER_IRQHandler
                0x080076e0                UART8_IRQHandler
                0x080076e0                SPI4_IRQHandler
                0x080076e0                GPDMA2_Channel1_IRQHandler
                0x080076e0                FLASH_S_IRQHandler
                0x080076e0                EXTI13_IRQHandler
                0x080076e0                TIM1_CC_IRQHandler
                0x080076e0                GPDMA2_Channel3_IRQHandler
                0x080076e0                TAMP_IRQHandler
                0x080076e0                TIM6_IRQHandler
                0x080076e0                EXTI12_IRQHandler
                0x080076e0                CORDIC_IRQHandler
                0x080076e0                USB_DRD_FS_IRQHandler
                0x080076e0                EXTI3_IRQHandler
                0x080076e0                LPTIM4_IRQHandler
                0x080076e0                GPDMA1_Channel5_IRQHandler
                0x080076e0                EXTI8_IRQHandler
                0x080076e0                GPDMA2_Channel5_IRQHandler
                0x080076e0                LPTIM2_IRQHandler
                0x080076e0                I2C3_ER_IRQHandler
                0x080076e0                GPDMA2_Channel2_IRQHandler
                0x080076e0                USART10_IRQHandler
                0x080076e0                LPTIM3_IRQHandler
                0x080076e0                EXTI0_IRQHandler
                0x080076e0                I2C2_EV_IRQHandler
                0x080076e0                FPU_IRQHandler
                0x080076e0                GPDMA1_Channel3_IRQHandler
                0x080076e0                GPDMA1_Channel7_IRQHandler
                0x080076e0                FDCAN1_IT1_IRQHandler
                0x080076e0                RAMCFG_IRQHandler
                0x080076e0                DCACHE1_IRQHandler
                0x080076e0                SPI1_IRQHandler
                0x080076e0                OCTOSPI1_IRQHandler
                0x080076e0                GPDMA1_Channel2_IRQHandler
                0x080076e0                TIM8_UP_IRQHandler
                0x080076e0                RCC_S_IRQHandler
                0x080076e0                SAI2_IRQHandler
                0x080076e0                ADC1_IRQHandler
                0x080076e0                USART6_IRQHandler
                0x080076e0                EXTI15_IRQHandler
                0x080076e0                TIM17_IRQHandler
                0x080076e0                USART3_IRQHandler
                0x080076e0                RTC_IRQHandler
                0x080076e0                EXTI9_IRQHandler
                0x080076e0                LPTIM5_IRQHandler
                0x080076e0                UART5_IRQHandler
                0x080076e0                TIM4_IRQHandler
                0x080076e0                I2C1_EV_IRQHandler
                0x080076e0                GPDMA1_Channel1_IRQHandler
                0x080076e0                TIM16_IRQHandler
                0x080076e0                UART4_IRQHandler
                0x080076e0                SecureFault_Handler
                0x080076e0                TIM3_IRQHandler
                0x080076e0                RCC_IRQHandler
                0x080076e0                UART9_IRQHandler
                0x080076e0                TIM1_TRG_COM_IRQHandler
                0x080076e0                Default_Handler
                0x080076e0                FMAC_IRQHandler
                0x080076e0                CEC_IRQHandler
                0x080076e0                USART11_IRQHandler
                0x080076e0                TIM14_IRQHandler
                0x080076e0                TIM13_IRQHandler
                0x080076e0                GPDMA2_Channel4_IRQHandler
                0x080076e0                SPI5_IRQHandler
                0x080076e0                TIM12_IRQHandler
                0x080076e0                TIM7_IRQHandler
                0x080076e0                SDMMC1_IRQHandler
                0x080076e0                TIM5_IRQHandler
                0x080076e0                UCPD1_IRQHandler
                0x080076e0                GPDMA1_Channel0_IRQHandler
                0x080076e0                I3C1_EV_IRQHandler
                0x080076e0                TIM15_IRQHandler
                0x080076e0                PVD_AVD_IRQHandler
                0x080076e0                I2C3_EV_IRQHandler
                0x080076e0                ETH_WKUP_IRQHandler
                0x080076e0                ADC2_IRQHandler
                0x080076e0                SPI2_IRQHandler
                0x080076e0                EXTI14_IRQHandler
                0x080076e0                EXTI11_IRQHandler
                0x080076e0                CRS_IRQHandler
                0x080076e0                EXTI4_IRQHandler
                0x080076e0                GPDMA2_Channel0_IRQHandler
                0x080076e0                RTC_S_IRQHandler
                0x080076e0                RNG_IRQHandler
                0x080076e0                FDCAN2_IT1_IRQHandler
                0x080076e0                ETH_IRQHandler
                0x080076e0                GPDMA2_Channel6_IRQHandler
                0x080076e0                TIM1_UP_IRQHandler
                0x080076e0                UART12_IRQHandler
                0x080076e0                WWDG_IRQHandler
                0x080076e0                SPI6_IRQHandler
                0x080076e0                I2C4_EV_IRQHandler
                0x080076e0                FDCAN2_IT0_IRQHandler
                0x080076e0                IWDG_IRQHandler
                0x080076e0                LPUART1_IRQHandler
                0x080076e0                FDCAN1_IT0_IRQHandler
                0x080076e0                TIM2_IRQHandler
                0x080076e0                GPDMA1_Channel4_IRQHandler
                0x080076e0                EXTI7_IRQHandler
                0x080076e0                TIM1_BRK_IRQHandler
                0x080076e0                EXTI1_IRQHandler
                0x080076e0                SDMMC2_IRQHandler
                0x080076e0                LPTIM6_IRQHandler
                0x080076e0                DAC1_IRQHandler
                0x080076e0                DTS_IRQHandler
                0x080076e0                UART7_IRQHandler
                0x080076e0                GTZC_IRQHandler
                0x080076e0                USART2_IRQHandler
                0x080076e0                GPDMA1_Channel6_IRQHandler
                0x080076e0                GPDMA2_Channel7_IRQHandler
                0x080076e0                I2C2_ER_IRQHandler
                0x080076e0                TIM8_BRK_IRQHandler
                0x080076e0                FLASH_IRQHandler
                0x080076e0                EXTI10_IRQHandler
                0x080076e0                SPI3_IRQHandler
                0x080076e0                I2C1_ER_IRQHandler
                0x080076e0                FMC_IRQHandler
                0x080076e0                EXTI6_IRQHandler
                0x080076e0                LPTIM1_IRQHandler
                0x080076e0                DCMI_PSSI_IRQHandler
                0x080076e0                I2C4_ER_IRQHandler
                0x080076e0                ICACHE_IRQHandler
                0x080076e0                SAI1_IRQHandler
                0x080076e0                HASH_IRQHandler
 *fill*         0x080076e2        0x2 
 .text.__udivmoddi4
                0x080076e4      0x340 C:/Program Files (x86)/Arm/GNU Toolchain mingw-w64-i686-arm-none-eabi/bin/../lib/gcc/arm-none-eabi/15.3.1/thumb/v8-m.main+fp/hard\libgcc.a(_udivmoddi4.o)
                0x080076e4                __udivmoddi4
 .text.memset   0x08007a24       0x88 C:/Program Files (x86)/Arm/GNU Toolchain mingw-w64-i686-arm-none-eabi/bin/../lib/gcc/arm-none-eabi/15.3.1/../../../../arm-none-eabi/lib/thumb/v8-m.main+fp/hard\libc.a(libc_a-memset.o)
                0x08007a24                memset
 .text.__libc_init_array
                0x08007aac       0x4c C:/Program Files (x86)/Arm/GNU Toolchain mingw-w64-i686-arm-none-eabi/bin/../lib/gcc/arm-none-eabi/15.3.1/../../../../arm-none-eabi/lib/thumb/v8-m.main+fp/hard\libc.a(libc_a-init.o)
                0x08007aac                __libc_init_array
 .text.__retarget_lock_acquire_recursive
                0x08007af8        0x4 C:/Program Files (x86)/Arm/GNU Toolchain mingw-w64-i686-arm-none-eabi/bin/../lib/gcc/arm-none-eabi/15.3.1/../../../../arm-none-eabi/lib/thumb/v8-m.main+fp/hard\libc.a(libc_a-lock.o)
                0x08007af8                __retarget_lock_acquire_recursive
 .text.__retarget_lock_release_recursive
                0x08007afc        0x4 C:/Program Files (x86)/Arm/GNU Toolchain mingw-w64-i686-arm-none-eabi/bin/../lib/gcc/arm-none-eabi/15.3.1/../../../../arm-none-eabi/lib/thumb/v8-m.main+fp/hard\libc.a(libc_a-lock.o)
                0x08007afc                __retarget_lock_release_recursive
 .text.startup.register_fini
                0x08007b00       0x14 C:/Program Files (x86)/Arm/GNU Toolchain mingw-w64-i686-arm-none-eabi/bin/../lib/gcc/arm-none-eabi/15.3.1/../../../../arm-none-eabi/lib/thumb/v8-m.main+fp/hard\libc.a(libc_a-__call_atexit.o)
 .text.atexit   0x08007b14        0xc C:/Program Files (x86)/Arm/GNU Toolchain mingw-w64-i686-arm-none-eabi/bin/../lib/gcc/arm-none-eabi/15.3.1/../../../../arm-none-eabi/lib/thumb/v8-m.main+fp/hard\libc.a(libc_a-atexit.o)
                0x08007b14                atexit
 .text.__libc_fini_array
                0x08007b20       0x28 C:/Program Files (x86)/Arm/GNU Toolchain mingw-w64-i686-arm-none-eabi/bin/../lib/gcc/arm-none-eabi/15.3.1/../../../../arm-none-eabi/lib/thumb/v8-m.main+fp/hard\libc.a(libc_a-fini.o)
                0x08007b20                __libc_fini_array
 .text.__register_exitproc
                0x08007b48       0x84 C:/Program Files (x86)/Arm/GNU Toolchain mingw-w64-i686-arm-none-eabi/bin/../lib/gcc/arm-none-eabi/15.3.1/../../../../arm-none-eabi/lib/thumb/v8-m.main+fp/hard\libc.a(libc_a-__atexit.o)
                0x08007b48                __register_exitproc
 *(.glue_7)
 .glue_7        0x08007bcc        0x0 linker stubs
 *(.glue_7t)
 .glue_7t       0x08007bcc        0x0 linker stubs
 *(.eh_frame)
 .eh_frame      0x08007bcc        0x0 C:/Program Files (x86)/Arm/GNU Toolchain mingw-w64-i686-arm-none-eabi/bin/../lib/gcc/arm-none-eabi/15.3.1/thumb/v8-m.main+fp/hard/crtbegin.o
 *(.init)
 .init          0x08007bcc        0x4 C:/Program Files (x86)/Arm/GNU Toolchain mingw-w64-i686-arm-none-eabi/bin/../lib/gcc/arm-none-eabi/15.3.1/thumb/v8-m.main+fp/hard/crti.o
                0x08007bcc                _init
 .init          0x08007bd0        0x8 C:/Program Files (x86)/Arm/GNU Toolchain mingw-w64-i686-arm-none-eabi/bin/../lib/gcc/arm-none-eabi/15.3.1/thumb/v8-m.main+fp/hard/crtn.o
 *(.fini)
 .fini          0x08007bd8        0x4 C:/Program Files (x86)/Arm/GNU Toolchain mingw-w64-i686-arm-none-eabi/bin/../lib/gcc/arm-none-eabi/15.3.1/thumb/v8-m.main+fp/hard/crti.o
                0x08007bd8                _fini
 .fini          0x08007bdc        0x8 C:/Program Files (x86)/Arm/GNU Toolchain mingw-w64-i686-arm-none-eabi/bin/../lib/gcc/arm-none-eabi/15.3.1/thumb/v8-m.main+fp/hard/crtn.o
                0x08007be4                        . = ALIGN (0x4)
                0x08007be4                        _etext = .

.vfp11_veneer   0x08007be4        0x0
 .vfp11_veneer  0x08007be4        0x0 linker stubs

.v4_bx          0x08007be4        0x0
 .v4_bx         0x08007be4        0x0 linker stubs

.iplt           0x08007be4        0x0
 .iplt          0x08007be4        0x0 C:/Program Files (x86)/Arm/GNU Toolchain mingw-w64-i686-arm-none-eabi/bin/../lib/gcc/arm-none-eabi/15.3.1/thumb/v8-m.main+fp/hard/crtbegin.o

.rodata         0x08007be4       0x40
                0x08007be4                        . = ALIGN (0x4)
 *(.rodata)
 *(.rodata*)
 .rodata.APBPrescTable
                0x08007be4        0x8 build/system_stm32h5xx.o
                0x08007be4                APBPrescTable
 .rodata.AHBPrescTable
                0x08007bec       0x10 build/system_stm32h5xx.o
                0x08007bec                AHBPrescTable
 .rodata.UARTPrescTable
                0x08007bfc       0x18 build/stm32h5xx_hal_uart.o
                0x08007bfc                UARTPrescTable
 .rodata.denominator.0
                0x08007c14        0x8 build/stm32h5xx_hal_uart_ex.o
 .rodata.numerator.1
                0x08007c1c        0x8 build/stm32h5xx_hal_uart_ex.o
                0x08007c24                        . = ALIGN (0x4)

.ARM.extab      0x08007c24        0x0
                0x08007c24                        . = ALIGN (0x4)
 *(.ARM.extab* .gnu.linkonce.armextab.*)
                0x08007c24                        . = ALIGN (0x4)

.ARM            0x08007c24        0x8
                0x08007c24                        . = ALIGN (0x4)
                0x08007c24                        __exidx_start = .
 *(.ARM.exidx*)
 .ARM.exidx.text.__udivmoddi4
                0x08007c24        0x8 C:/Program Files (x86)/Arm/GNU Toolchain mingw-w64-i686-arm-none-eabi/bin/../lib/gcc/arm-none-eabi/15.3.1/thumb/v8-m.main+fp/hard\libgcc.a(_udivmoddi4.o)
                0x08007c2c                        __exidx_end = .
                0x08007c2c                        . = ALIGN (0x4)

.preinit_array  0x08007c2c        0x0
                0x08007c2c                        . = ALIGN (0x4)
                0x08007c2c                        PROVIDE (__preinit_array_start = .)
 *(.preinit_array*)
                0x08007c2c                        PROVIDE (__preinit_array_end = .)
                0x08007c2c                        . = ALIGN (0x4)

.init_array     0x08007c2c        0x8
                0x08007c2c                        . = ALIGN (0x4)
                0x08007c2c                        PROVIDE (__init_array_start = .)
 *(SORT_BY_NAME(.init_array.*))
 .init_array.00000
                0x08007c2c        0x4 C:/Program Files (x86)/Arm/GNU Toolchain mingw-w64-i686-arm-none-eabi/bin/../lib/gcc/arm-none-eabi/15.3.1/../../../../arm-none-eabi/lib/thumb/v8-m.main+fp/hard\libc.a(libc_a-__call_atexit.o)
 *(.init_array*)
 .init_array    0x08007c30        0x4 C:/Program Files (x86)/Arm/GNU Toolchain mingw-w64-i686-arm-none-eabi/bin/../lib/gcc/arm-none-eabi/15.3.1/thumb/v8-m.main+fp/hard/crtbegin.o
                0x08007c34                        PROVIDE (__init_array_end = .)
                0x08007c34                        . = ALIGN (0x4)

.fini_array     0x08007c34        0x4
                0x08007c34                        . = ALIGN (0x4)
                0x08007c34                        PROVIDE (__fini_array_start = .)
 *(SORT_BY_NAME(.fini_array.*))
 *(.fini_array*)
 .fini_array    0x08007c34        0x4 C:/Program Files (x86)/Arm/GNU Toolchain mingw-w64-i686-arm-none-eabi/bin/../lib/gcc/arm-none-eabi/15.3.1/thumb/v8-m.main+fp/hard/crtbegin.o
                0x08007c38                        PROVIDE (__fini_array_end = .)
                0x08007c38                        . = ALIGN (0x4)
                0x08007c38                        _sidata = LOADADDR (.data)

.rel.dyn        0x08007c38        0x0
 .rel.iplt      0x08007c38        0x0 C:/Program Files (x86)/Arm/GNU Toolchain mingw-w64-i686-arm-none-eabi/bin/../lib/gcc/arm-none-eabi/15.3.1/thumb/v8-m.main+fp/hard/crtbegin.o

.data           0x20000000       0x10 load address 0x08007c38
                0x20000000                        . = ALIGN (0x4)
                0x20000000                        _sdata = .
 *(.data)
 *(.data*)
 .data.SystemCoreClock
                0x20000000        0x4 build/system_stm32h5xx.o
                0x20000000                SystemCoreClock
 .data.uwTickFreq
                0x20000004        0x1 build/stm32h5xx_hal.o
                0x20000004                uwTickFreq
 *fill*         0x20000005        0x3 
 .data.uwTickPrio
                0x20000008        0x4 build/stm32h5xx_hal.o
                0x20000008                uwTickPrio
 .data.__atexit_recursive_mutex
                0x2000000c        0x4 C:/Program Files (x86)/Arm/GNU Toolchain mingw-w64-i686-arm-none-eabi/bin/../lib/gcc/arm-none-eabi/15.3.1/../../../../arm-none-eabi/lib/thumb/v8-m.main+fp/hard\libc.a(libc_a-__call_atexit.o)
                0x2000000c                __atexit_recursive_mutex
 *(.RamFunc)
 *(.RamFunc*)
                0x20000010                        . = ALIGN (0x4)

.tm_clone_table
                0x20000010        0x0 load address 0x08007c48
 .tm_clone_table
                0x20000010        0x0 C:/Program Files (x86)/Arm/GNU Toolchain mingw-w64-i686-arm-none-eabi/bin/../lib/gcc/arm-none-eabi/15.3.1/thumb/v8-m.main+fp/hard/crtbegin.o
 .tm_clone_table
                0x20000010        0x0 C:/Program Files (x86)/Arm/GNU Toolchain mingw-w64-i686-arm-none-eabi/bin/../lib/gcc/arm-none-eabi/15.3.1/thumb/v8-m.main+fp/hard/crtend.o

.igot.plt       0x20000010        0x0 load address 0x08007c48
 .igot.plt      0x20000010        0x0 C:/Program Files (x86)/Arm/GNU Toolchain mingw-w64-i686-arm-none-eabi/bin/../lib/gcc/arm-none-eabi/15.3.1/thumb/v8-m.main+fp/hard/crtbegin.o

.tdata          0x20000010        0x0 load address 0x08007c48
 *(.tdata .tdata.* .gnu.linkonce.td.*)
                0x20000010                        . = ALIGN (0x4)
                0x20000010                        _edata = .
                [!provide]                        PROVIDE (__data_end = .)
                [!provide]                        PROVIDE (__tdata_end = .)
                [!provide]                        PROVIDE (__tdata_start = ADDR (.tdata))
                [!provide]                        PROVIDE (__tdata_size = (__tdata_end - __tdata_start))
                [!provide]                        PROVIDE (__data_start = ADDR (.data))
                [!provide]                        PROVIDE (__data_size = (__data_end - __data_start))
                [!provide]                        PROVIDE (__tdata_source = LOADADDR (.tdata))
                [!provide]                        PROVIDE (__tdata_source_end = (LOADADDR (.tdata) + SIZEOF (.tdata)))
                [!provide]                        PROVIDE (__tdata_source_size = (__tdata_source_end - __tdata_source))
                [!provide]                        PROVIDE (__data_source = LOADADDR (.data))
                [!provide]                        PROVIDE (__data_source_end = __tdata_source_end)
                [!provide]                        PROVIDE (__data_source_size = (__data_source_end - __data_source))

.tbss           0x20000010        0x0 load address 0x08007c48
                0x20000010                        _sbss = .
                0x20000010                        __bss_start__ = _sbss
 *(.tbss .tbss.*)
                0x20000010                        . = ALIGN (0x4)
                [!provide]                        PROVIDE (__tbss_end = .)
                [!provide]                        PROVIDE (__tbss_start = ADDR (.tbss))
                [!provide]                        PROVIDE (__tbss_size = (__tbss_end - __tbss_start))
                [!provide]                        PROVIDE (__tbss_offset = (ADDR (.tbss) - ADDR (.tdata)))
                [!provide]                        PROVIDE (__tls_base = __tdata_start)
                [!provide]                        PROVIDE (__tls_end = __tbss_end)
                [!provide]                        PROVIDE (__tls_size = (__tls_end - __tls_base))
                [!provide]                        PROVIDE (__tls_align = MAX (ALIGNOF (.tdata), ALIGNOF (.tbss)))
                [!provide]                        PROVIDE (__tls_size_align = (((__tls_size + __tls_align) - 0x1) & ~ ((__tls_align - 0x1))))
                [!provide]                        PROVIDE (__arm32_tls_tcb_offset = MAX (0x8, __tls_align))
                [!provide]                        PROVIDE (__arm64_tls_tcb_offset = MAX (0x10, __tls_align))

.bss            0x20000010      0x584 load address 0x08007c48
 *(.bss)
 *(.bss*)
 .bss.completed.1
                0x20000010        0x1 C:/Program Files (x86)/Arm/GNU Toolchain mingw-w64-i686-arm-none-eabi/bin/../lib/gcc/arm-none-eabi/15.3.1/thumb/v8-m.main+fp/hard/crtbegin.o
 *fill*         0x20000011        0x3 
 .bss.object.0  0x20000014       0x18 C:/Program Files (x86)/Arm/GNU Toolchain mingw-w64-i686-arm-none-eabi/bin/../lib/gcc/arm-none-eabi/15.3.1/thumb/v8-m.main+fp/hard/crtbegin.o
 .bss.MACAddr.0
                0x2000002c        0x6 build/main.o
 *fill*         0x20000032        0x2 
 .bss.huart1    0x20000034       0x94 build/main.o
                0x20000034                huart1
 .bss.hsd1      0x200000c8       0x7c build/main.o
                0x200000c8                hsd1
 .bss.hi2c3     0x20000144       0x54 build/main.o
                0x20000144                hi2c3
 .bss.hi2c1     0x20000198       0x54 build/main.o
                0x20000198                hi2c1
 .bss.hfdcan1   0x200001ec       0x64 build/main.o
                0x200001ec                hfdcan1
 .bss.heth      0x20000250       0xb0 build/main.o
                0x20000250                heth
 .bss.DMATxDscrTab
                0x20000300       0x60 build/main.o
                0x20000300                DMATxDscrTab
 .bss.DMARxDscrTab
                0x20000360       0x60 build/main.o
                0x20000360                DMARxDscrTab
 .bss.TxConfig  0x200003c0       0x38 build/main.o
                0x200003c0                TxConfig
 .bss.uwTick    0x200003f8        0x4 build/stm32h5xx_hal.o
                0x200003f8                uwTick
 .bss.__lock___atexit_recursive_mutex
                0x200003fc        0x1 C:/Program Files (x86)/Arm/GNU Toolchain mingw-w64-i686-arm-none-eabi/bin/../lib/gcc/arm-none-eabi/15.3.1/../../../../arm-none-eabi/lib/thumb/v8-m.main+fp/hard\libc.a(libc_a-lock.o)
                0x200003fc                __lock___atexit_recursive_mutex
 *fill*         0x200003fd        0x3 
 .bss.__atexit  0x20000400        0x4 C:/Program Files (x86)/Arm/GNU Toolchain mingw-w64-i686-arm-none-eabi/bin/../lib/gcc/arm-none-eabi/15.3.1/../../../../arm-none-eabi/lib/thumb/v8-m.main+fp/hard\libc.a(libc_a-__call_atexit.o)
                0x20000400                __atexit
 .bss.__atexit0
                0x20000404      0x190 C:/Program Files (x86)/Arm/GNU Toolchain mingw-w64-i686-arm-none-eabi/bin/../lib/gcc/arm-none-eabi/15.3.1/../../../../arm-none-eabi/lib/thumb/v8-m.main+fp/hard\libc.a(libc_a-__atexit.o)
                0x20000404                __atexit0
 *(COMMON)
                0x20000594                        . = ALIGN (0x4)
                0x20000594                        _ebss = .
                0x20000594                        __bss_end__ = _ebss
                [!provide]                        PROVIDE (__bss_end = .)
                [!provide]                        PROVIDE (__non_tls_bss_start = ADDR (.bss))
                [!provide]                        PROVIDE (__bss_start = __tbss_start)
                [!provide]                        PROVIDE (__bss_size = (__bss_end - __bss_start))

._user_heap_stack
                0x20000594      0x604 load address 0x08007c48
                0x20000598                        . = ALIGN (0x8)
 *fill*         0x20000594        0x4 
                [!provide]                        PROVIDE (end = .)
                0x20000598                        PROVIDE (_end = .)
                0x20000798                        . = (. + _Min_Heap_Size)
 *fill*         0x20000598      0x200 
                0x20000b98                        . = (. + _Min_Stack_Size)
 *fill*         0x20000798      0x400 
                0x20000b98                        . = ALIGN (0x8)

/DISCARD/
 libc.a:*(*)
 libm.a:*(*)
 libgcc.a:*(*)

.ARM.attributes
                0x00000000       0x36
 *(.ARM.attributes)
 .ARM.attributes
                0x00000000       0x26 C:/Program Files (x86)/Arm/GNU Toolchain mingw-w64-i686-arm-none-eabi/bin/../lib/gcc/arm-none-eabi/15.3.1/thumb/v8-m.main+fp/hard/crti.o
 .ARM.attributes
                0x00000026       0x38 C:/Program Files (x86)/Arm/GNU Toolchain mingw-w64-i686-arm-none-eabi/bin/../lib/gcc/arm-none-eabi/15.3.1/thumb/v8-m.main+fp/hard/crtbegin.o
 .ARM.attributes
                0x0000005e       0x3a build/main.o
 .ARM.attributes
                0x00000098       0x3a build/stm32h5xx_it.o
 .ARM.attributes
                0x000000d2       0x3a build/system_stm32h5xx.o
 .ARM.attributes
                0x0000010c       0x3a build/stm32h5xx_hal.o
 .ARM.attributes
                0x00000146       0x3a build/stm32h5xx_hal_cortex.o
 .ARM.attributes
                0x00000180       0x3a build/stm32h5xx_hal_gpio.o
 .ARM.attributes
                0x000001ba       0x3a build/stm32h5xx_hal_uart.o
 .ARM.attributes
                0x000001f4       0x3a build/stm32h5xx_hal_uart_ex.o
 .ARM.attributes
                0x0000022e       0x3a build/stm32h5xx_hal_rcc.o
 .ARM.attributes
                0x00000268       0x3a build/stm32h5xx_hal_rcc_ex.o
 .ARM.attributes
                0x000002a2       0x3a build/stm32h5xx_hal_msp.o
 .ARM.attributes
                0x000002dc       0x3a build/stm32h5xx_hal_dma.o
 .ARM.attributes
                0x00000316       0x3a build/stm32h5xx_hal_eth.o
 .ARM.attributes
                0x00000350       0x3a build/stm32h5xx_hal_fdcan.o
 .ARM.attributes
                0x0000038a       0x3a build/stm32h5xx_hal_i2c.o
 .ARM.attributes
                0x000003c4       0x3a build/stm32h5xx_hal_i2c_ex.o
 .ARM.attributes
                0x000003fe       0x3a build/stm32h5xx_hal_icache.o
 .ARM.attributes
                0x00000438       0x3a build/stm32h5xx_ll_sdmmc.o
 .ARM.attributes
                0x00000472       0x3a build/stm32h5xx_hal_sd.o
 .ARM.attributes
                0x000004ac       0x24 build/startup_stm32h563xx.o
 .ARM.attributes
                0x000004d0       0x26 C:/Program Files (x86)/Arm/GNU Toolchain mingw-w64-i686-arm-none-eabi/bin/../lib/gcc/arm-none-eabi/15.3.1/thumb/v8-m.main+fp/hard\libgcc.a(_aeabi_uldivmod.o)
 .ARM.attributes
                0x000004f6       0x38 C:/Program Files (x86)/Arm/GNU Toolchain mingw-w64-i686-arm-none-eabi/bin/../lib/gcc/arm-none-eabi/15.3.1/thumb/v8-m.main+fp/hard\libgcc.a(_udivmoddi4.o)
 .ARM.attributes
                0x0000052e       0x26 C:/Program Files (x86)/Arm/GNU Toolchain mingw-w64-i686-arm-none-eabi/bin/../lib/gcc/arm-none-eabi/15.3.1/thumb/v8-m.main+fp/hard\libgcc.a(_dvmd_tls.o)
 .ARM.attributes
                0x00000554       0x38 C:/Program Files (x86)/Arm/GNU Toolchain mingw-w64-i686-arm-none-eabi/bin/../lib/gcc/arm-none-eabi/15.3.1/../../../../arm-none-eabi/lib/thumb/v8-m.main+fp/hard\libc.a(libc_a-memset.o)
 .ARM.attributes
                0x0000058c       0x38 C:/Program Files (x86)/Arm/GNU Toolchain mingw-w64-i686-arm-none-eabi/bin/../lib/gcc/arm-none-eabi/15.3.1/../../../../arm-none-eabi/lib/thumb/v8-m.main+fp/hard\libc.a(libc_a-init.o)
 .ARM.attributes
                0x000005c4       0x38 C:/Program Files (x86)/Arm/GNU Toolchain mingw-w64-i686-arm-none-eabi/bin/../lib/gcc/arm-none-eabi/15.3.1/../../../../arm-none-eabi/lib/thumb/v8-m.main+fp/hard\libc.a(libc_a-lock.o)
 .ARM.attributes
                0x000005fc       0x38 C:/Program Files (x86)/Arm/GNU Toolchain mingw-w64-i686-arm-none-eabi/bin/../lib/gcc/arm-none-eabi/15.3.1/../../../../arm-none-eabi/lib/thumb/v8-m.main+fp/hard\libc.a(libc_a-__call_atexit.o)
 .ARM.attributes
                0x00000634       0x38 C:/Program Files (x86)/Arm/GNU Toolchain mingw-w64-i686-arm-none-eabi/bin/../lib/gcc/arm-none-eabi/15.3.1/../../../../arm-none-eabi/lib/thumb/v8-m.main+fp/hard\libc.a(libc_a-atexit.o)
 .ARM.attributes
                0x0000066c       0x38 C:/Program Files (x86)/Arm/GNU Toolchain mingw-w64-i686-arm-none-eabi/bin/../lib/gcc/arm-none-eabi/15.3.1/../../../../arm-none-eabi/lib/thumb/v8-m.main+fp/hard\libc.a(libc_a-fini.o)
 .ARM.attributes
                0x000006a4       0x38 C:/Program Files (x86)/Arm/GNU Toolchain mingw-w64-i686-arm-none-eabi/bin/../lib/gcc/arm-none-eabi/15.3.1/../../../../arm-none-eabi/lib/thumb/v8-m.main+fp/hard\libc.a(libc_a-__atexit.o)
 .ARM.attributes
                0x000006dc       0x38 C:/Program Files (x86)/Arm/GNU Toolchain mingw-w64-i686-arm-none-eabi/bin/../lib/gcc/arm-none-eabi/15.3.1/thumb/v8-m.main+fp/hard/crtend.o
 .ARM.attributes
                0x00000714       0x26 C:/Program Files (x86)/Arm/GNU Toolchain mingw-w64-i686-arm-none-eabi/bin/../lib/gcc/arm-none-eabi/15.3.1/thumb/v8-m.main+fp/hard/crtn.o
OUTPUT(build/GPS_Verification.elf elf32-littlearm)
LOAD linker stubs

.debug_info     0x00000000    0x2492f
 .debug_info    0x00000000     0x379d build/main.o
 .debug_info    0x0000379d      0x97e build/stm32h5xx_it.o
 .debug_info    0x0000411b      0xdc0 build/system_stm32h5xx.o
 .debug_info    0x00004edb     0x14b0 build/stm32h5xx_hal.o
 .debug_info    0x0000638b     0x18f0 build/stm32h5xx_hal_cortex.o
 .debug_info    0x00007c7b      0x70b build/stm32h5xx_hal_gpio.o
 .debug_info    0x00008386     0x52b3 build/stm32h5xx_hal_uart.o
 .debug_info    0x0000d639     0x1321 build/stm32h5xx_hal_uart_ex.o
 .debug_info    0x0000e95a     0x13b8 build/stm32h5xx_hal_rcc.o
 .debug_info    0x0000fd12     0x2180 build/stm32h5xx_hal_rcc_ex.o
 .debug_info    0x00011e92     0x36e3 build/stm32h5xx_hal_msp.o
 .debug_info    0x00015575      0xc98 build/stm32h5xx_hal_dma.o
 .debug_info    0x0001620d     0x2f35 build/stm32h5xx_hal_eth.o
 .debug_info    0x00019142     0x1caa build/stm32h5xx_hal_fdcan.o
 .debug_info    0x0001adec     0x4579 build/stm32h5xx_hal_i2c.o
 .debug_info    0x0001f365      0x925 build/stm32h5xx_hal_i2c_ex.o
 .debug_info    0x0001fc8a      0x585 build/stm32h5xx_hal_icache.o
 .debug_info    0x0002020f     0x214c build/stm32h5xx_ll_sdmmc.o
 .debug_info    0x0002235b     0x25a4 build/stm32h5xx_hal_sd.o
 .debug_info    0x000248ff       0x30 build/startup_stm32h563xx.o

.debug_abbrev   0x00000000     0x2fc0
 .debug_abbrev  0x00000000      0x314 build/main.o
 .debug_abbrev  0x00000314      0x195 build/stm32h5xx_it.o
 .debug_abbrev  0x000004a9      0x149 build/system_stm32h5xx.o
 .debug_abbrev  0x000005f2      0x2bd build/stm32h5xx_hal.o
 .debug_abbrev  0x000008af      0x3a7 build/stm32h5xx_hal_cortex.o
 .debug_abbrev  0x00000c56      0x214 build/stm32h5xx_hal_gpio.o
 .debug_abbrev  0x00000e6a      0x344 build/stm32h5xx_hal_uart.o
 .debug_abbrev  0x000011ae      0x348 build/stm32h5xx_hal_uart_ex.o
 .debug_abbrev  0x000014f6      0x26d build/stm32h5xx_hal_rcc.o
 .debug_abbrev  0x00001763      0x293 build/stm32h5xx_hal_rcc_ex.o
 .debug_abbrev  0x000019f6      0x2b5 build/stm32h5xx_hal_msp.o
 .debug_abbrev  0x00001cab      0x22f build/stm32h5xx_hal_dma.o
 .debug_abbrev  0x00001eda      0x34b build/stm32h5xx_hal_eth.o
 .debug_abbrev  0x00002225      0x214 build/stm32h5xx_hal_fdcan.o
 .debug_abbrev  0x00002439      0x2b2 build/stm32h5xx_hal_i2c.o
 .debug_abbrev  0x000026eb      0x1b7 build/stm32h5xx_hal_i2c_ex.o
 .debug_abbrev  0x000028a2      0x224 build/stm32h5xx_hal_icache.o
 .debug_abbrev  0x00002ac6      0x23f build/stm32h5xx_ll_sdmmc.o
 .debug_abbrev  0x00002d05      0x297 build/stm32h5xx_hal_sd.o
 .debug_abbrev  0x00002f9c       0x24 build/startup_stm32h563xx.o

.debug_aranges  0x00000000     0x1538
 .debug_aranges
                0x00000000       0x78 build/main.o
 .debug_aranges
                0x00000078       0x68 build/stm32h5xx_it.o
 .debug_aranges
                0x000000e0       0x28 build/system_stm32h5xx.o
 .debug_aranges
                0x00000108      0x200 build/stm32h5xx_hal.o
 .debug_aranges
                0x00000308      0x110 build/stm32h5xx_hal_cortex.o
 .debug_aranges
                0x00000418       0x78 build/stm32h5xx_hal_gpio.o
 .debug_aranges
                0x00000490      0x248 build/stm32h5xx_hal_uart.o
 .debug_aranges
                0x000006d8       0xa8 build/stm32h5xx_hal_uart_ex.o
 .debug_aranges
                0x00000780       0xa0 build/stm32h5xx_hal_rcc.o
 .debug_aranges
                0x00000820      0x108 build/stm32h5xx_hal_rcc_ex.o
 .debug_aranges
                0x00000928       0x70 build/stm32h5xx_hal_msp.o
 .debug_aranges
                0x00000998       0xa0 build/stm32h5xx_hal_dma.o
 .debug_aranges
                0x00000a38      0x1e0 build/stm32h5xx_hal_eth.o
 .debug_aranges
                0x00000c18      0x208 build/stm32h5xx_hal_fdcan.o
 .debug_aranges
                0x00000e20      0x2a0 build/stm32h5xx_hal_i2c.o
 .debug_aranges
                0x000010c0       0x40 build/stm32h5xx_hal_i2c_ex.o
 .debug_aranges
                0x00001100       0xa8 build/stm32h5xx_hal_icache.o
 .debug_aranges
                0x000011a8      0x208 build/stm32h5xx_ll_sdmmc.o
 .debug_aranges
                0x000013b0      0x160 build/stm32h5xx_hal_sd.o
 .debug_aranges
                0x00001510       0x28 build/startup_stm32h563xx.o

.debug_rnglists
                0x00000000     0x1039
 .debug_rnglists
                0x00000000       0x57 build/main.o
 .debug_rnglists
                0x00000057       0x49 build/stm32h5xx_it.o
 .debug_rnglists
                0x000000a0       0x1b build/system_stm32h5xx.o
 .debug_rnglists
                0x000000bb      0x17c build/stm32h5xx_hal.o
 .debug_rnglists
                0x00000237       0xc8 build/stm32h5xx_hal_cortex.o
 .debug_rnglists
                0x000002ff       0x57 build/stm32h5xx_hal_gpio.o
 .debug_rnglists
                0x00000356      0x1d6 build/stm32h5xx_hal_uart.o
 .debug_rnglists
                0x0000052c       0x88 build/stm32h5xx_hal_uart_ex.o
 .debug_rnglists
                0x000005b4       0x79 build/stm32h5xx_hal_rcc.o
 .debug_rnglists
                0x0000062d       0xce build/stm32h5xx_hal_rcc_ex.o
 .debug_rnglists
                0x000006fb       0x54 build/stm32h5xx_hal_msp.o
 .debug_rnglists
                0x0000074f       0x79 build/stm32h5xx_hal_dma.o
 .debug_rnglists
                0x000007c8      0x171 build/stm32h5xx_hal_eth.o
 .debug_rnglists
                0x00000939      0x189 build/stm32h5xx_hal_fdcan.o
 .debug_rnglists
                0x00000ac2      0x21e build/stm32h5xx_hal_i2c.o
 .debug_rnglists
                0x00000ce0       0x2b build/stm32h5xx_hal_i2c_ex.o
 .debug_rnglists
                0x00000d0b       0x79 build/stm32h5xx_hal_icache.o
 .debug_rnglists
                0x00000d84      0x185 build/stm32h5xx_ll_sdmmc.o
 .debug_rnglists
                0x00000f09      0x117 build/stm32h5xx_hal_sd.o
 .debug_rnglists
                0x00001020       0x19 build/startup_stm32h563xx.o

.debug_macro    0x00000000    0x33b63
 .debug_macro   0x00000000      0x2f1 build/main.o
 .debug_macro   0x000002f1      0xaf6 build/main.o
 .debug_macro   0x00000de7      0x214 build/main.o
 .debug_macro   0x00000ffb       0x22 build/main.o
 .debug_macro   0x0000101d       0x75 build/main.o
 .debug_macro   0x00001092       0x2a build/main.o
 .debug_macro   0x000010bc       0x94 build/main.o
 .debug_macro   0x00001150       0x3c build/main.o
 .debug_macro   0x0000118c       0x34 build/main.o
 .debug_macro   0x000011c0      0x1a5 build/main.o
 .debug_macro   0x00001365       0x73 build/main.o
 .debug_macro   0x000013d8      0x364 build/main.o
 .debug_macro   0x0000173c       0x16 build/main.o
 .debug_macro   0x00001752       0x4a build/main.o
 .debug_macro   0x0000179c       0x34 build/main.o
 .debug_macro   0x000017d0       0x10 build/main.o
 .debug_macro   0x000017e0       0x58 build/main.o
 .debug_macro   0x00001838      0x1e5 build/main.o
 .debug_macro   0x00001a1d      0x19b build/main.o
 .debug_macro   0x00001bb8       0x28 build/main.o
 .debug_macro   0x00001be0       0x49 build/main.o
 .debug_macro   0x00001c29      0x103 build/main.o
 .debug_macro   0x00001d2c       0x6a build/main.o
 .debug_macro   0x00001d96      0x1d0 build/main.o
 .debug_macro   0x00001f66       0x1c build/main.o
 .debug_macro   0x00001f82       0x29 build/main.o
 .debug_macro   0x00001fab       0xfb build/main.o
 .debug_macro   0x000020a6     0x1685 build/main.o
 .debug_macro   0x0000372b       0x5e build/main.o
 .debug_macro   0x00003789    0x2108f build/main.o
 .debug_macro   0x00024818       0x6d build/main.o
 .debug_macro   0x00024885     0x3891 build/main.o
 .debug_macro   0x00028116       0x63 build/main.o
 .debug_macro   0x00028179     0x1f0d build/main.o
 .debug_macro   0x0002a086      0xe96 build/main.o
 .debug_macro   0x0002af1c      0x166 build/main.o
 .debug_macro   0x0002b082      0x30b build/main.o
 .debug_macro   0x0002b38d       0xca build/main.o
 .debug_macro   0x0002b457      0x917 build/main.o
 .debug_macro   0x0002bd6e      0x478 build/main.o
 .debug_macro   0x0002c1e6       0xd6 build/main.o
 .debug_macro   0x0002c2bc      0x1cd build/main.o
 .debug_macro   0x0002c489      0x55b build/main.o
 .debug_macro   0x0002c9e4      0x646 build/main.o
 .debug_macro   0x0002d02a       0x7b build/main.o
 .debug_macro   0x0002d0a5      0x22c build/main.o
 .debug_macro   0x0002d2d1       0x35 build/main.o
 .debug_macro   0x0002d306       0xa5 build/main.o
 .debug_macro   0x0002d3ab      0x313 build/main.o
 .debug_macro   0x0002d6be      0x1bb build/main.o
 .debug_macro   0x0002d879      0xa0c build/main.o
 .debug_macro   0x0002e285       0x1c build/main.o
 .debug_macro   0x0002e2a1      0x1ce build/main.o
 .debug_macro   0x0002e46f       0x28 build/main.o
 .debug_macro   0x0002e497      0x693 build/main.o
 .debug_macro   0x0002eb2a       0xa6 build/main.o
 .debug_macro   0x0002ebd0      0x2ae build/main.o
 .debug_macro   0x0002ee7e      0xa80 build/main.o
 .debug_macro   0x0002f8fe      0x129 build/main.o
 .debug_macro   0x0002fa27      0x6bd build/main.o
 .debug_macro   0x000300e4      0x47e build/main.o
 .debug_macro   0x00030562       0xe8 build/main.o
 .debug_macro   0x0003064a       0x16 build/main.o
 .debug_macro   0x00030660       0x3c build/main.o
 .debug_macro   0x0003069c      0x2d0 build/stm32h5xx_it.o
 .debug_macro   0x0003096c      0x2be build/system_stm32h5xx.o
 .debug_macro   0x00030c2a      0x2ed build/stm32h5xx_hal.o
 .debug_macro   0x00030f17      0x2b7 build/stm32h5xx_hal_cortex.o
 .debug_macro   0x000311ce      0x2ed build/stm32h5xx_hal_gpio.o
 .debug_macro   0x000314bb      0x2e2 build/stm32h5xx_hal_uart.o
 .debug_macro   0x0003179d      0x2c3 build/stm32h5xx_hal_uart_ex.o
 .debug_macro   0x00031a60      0x2f9 build/stm32h5xx_hal_rcc.o
 .debug_macro   0x00031d59      0x2c9 build/stm32h5xx_hal_rcc_ex.o
 .debug_macro   0x00032022      0x2c6 build/stm32h5xx_hal_msp.o
 .debug_macro   0x000322e8      0x2b8 build/stm32h5xx_hal_dma.o
 .debug_macro   0x000325a0      0x34b build/stm32h5xx_hal_eth.o
 .debug_macro   0x000328eb      0x3c9 build/stm32h5xx_hal_fdcan.o
 .debug_macro   0x00032cb4      0x383 build/stm32h5xx_hal_i2c.o
 .debug_macro   0x00033037      0x2b7 build/stm32h5xx_hal_i2c_ex.o
 .debug_macro   0x000332ee      0x2e9 build/stm32h5xx_hal_icache.o
 .debug_macro   0x000335d7      0x2b8 build/stm32h5xx_ll_sdmmc.o
 .debug_macro   0x0003388f      0x2d4 build/stm32h5xx_hal_sd.o

.debug_line     0x00000000    0x20e90
 .debug_line    0x00000000      0xd2f build/main.o
 .debug_line    0x00000d2f      0x776 build/stm32h5xx_it.o
 .debug_line    0x000014a5      0x8c9 build/system_stm32h5xx.o
 .debug_line    0x00001d6e      0xe97 build/stm32h5xx_hal.o
 .debug_line    0x00002c05      0xde8 build/stm32h5xx_hal_cortex.o
 .debug_line    0x000039ed      0xb8c build/stm32h5xx_hal_gpio.o
 .debug_line    0x00004579     0x4d33 build/stm32h5xx_hal_uart.o
 .debug_line    0x000092ac      0xefa build/stm32h5xx_hal_uart_ex.o
 .debug_line    0x0000a1a6     0x173c build/stm32h5xx_hal_rcc.o
 .debug_line    0x0000b8e2     0x3f85 build/stm32h5xx_hal_rcc_ex.o
 .debug_line    0x0000f867      0xb99 build/stm32h5xx_hal_msp.o
 .debug_line    0x00010400     0x153a build/stm32h5xx_hal_dma.o
 .debug_line    0x0001193a     0x21d6 build/stm32h5xx_hal_eth.o
 .debug_line    0x00013b10     0x1f58 build/stm32h5xx_hal_fdcan.o
 .debug_line    0x00015a68     0x564b build/stm32h5xx_hal_i2c.o
 .debug_line    0x0001b0b3      0x8d8 build/stm32h5xx_hal_i2c_ex.o
 .debug_line    0x0001b98b      0xa42 build/stm32h5xx_hal_icache.o
 .debug_line    0x0001c3cd     0x1ba8 build/stm32h5xx_ll_sdmmc.o
 .debug_line    0x0001df75     0x2ea2 build/stm32h5xx_hal_sd.o
 .debug_line    0x00020e17       0x79 build/startup_stm32h563xx.o

.debug_str      0x00000000   0x144b95
 .debug_str     0x00000000   0x144b95 build/main.o
                             0x13d111 (size before relaxing)
 .debug_str     0x00144b95        0x0 build/stm32h5xx_it.o
                             0x13b606 (size before relaxing)
 .debug_str     0x00144b95        0x0 build/system_stm32h5xx.o
                             0x13b241 (size before relaxing)
 .debug_str     0x00144b95        0x0 build/stm32h5xx_hal.o
                             0x13c091 (size before relaxing)
 .debug_str     0x00144b95        0x0 build/stm32h5xx_hal_cortex.o
                             0x13bc1c (size before relaxing)
 .debug_str     0x00144b95        0x0 build/stm32h5xx_hal_gpio.o
                             0x13afa6 (size before relaxing)
 .debug_str     0x00144b95        0x0 build/stm32h5xx_hal_uart.o
                             0x13bc98 (size before relaxing)
 .debug_str     0x00144b95        0x0 build/stm32h5xx_hal_uart_ex.o
                             0x13b658 (size before relaxing)
 .debug_str     0x00144b95        0x0 build/stm32h5xx_hal_rcc.o
                             0x13b786 (size before relaxing)
 .debug_str     0x00144b95        0x0 build/stm32h5xx_hal_rcc_ex.o
                             0x13bad0 (size before relaxing)
 .debug_str     0x00144b95        0x0 build/stm32h5xx_hal_msp.o
                             0x13d536 (size before relaxing)
 .debug_str     0x00144b95        0x0 build/stm32h5xx_hal_dma.o
                             0x13b331 (size before relaxing)
 .debug_str     0x00144b95        0x0 build/stm32h5xx_hal_eth.o
                             0x13ca35 (size before relaxing)
 .debug_str     0x00144b95        0x0 build/stm32h5xx_hal_fdcan.o
                             0x13c3a1 (size before relaxing)
 .debug_str     0x00144b95        0x0 build/stm32h5xx_hal_i2c.o
                             0x13c1f4 (size before relaxing)
 .debug_str     0x00144b95        0x0 build/stm32h5xx_hal_i2c_ex.o
                             0x13b315 (size before relaxing)
 .debug_str     0x00144b95        0x0 build/stm32h5xx_hal_icache.o
                             0x13b2cf (size before relaxing)
 .debug_str     0x00144b95        0x0 build/stm32h5xx_ll_sdmmc.o
                             0x13b525 (size before relaxing)
 .debug_str     0x00144b95        0x0 build/stm32h5xx_hal_sd.o
                             0x13ba87 (size before relaxing)
 .debug_str     0x00144b95        0x0 build/startup_stm32h563xx.o
                                 0x71 (size before relaxing)

.comment        0x00000000       0x46
 .comment       0x00000000       0x46 build/main.o
                                 0x47 (size before relaxing)
 .comment       0x00000046        0x0 build/stm32h5xx_it.o
                                 0x47 (size before relaxing)
 .comment       0x00000046        0x0 build/system_stm32h5xx.o
                                 0x47 (size before relaxing)
 .comment       0x00000046        0x0 build/stm32h5xx_hal.o
                                 0x47 (size before relaxing)
 .comment       0x00000046        0x0 build/stm32h5xx_hal_cortex.o
                                 0x47 (size before relaxing)
 .comment       0x00000046        0x0 build/stm32h5xx_hal_gpio.o
                                 0x47 (size before relaxing)
 .comment       0x00000046        0x0 build/stm32h5xx_hal_uart.o
                                 0x47 (size before relaxing)
 .comment       0x00000046        0x0 build/stm32h5xx_hal_uart_ex.o
                                 0x47 (size before relaxing)
 .comment       0x00000046        0x0 build/stm32h5xx_hal_rcc.o
                                 0x47 (size before relaxing)
 .comment       0x00000046        0x0 build/stm32h5xx_hal_rcc_ex.o
                                 0x47 (size before relaxing)
 .comment       0x00000046        0x0 build/stm32h5xx_hal_msp.o
                                 0x47 (size before relaxing)
 .comment       0x00000046        0x0 build/stm32h5xx_hal_dma.o
                                 0x47 (size before relaxing)
 .comment       0x00000046        0x0 build/stm32h5xx_hal_eth.o
                                 0x47 (size before relaxing)
 .comment       0x00000046        0x0 build/stm32h5xx_hal_fdcan.o
                                 0x47 (size before relaxing)
 .comment       0x00000046        0x0 build/stm32h5xx_hal_i2c.o
                                 0x47 (size before relaxing)
 .comment       0x00000046        0x0 build/stm32h5xx_hal_i2c_ex.o
                                 0x47 (size before relaxing)
 .comment       0x00000046        0x0 build/stm32h5xx_hal_icache.o
                                 0x47 (size before relaxing)
 .comment       0x00000046        0x0 build/stm32h5xx_ll_sdmmc.o
                                 0x47 (size before relaxing)
 .comment       0x00000046        0x0 build/stm32h5xx_hal_sd.o
                                 0x47 (size before relaxing)

.debug_frame    0x00000000     0x3b2c
 .debug_frame   0x00000000      0x144 build/main.o
 .debug_frame   0x00000144       0xc0 build/stm32h5xx_it.o
 .debug_frame   0x00000204       0x30 build/system_stm32h5xx.o
 .debug_frame   0x00000234      0x418 build/stm32h5xx_hal.o
 .debug_frame   0x0000064c      0x254 build/stm32h5xx_hal_cortex.o
 .debug_frame   0x000008a0      0x10c build/stm32h5xx_hal_gpio.o
 .debug_frame   0x000009ac      0x668 build/stm32h5xx_hal_uart.o
 .debug_frame   0x00001014      0x1d4 build/stm32h5xx_hal_uart_ex.o
 .debug_frame   0x000011e8      0x1b4 build/stm32h5xx_hal_rcc.o
 .debug_frame   0x0000139c      0x2b8 build/stm32h5xx_hal_rcc_ex.o
 .debug_frame   0x00001654      0x154 build/stm32h5xx_hal_msp.o
 .debug_frame   0x000017a8      0x19c build/stm32h5xx_hal_dma.o
 .debug_frame   0x00001944      0x4dc build/stm32h5xx_hal_eth.o
 .debug_frame   0x00001e20      0x4a0 build/stm32h5xx_hal_fdcan.o
 .debug_frame   0x000022c0      0x938 build/stm32h5xx_hal_i2c.o
 .debug_frame   0x00002bf8       0x60 build/stm32h5xx_hal_i2c_ex.o
 .debug_frame   0x00002c58      0x164 build/stm32h5xx_hal_icache.o
 .debug_frame   0x00002dbc      0x660 build/stm32h5xx_ll_sdmmc.o
 .debug_frame   0x0000341c      0x4a0 build/stm32h5xx_hal_sd.o
 .debug_frame   0x000038bc       0x2c C:/Program Files (x86)/Arm/GNU Toolchain mingw-w64-i686-arm-none-eabi/bin/../lib/gcc/arm-none-eabi/15.3.1/thumb/v8-m.main+fp/hard\libgcc.a(_aeabi_uldivmod.o)
 .debug_frame   0x000038e8       0x44 C:/Program Files (x86)/Arm/GNU Toolchain mingw-w64-i686-arm-none-eabi/bin/../lib/gcc/arm-none-eabi/15.3.1/thumb/v8-m.main+fp/hard\libgcc.a(_udivmoddi4.o)
 .debug_frame   0x0000392c       0x2c C:/Program Files (x86)/Arm/GNU Toolchain mingw-w64-i686-arm-none-eabi/bin/../lib/gcc/arm-none-eabi/15.3.1/../../../../arm-none-eabi/lib/thumb/v8-m.main+fp/hard\libc.a(libc_a-memset.o)
 .debug_frame   0x00003958       0x2c C:/Program Files (x86)/Arm/GNU Toolchain mingw-w64-i686-arm-none-eabi/bin/../lib/gcc/arm-none-eabi/15.3.1/../../../../arm-none-eabi/lib/thumb/v8-m.main+fp/hard\libc.a(libc_a-init.o)
 .debug_frame   0x00003984       0xb0 C:/Program Files (x86)/Arm/GNU Toolchain mingw-w64-i686-arm-none-eabi/bin/../lib/gcc/arm-none-eabi/15.3.1/../../../../arm-none-eabi/lib/thumb/v8-m.main+fp/hard\libc.a(libc_a-lock.o)
 .debug_frame   0x00003a34       0x6c C:/Program Files (x86)/Arm/GNU Toolchain mingw-w64-i686-arm-none-eabi/bin/../lib/gcc/arm-none-eabi/15.3.1/../../../../arm-none-eabi/lib/thumb/v8-m.main+fp/hard\libc.a(libc_a-__call_atexit.o)
 .debug_frame   0x00003aa0       0x20 C:/Program Files (x86)/Arm/GNU Toolchain mingw-w64-i686-arm-none-eabi/bin/../lib/gcc/arm-none-eabi/15.3.1/../../../../arm-none-eabi/lib/thumb/v8-m.main+fp/hard\libc.a(libc_a-atexit.o)
 .debug_frame   0x00003ac0       0x34 C:/Program Files (x86)/Arm/GNU Toolchain mingw-w64-i686-arm-none-eabi/bin/../lib/gcc/arm-none-eabi/15.3.1/../../../../arm-none-eabi/lib/thumb/v8-m.main+fp/hard\libc.a(libc_a-fini.o)
 .debug_frame   0x00003af4       0x38 C:/Program Files (x86)/Arm/GNU Toolchain mingw-w64-i686-arm-none-eabi/bin/../lib/gcc/arm-none-eabi/15.3.1/../../../../arm-none-eabi/lib/thumb/v8-m.main+fp/hard\libc.a(libc_a-__atexit.o)

.debug_loclists
                0x00000000    0x11b37
 .debug_loclists
                0x00000000       0xdb build/system_stm32h5xx.o
 .debug_loclists
                0x000000db      0x23c build/stm32h5xx_hal.o
 .debug_loclists
                0x00000317      0x596 build/stm32h5xx_hal_cortex.o
 .debug_loclists
                0x000008ad      0x28b build/stm32h5xx_hal_gpio.o
 .debug_loclists
                0x00000b38     0x2b33 build/stm32h5xx_hal_uart.o
 .debug_loclists
                0x0000366b      0x7b6 build/stm32h5xx_hal_uart_ex.o
 .debug_loclists
                0x00003e21      0x602 build/stm32h5xx_hal_rcc.o
 .debug_loclists
                0x00004423     0x410f build/stm32h5xx_hal_rcc_ex.o
 .debug_loclists
                0x00008532      0x22f build/stm32h5xx_hal_msp.o
 .debug_loclists
                0x00008761      0x752 build/stm32h5xx_hal_dma.o
 .debug_loclists
                0x00008eb3     0x11db build/stm32h5xx_hal_eth.o
 .debug_loclists
                0x0000a08e     0x1088 build/stm32h5xx_hal_fdcan.o
 .debug_loclists
                0x0000b116     0x3b82 build/stm32h5xx_hal_i2c.o
 .debug_loclists
                0x0000ec98      0x194 build/stm32h5xx_hal_i2c_ex.o
 .debug_loclists
                0x0000ee2c      0x2de build/stm32h5xx_hal_icache.o
 .debug_loclists
                0x0000f10a     0x113a build/stm32h5xx_ll_sdmmc.o
 .debug_loclists
                0x00010244     0x18f3 build/stm32h5xx_hal_sd.o

.debug_line_str
                0x00000000      0x14c
 .debug_line_str
                0x00000000      0x14c build/startup_stm32h563xx.o
                                 0x55 (size before relaxing)
 .debug_line_str
                0x0000014c        0x0 C:/Program Files (x86)/Arm/GNU Toolchain mingw-w64-i686-arm-none-eabi/bin/../lib/gcc/arm-none-eabi/15.3.1/thumb/v8-m.main+fp/hard\libgcc.a(_aeabi_uldivmod.o)
                                 0xeb (size before relaxing)
 .debug_line_str
                0x0000014c        0x0 C:/Program Files (x86)/Arm/GNU Toolchain mingw-w64-i686-arm-none-eabi/bin/../lib/gcc/arm-none-eabi/15.3.1/thumb/v8-m.main+fp/hard\libgcc.a(_dvmd_tls.o)
                                 0xef (size before relaxing)

Cross Reference Table

Symbol                                            File
ADC1_IRQHandler                                   build/startup_stm32h563xx.o
ADC2_IRQHandler                                   build/startup_stm32h563xx.o
AHBPrescTable                                     build/system_stm32h5xx.o
                                                  build/stm32h5xx_hal_rcc.o
                                                  build/stm32h5xx_hal.o
APBPrescTable                                     build/system_stm32h5xx.o
                                                  build/stm32h5xx_hal_rcc.o
BusFault_Handler                                  build/stm32h5xx_it.o
CEC_IRQHandler                                    build/startup_stm32h563xx.o
CORDIC_IRQHandler                                 build/startup_stm32h563xx.o
CRS_IRQHandler                                    build/startup_stm32h563xx.o
DAC1_IRQHandler                                   build/startup_stm32h563xx.o
DCACHE1_IRQHandler                                build/startup_stm32h563xx.o
DCMI_PSSI_IRQHandler                              build/startup_stm32h563xx.o
DMARxDscrTab                                      build/main.o
DMATxDscrTab                                      build/main.o
DTS_IRQHandler                                    build/startup_stm32h563xx.o
DebugMon_Handler                                  build/stm32h5xx_it.o
Default_Handler                                   build/startup_stm32h563xx.o
ETH_IRQHandler                                    build/startup_stm32h563xx.o
ETH_WKUP_IRQHandler                               build/startup_stm32h563xx.o
EXTI0_IRQHandler                                  build/startup_stm32h563xx.o
EXTI10_IRQHandler                                 build/startup_stm32h563xx.o
EXTI11_IRQHandler                                 build/startup_stm32h563xx.o
EXTI12_IRQHandler                                 build/startup_stm32h563xx.o
EXTI13_IRQHandler                                 build/startup_stm32h563xx.o
EXTI14_IRQHandler                                 build/startup_stm32h563xx.o
EXTI15_IRQHandler                                 build/startup_stm32h563xx.o
EXTI1_IRQHandler                                  build/startup_stm32h563xx.o
EXTI2_IRQHandler                                  build/startup_stm32h563xx.o
EXTI3_IRQHandler                                  build/startup_stm32h563xx.o
EXTI4_IRQHandler                                  build/startup_stm32h563xx.o
EXTI5_IRQHandler                                  build/startup_stm32h563xx.o
EXTI6_IRQHandler                                  build/startup_stm32h563xx.o
EXTI7_IRQHandler                                  build/startup_stm32h563xx.o
EXTI8_IRQHandler                                  build/startup_stm32h563xx.o
EXTI9_IRQHandler                                  build/startup_stm32h563xx.o
Error_Handler                                     build/main.o
                                                  build/stm32h5xx_hal_msp.o
FDCAN1_IT0_IRQHandler                             build/startup_stm32h563xx.o
FDCAN1_IT1_IRQHandler                             build/startup_stm32h563xx.o
FDCAN2_IT0_IRQHandler                             build/startup_stm32h563xx.o
FDCAN2_IT1_IRQHandler                             build/startup_stm32h563xx.o
FLASH_Erase_Sector                                build/stm32h5xx_hal_flash_ex.o
                                                  build/stm32h5xx_hal_flash.o
FLASH_IRQHandler                                  build/startup_stm32h563xx.o
FLASH_S_IRQHandler                                build/startup_stm32h563xx.o
FLASH_WaitForLastOperation                        build/stm32h5xx_hal_flash.o
                                                  build/stm32h5xx_hal_flash_ex.o
FMAC_IRQHandler                                   build/startup_stm32h563xx.o
FMC_IRQHandler                                    build/startup_stm32h563xx.o
FPU_IRQHandler                                    build/startup_stm32h563xx.o
GPDMA1_Channel0_IRQHandler                        build/startup_stm32h563xx.o
GPDMA1_Channel1_IRQHandler                        build/startup_stm32h563xx.o
GPDMA1_Channel2_IRQHandler                        build/startup_stm32h563xx.o
GPDMA1_Channel3_IRQHandler                        build/startup_stm32h563xx.o
GPDMA1_Channel4_IRQHandler                        build/startup_stm32h563xx.o
GPDMA1_Channel5_IRQHandler                        build/startup_stm32h563xx.o
GPDMA1_Channel6_IRQHandler                        build/startup_stm32h563xx.o
GPDMA1_Channel7_IRQHandler                        build/startup_stm32h563xx.o
GPDMA2_Channel0_IRQHandler                        build/startup_stm32h563xx.o
GPDMA2_Channel1_IRQHandler                        build/startup_stm32h563xx.o
GPDMA2_Channel2_IRQHandler                        build/startup_stm32h563xx.o
GPDMA2_Channel3_IRQHandler                        build/startup_stm32h563xx.o
GPDMA2_Channel4_IRQHandler                        build/startup_stm32h563xx.o
GPDMA2_Channel5_IRQHandler                        build/startup_stm32h563xx.o
GPDMA2_Channel6_IRQHandler                        build/startup_stm32h563xx.o
GPDMA2_Channel7_IRQHandler                        build/startup_stm32h563xx.o
GTZC_IRQHandler                                   build/startup_stm32h563xx.o
HAL_DBGMCU_DisableDBGStandbyMode                  build/stm32h5xx_hal.o
HAL_DBGMCU_DisableDBGStopMode                     build/stm32h5xx_hal.o
HAL_DBGMCU_EnableDBGStandbyMode                   build/stm32h5xx_hal.o
HAL_DBGMCU_EnableDBGStopMode                      build/stm32h5xx_hal.o
HAL_DMAEx_ConfigDataHandling                      build/stm32h5xx_hal_dma_ex.o
HAL_DMAEx_ConfigRepeatBlock                       build/stm32h5xx_hal_dma_ex.o
HAL_DMAEx_ConfigTrigger                           build/stm32h5xx_hal_dma_ex.o
HAL_DMAEx_GetFifoLevel                            build/stm32h5xx_hal_dma_ex.o
                                                  build/stm32h5xx_hal_i2c.o
HAL_DMAEx_List_BuildNode                          build/stm32h5xx_hal_dma_ex.o
HAL_DMAEx_List_ClearCircularMode                  build/stm32h5xx_hal_dma_ex.o
HAL_DMAEx_List_ConvertQToDynamic                  build/stm32h5xx_hal_dma_ex.o
HAL_DMAEx_List_ConvertQToStatic                   build/stm32h5xx_hal_dma_ex.o
HAL_DMAEx_List_DeInit                             build/stm32h5xx_hal_dma_ex.o
HAL_DMAEx_List_GetNodeConfig                      build/stm32h5xx_hal_dma_ex.o
HAL_DMAEx_List_Init                               build/stm32h5xx_hal_dma_ex.o
HAL_DMAEx_List_InsertNode                         build/stm32h5xx_hal_dma_ex.o
HAL_DMAEx_List_InsertNode_Head                    build/stm32h5xx_hal_dma_ex.o
HAL_DMAEx_List_InsertNode_Tail                    build/stm32h5xx_hal_dma_ex.o
HAL_DMAEx_List_InsertQ                            build/stm32h5xx_hal_dma_ex.o
HAL_DMAEx_List_InsertQ_Head                       build/stm32h5xx_hal_dma_ex.o
HAL_DMAEx_List_InsertQ_Tail                       build/stm32h5xx_hal_dma_ex.o
HAL_DMAEx_List_LinkQ                              build/stm32h5xx_hal_dma_ex.o
HAL_DMAEx_List_RemoveNode                         build/stm32h5xx_hal_dma_ex.o
HAL_DMAEx_List_RemoveNode_Head                    build/stm32h5xx_hal_dma_ex.o
HAL_DMAEx_List_RemoveNode_Tail                    build/stm32h5xx_hal_dma_ex.o
HAL_DMAEx_List_ReplaceNode                        build/stm32h5xx_hal_dma_ex.o
HAL_DMAEx_List_ReplaceNode_Head                   build/stm32h5xx_hal_dma_ex.o
HAL_DMAEx_List_ReplaceNode_Tail                   build/stm32h5xx_hal_dma_ex.o
HAL_DMAEx_List_ResetQ                             build/stm32h5xx_hal_dma_ex.o
HAL_DMAEx_List_SetCircularMode                    build/stm32h5xx_hal_dma_ex.o
HAL_DMAEx_List_SetCircularModeConfig              build/stm32h5xx_hal_dma_ex.o
HAL_DMAEx_List_Start                              build/stm32h5xx_hal_dma_ex.o
HAL_DMAEx_List_Start_IT                           build/stm32h5xx_hal_dma_ex.o
                                                  build/stm32h5xx_hal_i2c.o
                                                  build/stm32h5xx_hal_uart.o
HAL_DMAEx_List_UnLinkQ                            build/stm32h5xx_hal_dma_ex.o
HAL_DMAEx_Resume                                  build/stm32h5xx_hal_dma_ex.o
                                                  build/stm32h5xx_hal_uart.o
HAL_DMAEx_Suspend                                 build/stm32h5xx_hal_dma_ex.o
                                                  build/stm32h5xx_hal_uart.o
HAL_DMAEx_Suspend_IT                              build/stm32h5xx_hal_dma_ex.o
HAL_DMA_Abort                                     build/stm32h5xx_hal_dma.o
                                                  build/stm32h5xx_hal_uart.o
HAL_DMA_Abort_IT                                  build/stm32h5xx_hal_dma.o
                                                  build/stm32h5xx_hal_i2c.o
                                                  build/stm32h5xx_hal_uart.o
HAL_DMA_ConfigChannelAttributes                   build/stm32h5xx_hal_dma.o
HAL_DMA_DeInit                                    build/stm32h5xx_hal_dma.o
HAL_DMA_GetConfigChannelAttributes                build/stm32h5xx_hal_dma.o
HAL_DMA_GetError                                  build/stm32h5xx_hal_dma.o
                                                  build/stm32h5xx_hal_uart.o
HAL_DMA_GetLockChannelAttributes                  build/stm32h5xx_hal_dma.o
HAL_DMA_GetState                                  build/stm32h5xx_hal_dma.o
                                                  build/stm32h5xx_hal_i2c.o
HAL_DMA_IRQHandler                                build/stm32h5xx_hal_dma.o
HAL_DMA_Init                                      build/stm32h5xx_hal_dma.o
HAL_DMA_PollForTransfer                           build/stm32h5xx_hal_dma.o
HAL_DMA_RegisterCallback                          build/stm32h5xx_hal_dma.o
HAL_DMA_Start                                     build/stm32h5xx_hal_dma.o
HAL_DMA_Start_IT                                  build/stm32h5xx_hal_dma.o
                                                  build/stm32h5xx_hal_i2c.o
                                                  build/stm32h5xx_hal_uart.o
HAL_DMA_UnRegisterCallback                        build/stm32h5xx_hal_dma.o
HAL_DeInit                                        build/stm32h5xx_hal.o
HAL_Delay                                         build/stm32h5xx_hal.o
                                                  build/stm32h5xx_hal_sd.o
HAL_DisableVREFBUF                                build/stm32h5xx_hal.o
HAL_ETHEx_DisableARPOffload                       build/stm32h5xx_hal_eth_ex.o
HAL_ETHEx_DisableL3L4Filtering                    build/stm32h5xx_hal_eth_ex.o
HAL_ETHEx_DisableVLANProcessing                   build/stm32h5xx_hal_eth_ex.o
HAL_ETHEx_EnableARPOffload                        build/stm32h5xx_hal_eth_ex.o
HAL_ETHEx_EnableL3L4Filtering                     build/stm32h5xx_hal_eth_ex.o
HAL_ETHEx_EnableVLANProcessing                    build/stm32h5xx_hal_eth_ex.o
HAL_ETHEx_EnterLPIMode                            build/stm32h5xx_hal_eth_ex.o
HAL_ETHEx_ExitLPIMode                             build/stm32h5xx_hal_eth_ex.o
HAL_ETHEx_GetL3FilterConfig                       build/stm32h5xx_hal_eth_ex.o
HAL_ETHEx_GetL4FilterConfig                       build/stm32h5xx_hal_eth_ex.o
HAL_ETHEx_GetMACLPIEvent                          build/stm32h5xx_hal_eth_ex.o
HAL_ETHEx_GetRxVLANConfig                         build/stm32h5xx_hal_eth_ex.o
HAL_ETHEx_GetTxVLANConfig                         build/stm32h5xx_hal_eth_ex.o
HAL_ETHEx_SetARPAddressMatch                      build/stm32h5xx_hal_eth_ex.o
HAL_ETHEx_SetL3FilterConfig                       build/stm32h5xx_hal_eth_ex.o
HAL_ETHEx_SetL4FilterConfig                       build/stm32h5xx_hal_eth_ex.o
HAL_ETHEx_SetRxVLANConfig                         build/stm32h5xx_hal_eth_ex.o
HAL_ETHEx_SetTxVLANConfig                         build/stm32h5xx_hal_eth_ex.o
HAL_ETHEx_SetTxVLANIdentifier                     build/stm32h5xx_hal_eth_ex.o
HAL_ETHEx_SetVLANHashTable                        build/stm32h5xx_hal_eth_ex.o
HAL_ETH_DeInit                                    build/stm32h5xx_hal_eth.o
HAL_ETH_EEECallback                               build/stm32h5xx_hal_eth.o
HAL_ETH_EnterPowerDownMode                        build/stm32h5xx_hal_eth.o
HAL_ETH_ErrorCallback                             build/stm32h5xx_hal_eth.o
HAL_ETH_ExitPowerDownMode                         build/stm32h5xx_hal_eth.o
HAL_ETH_GetDMAConfig                              build/stm32h5xx_hal_eth.o
HAL_ETH_GetDMAError                               build/stm32h5xx_hal_eth.o
HAL_ETH_GetError                                  build/stm32h5xx_hal_eth.o
HAL_ETH_GetMACConfig                              build/stm32h5xx_hal_eth.o
HAL_ETH_GetMACError                               build/stm32h5xx_hal_eth.o
HAL_ETH_GetMACFilterConfig                        build/stm32h5xx_hal_eth.o
HAL_ETH_GetMACWakeUpSource                        build/stm32h5xx_hal_eth.o
HAL_ETH_GetRxDataErrorCode                        build/stm32h5xx_hal_eth.o
HAL_ETH_GetState                                  build/stm32h5xx_hal_eth.o
HAL_ETH_GetTxBuffersNumber                        build/stm32h5xx_hal_eth.o
HAL_ETH_IRQHandler                                build/stm32h5xx_hal_eth.o
HAL_ETH_Init                                      build/stm32h5xx_hal_eth.o
                                                  build/main.o
HAL_ETH_MspDeInit                                 build/stm32h5xx_hal_msp.o
HAL_ETH_MspInit                                   build/stm32h5xx_hal_msp.o
HAL_ETH_PMTCallback                               build/stm32h5xx_hal_eth.o
HAL_ETH_ReadData                                  build/stm32h5xx_hal_eth.o
HAL_ETH_ReadPHYRegister                           build/stm32h5xx_hal_eth.o
HAL_ETH_RegisterRxAllocateCallback                build/stm32h5xx_hal_eth.o
HAL_ETH_RegisterRxLinkCallback                    build/stm32h5xx_hal_eth.o
HAL_ETH_RegisterTxFreeCallback                    build/stm32h5xx_hal_eth.o
HAL_ETH_ReleaseTxPacket                           build/stm32h5xx_hal_eth.o
HAL_ETH_RxAllocateCallback                        build/stm32h5xx_hal_eth.o
HAL_ETH_RxCpltCallback                            build/stm32h5xx_hal_eth.o
HAL_ETH_RxLinkCallback                            build/stm32h5xx_hal_eth.o
HAL_ETH_SetDMAConfig                              build/stm32h5xx_hal_eth.o
HAL_ETH_SetHashTable                              build/stm32h5xx_hal_eth.o
HAL_ETH_SetMACConfig                              build/stm32h5xx_hal_eth.o
HAL_ETH_SetMACFilterConfig                        build/stm32h5xx_hal_eth.o
HAL_ETH_SetMDIOClockRange                         build/stm32h5xx_hal_eth.o
HAL_ETH_SetRxVLANIdentifier                       build/stm32h5xx_hal_eth.o
HAL_ETH_SetSourceMACAddrMatch                     build/stm32h5xx_hal_eth.o
HAL_ETH_SetWakeUpFilter                           build/stm32h5xx_hal_eth.o
HAL_ETH_Start                                     build/stm32h5xx_hal_eth.o
HAL_ETH_Start_IT                                  build/stm32h5xx_hal_eth.o
HAL_ETH_Stop                                      build/stm32h5xx_hal_eth.o
HAL_ETH_Stop_IT                                   build/stm32h5xx_hal_eth.o
HAL_ETH_Transmit                                  build/stm32h5xx_hal_eth.o
HAL_ETH_Transmit_IT                               build/stm32h5xx_hal_eth.o
HAL_ETH_TxCpltCallback                            build/stm32h5xx_hal_eth.o
HAL_ETH_TxFreeCallback                            build/stm32h5xx_hal_eth.o
HAL_ETH_UnRegisterRxAllocateCallback              build/stm32h5xx_hal_eth.o
HAL_ETH_UnRegisterRxLinkCallback                  build/stm32h5xx_hal_eth.o
HAL_ETH_UnRegisterTxFreeCallback                  build/stm32h5xx_hal_eth.o
HAL_ETH_WakeUpCallback                            build/stm32h5xx_hal_eth.o
HAL_ETH_WritePHYRegister                          build/stm32h5xx_hal_eth.o
HAL_EXTI_ClearConfigLine                          build/stm32h5xx_hal_exti.o
HAL_EXTI_ClearPending                             build/stm32h5xx_hal_exti.o
HAL_EXTI_ConfigLineAttributes                     build/stm32h5xx_hal_exti.o
HAL_EXTI_GenerateSWI                              build/stm32h5xx_hal_exti.o
HAL_EXTI_GetConfigLine                            build/stm32h5xx_hal_exti.o
HAL_EXTI_GetConfigLineAttributes                  build/stm32h5xx_hal_exti.o
HAL_EXTI_GetHandle                                build/stm32h5xx_hal_exti.o
HAL_EXTI_GetPending                               build/stm32h5xx_hal_exti.o
HAL_EXTI_IRQHandler                               build/stm32h5xx_hal_exti.o
HAL_EXTI_RegisterCallback                         build/stm32h5xx_hal_exti.o
HAL_EXTI_SetConfigLine                            build/stm32h5xx_hal_exti.o
HAL_EnableVREFBUF                                 build/stm32h5xx_hal.o
HAL_FDCAN_AbortTxRequest                          build/stm32h5xx_hal_fdcan.o
HAL_FDCAN_ActivateNotification                    build/stm32h5xx_hal_fdcan.o
HAL_FDCAN_AddMessageToTxFifoQ                     build/stm32h5xx_hal_fdcan.o
HAL_FDCAN_ConfigExtendedIdMask                    build/stm32h5xx_hal_fdcan.o
HAL_FDCAN_ConfigFilter                            build/stm32h5xx_hal_fdcan.o
HAL_FDCAN_ConfigGlobalFilter                      build/stm32h5xx_hal_fdcan.o
HAL_FDCAN_ConfigInterruptLines                    build/stm32h5xx_hal_fdcan.o
HAL_FDCAN_ConfigRamWatchdog                       build/stm32h5xx_hal_fdcan.o
HAL_FDCAN_ConfigRxFifoOverwrite                   build/stm32h5xx_hal_fdcan.o
HAL_FDCAN_ConfigTimeoutCounter                    build/stm32h5xx_hal_fdcan.o
HAL_FDCAN_ConfigTimestampCounter                  build/stm32h5xx_hal_fdcan.o
HAL_FDCAN_ConfigTxDelayCompensation               build/stm32h5xx_hal_fdcan.o
HAL_FDCAN_DeInit                                  build/stm32h5xx_hal_fdcan.o
HAL_FDCAN_DeactivateNotification                  build/stm32h5xx_hal_fdcan.o
HAL_FDCAN_DisableEdgeFiltering                    build/stm32h5xx_hal_fdcan.o
HAL_FDCAN_DisableISOMode                          build/stm32h5xx_hal_fdcan.o
HAL_FDCAN_DisableTimeoutCounter                   build/stm32h5xx_hal_fdcan.o
HAL_FDCAN_DisableTimestampCounter                 build/stm32h5xx_hal_fdcan.o
HAL_FDCAN_DisableTxDelayCompensation              build/stm32h5xx_hal_fdcan.o
HAL_FDCAN_EnableEdgeFiltering                     build/stm32h5xx_hal_fdcan.o
HAL_FDCAN_EnableISOMode                           build/stm32h5xx_hal_fdcan.o
HAL_FDCAN_EnableTimeoutCounter                    build/stm32h5xx_hal_fdcan.o
HAL_FDCAN_EnableTimestampCounter                  build/stm32h5xx_hal_fdcan.o
HAL_FDCAN_EnableTxDelayCompensation               build/stm32h5xx_hal_fdcan.o
HAL_FDCAN_EnterPowerDownMode                      build/stm32h5xx_hal_fdcan.o
HAL_FDCAN_ErrorCallback                           build/stm32h5xx_hal_fdcan.o
HAL_FDCAN_ErrorStatusCallback                     build/stm32h5xx_hal_fdcan.o
HAL_FDCAN_ExitPowerDownMode                       build/stm32h5xx_hal_fdcan.o
HAL_FDCAN_ExitRestrictedOperationMode             build/stm32h5xx_hal_fdcan.o
HAL_FDCAN_GetError                                build/stm32h5xx_hal_fdcan.o
HAL_FDCAN_GetErrorCounters                        build/stm32h5xx_hal_fdcan.o